<?xml version="1.0" encoding="ISO-8859-1" ?>
<link_info>
   <banner>TI ARM Linker PC v20.2.7.LTS</banner>
   <copyright>Copyright (c) 1996-2018 Texas Instruments Incorporated</copyright>
   <link_time>0x6749ae27</link_time>
   <link_errors>0x0</link_errors>
   <output_file>gpiointerrupt_CC3220S_LAUNCHXL_nortos_ccs.out</output_file>
   <entry_point>
      <name>resetISR</name>
      <address>0x2000e9c9</address>
   </entry_point>
   <input_file_list>
      <input_file id="fl-2">
         <path>.\</path>
         <kind>object</kind>
         <file>gpiointerrupt.obj</file>
         <name>gpiointerrupt.obj</name>
      </input_file>
      <input_file id="fl-3">
         <path>.\syscfg\</path>
         <kind>object</kind>
         <file>ti_drivers_config.obj</file>
         <name>ti_drivers_config.obj</name>
      </input_file>
      <input_file id="fl-4">
         <path>.\</path>
         <kind>object</kind>
         <file>main_nortos.obj</file>
         <name>main_nortos.obj</name>
      </input_file>
      <input_file id="fl-d">
         <kind>object</kind>
         <file>&lt;internal&gt;</file>
         <name>&lt;internal&gt;</name>
      </input_file>
      <input_file id="fl-e">
         <path>C:\ti\simplelink_cc32xx_sdk_4_30_00_06\source\ti\drivers\lib\ccs\m4\</path>
         <kind>archive</kind>
         <file>drivers_cc32xx.a</file>
         <name>Timer.oem4</name>
      </input_file>
      <input_file id="fl-f">
         <path>C:\ti\simplelink_cc32xx_sdk_4_30_00_06\source\ti\drivers\lib\ccs\m4\</path>
         <kind>archive</kind>
         <file>drivers_cc32xx.a</file>
         <name>GPIOCC32XX.oem4</name>
      </input_file>
      <input_file id="fl-10">
         <path>C:\ti\simplelink_cc32xx_sdk_4_30_00_06\source\ti\drivers\lib\ccs\m4\</path>
         <kind>archive</kind>
         <file>drivers_cc32xx.a</file>
         <name>PowerCC32XX.oem4</name>
      </input_file>
      <input_file id="fl-11">
         <path>C:\ti\simplelink_cc32xx_sdk_4_30_00_06\source\ti\drivers\lib\ccs\m4\</path>
         <kind>archive</kind>
         <file>drivers_cc32xx.a</file>
         <name>PowerCC32XX_asm.oem4</name>
      </input_file>
      <input_file id="fl-12">
         <path>C:\ti\simplelink_cc32xx_sdk_4_30_00_06\source\ti\drivers\lib\ccs\m4\</path>
         <kind>archive</kind>
         <file>drivers_cc32xx.a</file>
         <name>TimerCC32XX.oem4</name>
      </input_file>
      <input_file id="fl-13">
         <path>C:\ti\simplelink_cc32xx_sdk_4_30_00_06\source\ti\drivers\lib\ccs\m4\</path>
         <kind>archive</kind>
         <file>drivers_cc32xx.a</file>
         <name>List.oem4</name>
      </input_file>
      <input_file id="fl-14">
         <path>C:\ti\simplelink_cc32xx_sdk_4_30_00_06\kernel\nortos\lib\ccs\m4\</path>
         <kind>archive</kind>
         <file>nortos_cc32xx.a</file>
         <name>NoRTOS.oem4</name>
      </input_file>
      <input_file id="fl-15">
         <path>C:\ti\simplelink_cc32xx_sdk_4_30_00_06\kernel\nortos\lib\ccs\m4\</path>
         <kind>archive</kind>
         <file>nortos_cc32xx.a</file>
         <name>SemaphoreP_nortos.oem4</name>
      </input_file>
      <input_file id="fl-16">
         <path>C:\ti\simplelink_cc32xx_sdk_4_30_00_06\kernel\nortos\lib\ccs\m4\</path>
         <kind>archive</kind>
         <file>nortos_cc32xx.a</file>
         <name>ClockPSysTick_nortos.oem4</name>
      </input_file>
      <input_file id="fl-17">
         <path>C:\ti\simplelink_cc32xx_sdk_4_30_00_06\kernel\nortos\lib\ccs\m4\</path>
         <kind>archive</kind>
         <file>nortos_cc32xx.a</file>
         <name>HwiPCC32XX_nortos.oem4</name>
      </input_file>
      <input_file id="fl-18">
         <path>C:\ti\simplelink_cc32xx_sdk_4_30_00_06\kernel\nortos\lib\ccs\m4\</path>
         <kind>archive</kind>
         <file>nortos_cc32xx.a</file>
         <name>PowerCC32XX_nortos.oem4</name>
      </input_file>
      <input_file id="fl-19">
         <path>C:\ti\simplelink_cc32xx_sdk_4_30_00_06\kernel\nortos\lib\ccs\m4\</path>
         <kind>archive</kind>
         <file>nortos_cc32xx.a</file>
         <name>startup_cc32xx_ccs.oem4</name>
      </input_file>
      <input_file id="fl-1a">
         <path>C:\ti\simplelink_cc32xx_sdk_4_30_00_06\kernel\nortos\lib\ccs\m4\</path>
         <kind>archive</kind>
         <file>nortos_cc32xx.a</file>
         <name>SwiP_nortos.oem4</name>
      </input_file>
      <input_file id="fl-1b">
         <path>C:\ti\simplelink_cc32xx_sdk_4_30_00_06\kernel\nortos\lib\ccs\m4\</path>
         <kind>archive</kind>
         <file>nortos_cc32xx.a</file>
         <name>QueueP_nortos.oem4</name>
      </input_file>
      <input_file id="fl-1c">
         <path>C:\ti\simplelink_cc32xx_sdk_4_30_00_06\source\ti\devices\cc32xx\driverlib\ccs\Release\</path>
         <kind>archive</kind>
         <file>driverlib.a</file>
         <name>cpu.obj</name>
      </input_file>
      <input_file id="fl-1d">
         <path>C:\ti\simplelink_cc32xx_sdk_4_30_00_06\source\ti\devices\cc32xx\driverlib\ccs\Release\</path>
         <kind>archive</kind>
         <file>driverlib.a</file>
         <name>interrupt.obj</name>
      </input_file>
      <input_file id="fl-1e">
         <path>C:\ti\simplelink_cc32xx_sdk_4_30_00_06\source\ti\devices\cc32xx\driverlib\ccs\Release\</path>
         <kind>archive</kind>
         <file>driverlib.a</file>
         <name>pin.obj</name>
      </input_file>
      <input_file id="fl-1f">
         <path>C:\ti\simplelink_cc32xx_sdk_4_30_00_06\source\ti\devices\cc32xx\driverlib\ccs\Release\</path>
         <kind>archive</kind>
         <file>driverlib.a</file>
         <name>prcm.obj</name>
      </input_file>
      <input_file id="fl-20">
         <path>C:\ti\simplelink_cc32xx_sdk_4_30_00_06\source\ti\devices\cc32xx\driverlib\ccs\Release\</path>
         <kind>archive</kind>
         <file>driverlib.a</file>
         <name>timer.obj</name>
      </input_file>
      <input_file id="fl-21">
         <path>C:\ti\simplelink_cc32xx_sdk_4_30_00_06\source\ti\devices\cc32xx\driverlib\ccs\Release\</path>
         <kind>archive</kind>
         <file>driverlib.a</file>
         <name>utils.obj</name>
      </input_file>
      <input_file id="fl-22">
         <path>C:\ti\simplelink_cc32xx_sdk_4_30_00_06\source\ti\devices\cc32xx\driverlib\ccs\Release\</path>
         <kind>archive</kind>
         <file>driverlib.a</file>
         <name>flash.obj</name>
      </input_file>
      <input_file id="fl-d8">
         <path>C:\ti\ccs1010\ccs\tools\compiler\ti-cgt-arm_20.2.7.LTS\lib\</path>
         <kind>archive</kind>
         <file>rtsv7M4_T_le_eabi.lib</file>
         <name>ll_mul_t2.asm.obj</name>
      </input_file>
      <input_file id="fl-d9">
         <path>C:\ti\ccs1010\ccs\tools\compiler\ti-cgt-arm_20.2.7.LTS\lib\</path>
         <kind>archive</kind>
         <file>rtsv7M4_T_le_eabi.lib</file>
         <name>memcpy_t2.asm.obj</name>
      </input_file>
      <input_file id="fl-da">
         <path>C:\ti\ccs1010\ccs\tools\compiler\ti-cgt-arm_20.2.7.LTS\lib\</path>
         <kind>archive</kind>
         <file>rtsv7M4_T_le_eabi.lib</file>
         <name>ull_div_t2.asm.obj</name>
      </input_file>
      <input_file id="fl-db">
         <path>C:\ti\ccs1010\ccs\tools\compiler\ti-cgt-arm_20.2.7.LTS\lib\</path>
         <kind>archive</kind>
         <file>rtsv7M4_T_le_eabi.lib</file>
         <name>copy_zero_init.c.obj</name>
      </input_file>
      <input_file id="fl-dc">
         <path>C:\ti\ccs1010\ccs\tools\compiler\ti-cgt-arm_20.2.7.LTS\lib\</path>
         <kind>archive</kind>
         <file>rtsv7M4_T_le_eabi.lib</file>
         <name>copy_decompress_none.c.obj</name>
      </input_file>
      <input_file id="fl-dd">
         <path>C:\ti\ccs1010\ccs\tools\compiler\ti-cgt-arm_20.2.7.LTS\lib\</path>
         <kind>archive</kind>
         <file>rtsv7M4_T_le_eabi.lib</file>
         <name>copy_decompress_lzss.c.obj</name>
      </input_file>
      <input_file id="fl-de">
         <path>C:\ti\ccs1010\ccs\tools\compiler\ti-cgt-arm_20.2.7.LTS\lib\</path>
         <kind>archive</kind>
         <file>rtsv7M4_T_le_eabi.lib</file>
         <name>memory.c.obj</name>
      </input_file>
      <input_file id="fl-df">
         <path>C:\ti\ccs1010\ccs\tools\compiler\ti-cgt-arm_20.2.7.LTS\lib\</path>
         <kind>archive</kind>
         <file>rtsv7M4_T_le_eabi.lib</file>
         <name>boot_cortex_m.c.obj</name>
      </input_file>
      <input_file id="fl-e0">
         <path>C:\ti\ccs1010\ccs\tools\compiler\ti-cgt-arm_20.2.7.LTS\lib\</path>
         <kind>archive</kind>
         <file>rtsv7M4_T_le_eabi.lib</file>
         <name>div0.asm.obj</name>
      </input_file>
      <input_file id="fl-e1">
         <path>C:\ti\ccs1010\ccs\tools\compiler\ti-cgt-arm_20.2.7.LTS\lib\</path>
         <kind>archive</kind>
         <file>rtsv7M4_T_le_eabi.lib</file>
         <name>memset_t2.asm.obj</name>
      </input_file>
      <input_file id="fl-e2">
         <path>C:\ti\ccs1010\ccs\tools\compiler\ti-cgt-arm_20.2.7.LTS\lib\</path>
         <kind>archive</kind>
         <file>rtsv7M4_T_le_eabi.lib</file>
         <name>autoinit.c.obj</name>
      </input_file>
      <input_file id="fl-e3">
         <path>C:\ti\ccs1010\ccs\tools\compiler\ti-cgt-arm_20.2.7.LTS\lib\</path>
         <kind>archive</kind>
         <file>rtsv7M4_T_le_eabi.lib</file>
         <name>pre_init.c.obj</name>
      </input_file>
      <input_file id="fl-e4">
         <path>C:\ti\ccs1010\ccs\tools\compiler\ti-cgt-arm_20.2.7.LTS\lib\</path>
         <kind>archive</kind>
         <file>rtsv7M4_T_le_eabi.lib</file>
         <name>cpy_tbl.c.obj</name>
      </input_file>
      <input_file id="fl-e5">
         <path>C:\ti\ccs1010\ccs\tools\compiler\ti-cgt-arm_20.2.7.LTS\lib\</path>
         <kind>archive</kind>
         <file>rtsv7M4_T_le_eabi.lib</file>
         <name>exit.c.obj</name>
      </input_file>
      <input_file id="fl-e6">
         <path>C:\ti\ccs1010\ccs\tools\compiler\ti-cgt-arm_20.2.7.LTS\lib\</path>
         <kind>archive</kind>
         <file>rtsv7M4_T_le_eabi.lib</file>
         <name>_lock.c.obj</name>
      </input_file>
      <input_file id="fl-e7">
         <path>C:\ti\ccs1010\ccs\tools\compiler\ti-cgt-arm_20.2.7.LTS\lib\</path>
         <kind>archive</kind>
         <file>rtsv7M4_T_le_eabi.lib</file>
         <name>args_main.c.obj</name>
      </input_file>
   </input_file_list>
   <object_component_list>
      <object_component id="oc-1c0">
         <name>.text:PRCMCC3200MCUInit</name>
         <load_address>0x2000c040</load_address>
         <run_address>0x2000c040</run_address>
         <size>0x42c</size>
         <input_file_ref idref="fl-1f"/>
      </object_component>
      <object_component id="oc-1e0">
         <name>.text:GPIO_setConfig</name>
         <load_address>0x2000c46c</load_address>
         <run_address>0x2000c46c</run_address>
         <size>0x1e4</size>
         <input_file_ref idref="fl-f"/>
      </object_component>
      <object_component id="oc-35f">
         <name>.text:PowerCC32XX_sleepPolicy</name>
         <load_address>0x2000c650</load_address>
         <run_address>0x2000c650</run_address>
         <size>0x19c</size>
         <input_file_ref idref="fl-18"/>
      </object_component>
      <object_component id="oc-51c">
         <name>.text:parkPins</name>
         <load_address>0x2000c7ec</load_address>
         <run_address>0x2000c7ec</run_address>
         <size>0x148</size>
         <input_file_ref idref="fl-10"/>
      </object_component>
      <object_component id="oc-465">
         <name>.text:Power_sleep</name>
         <load_address>0x2000c934</load_address>
         <run_address>0x2000c934</run_address>
         <size>0x138</size>
         <input_file_ref idref="fl-10"/>
      </object_component>
      <object_component id="oc-581">
         <name>.text:TimerCC32XX_open</name>
         <load_address>0x2000ca6c</load_address>
         <run_address>0x2000ca6c</run_address>
         <size>0x128</size>
         <input_file_ref idref="fl-12"/>
      </object_component>
      <object_component id="oc-4e4">
         <name>.text:aligned_alloc</name>
         <load_address>0x2000cb94</load_address>
         <run_address>0x2000cb94</run_address>
         <size>0x100</size>
         <input_file_ref idref="fl-de"/>
      </object_component>
      <object_component id="oc-37b">
         <name>.text:free</name>
         <load_address>0x2000cc94</load_address>
         <run_address>0x2000cc94</run_address>
         <size>0xe4</size>
         <input_file_ref idref="fl-de"/>
      </object_component>
      <object_component id="oc-1d4">
         <name>.text:GPIO_init</name>
         <load_address>0x2000cd78</load_address>
         <run_address>0x2000cd78</run_address>
         <size>0xc4</size>
         <input_file_ref idref="fl-f"/>
      </object_component>
      <object_component id="oc-539">
         <name>.text:restoreParkedPins</name>
         <load_address>0x2000ce3c</load_address>
         <run_address>0x2000ce3c</run_address>
         <size>0xc0</size>
         <input_file_ref idref="fl-10"/>
      </object_component>
      <object_component id="oc-b5">
         <name>.text:IntEnable</name>
         <load_address>0x2000cefc</load_address>
         <run_address>0x2000cefc</run_address>
         <size>0xa8</size>
         <input_file_ref idref="fl-1d"/>
      </object_component>
      <object_component id="oc-277">
         <name>.text:PowerCC32XX_configureWakeup</name>
         <load_address>0x2000cfa4</load_address>
         <run_address>0x2000cfa4</run_address>
         <size>0xa8</size>
         <input_file_ref idref="fl-10"/>
      </object_component>
      <object_component id="oc-29d">
         <name>.text:SemaphoreP_pend</name>
         <load_address>0x2000d04c</load_address>
         <run_address>0x2000d04c</run_address>
         <size>0xa0</size>
         <input_file_ref idref="fl-15"/>
      </object_component>
      <object_component id="oc-3b">
         <name>.text</name>
         <load_address>0x2000d0ec</load_address>
         <run_address>0x2000d0ec</run_address>
         <size>0x9c</size>
         <input_file_ref idref="fl-d9"/>
      </object_component>
      <object_component id="oc-2b9">
         <name>.text:powerNotifyFxn</name>
         <load_address>0x2000d188</load_address>
         <run_address>0x2000d188</run_address>
         <size>0x98</size>
         <input_file_ref idref="fl-f"/>
      </object_component>
      <object_component id="oc-460">
         <name>.text</name>
         <load_address>0x2000d220</load_address>
         <run_address>0x2000d220</run_address>
         <size>0x96</size>
         <input_file_ref idref="fl-da"/>
      </object_component>
      <object_component id="oc-1cc">
         <name>.text:Board_initHook</name>
         <load_address>0x2000d2b6</load_address>
         <run_address>0x2000d2b6</run_address>
         <size>0x2</size>
         <input_file_ref idref="fl-3"/>
      </object_component>
      <object_component id="oc-52d">
         <name>.text:restoreNVICRegs</name>
         <load_address>0x2000d2b8</load_address>
         <run_address>0x2000d2b8</run_address>
         <size>0x90</size>
         <input_file_ref idref="fl-10"/>
      </object_component>
      <object_component id="oc-3f3">
         <name>.text:HwiP_construct</name>
         <load_address>0x2000d348</load_address>
         <run_address>0x2000d348</run_address>
         <size>0x8c</size>
         <input_file_ref idref="fl-17"/>
      </object_component>
      <object_component id="oc-3e3">
         <name>.text:Message_State_SM</name>
         <load_address>0x2000d3d4</load_address>
         <run_address>0x2000d3d4</run_address>
         <size>0x8c</size>
         <input_file_ref idref="fl-2"/>
      </object_component>
      <object_component id="oc-602">
         <name>.text:IntPendSet</name>
         <load_address>0x2000d460</load_address>
         <run_address>0x2000d460</run_address>
         <size>0x88</size>
         <input_file_ref idref="fl-1d"/>
      </object_component>
      <object_component id="oc-2e2">
         <name>.text:PinConfigSet</name>
         <load_address>0x2000d4e8</load_address>
         <run_address>0x2000d4e8</run_address>
         <size>0x88</size>
         <input_file_ref idref="fl-1e"/>
      </object_component>
      <object_component id="oc-587">
         <name>.text:TimerCC32XX_setPeriod</name>
         <load_address>0x2000d570</load_address>
         <run_address>0x2000d570</run_address>
         <size>0x88</size>
         <input_file_ref idref="fl-12"/>
      </object_component>
      <object_component id="oc-1c6">
         <name>.text:Power_init</name>
         <load_address>0x2000d5f8</load_address>
         <run_address>0x2000d5f8</run_address>
         <size>0x84</size>
         <input_file_ref idref="fl-10"/>
      </object_component>
      <object_component id="oc-522">
         <name>.text:saveNVICRegs</name>
         <load_address>0x2000d67c</load_address>
         <run_address>0x2000d67c</run_address>
         <size>0x84</size>
         <input_file_ref idref="fl-10"/>
      </object_component>
      <object_component id="oc-2e8">
         <name>.text:Power_setDependency</name>
         <load_address>0x2000d700</load_address>
         <run_address>0x2000d700</run_address>
         <size>0x80</size>
         <input_file_ref idref="fl-10"/>
      </object_component>
      <object_component id="oc-30c">
         <name>.text:GPIO_hwiIntFxn</name>
         <load_address>0x2000d780</load_address>
         <run_address>0x2000d780</run_address>
         <size>0x78</size>
         <input_file_ref idref="fl-f"/>
      </object_component>
      <object_component id="oc-58d">
         <name>.text:TimerCC32XX_start</name>
         <load_address>0x2000d7f8</load_address>
         <run_address>0x2000d7f8</run_address>
         <size>0x78</size>
         <input_file_ref idref="fl-12"/>
      </object_component>
      <object_component id="oc-5aa">
         <name>.text:split</name>
         <load_address>0x2000d870</load_address>
         <run_address>0x2000d870</run_address>
         <size>0x70</size>
         <input_file_ref idref="fl-de"/>
      </object_component>
      <object_component id="oc-14">
         <name>.text:decompress:lzss:__TI_decompress_lzss</name>
         <load_address>0x2000d8e0</load_address>
         <run_address>0x2000d8e0</run_address>
         <size>0x68</size>
         <input_file_ref idref="fl-dd"/>
      </object_component>
      <object_component id="oc-15f">
         <name>.text:mainThread</name>
         <load_address>0x2000d948</load_address>
         <run_address>0x2000d948</run_address>
         <size>0x68</size>
         <input_file_ref idref="fl-2"/>
      </object_component>
      <object_component id="oc-3ca">
         <name>.text:PowerCC32XX_setParkState</name>
         <load_address>0x2000d9b0</load_address>
         <run_address>0x2000d9b0</run_address>
         <size>0x64</size>
         <input_file_ref idref="fl-10"/>
      </object_component>
      <object_component id="oc-245">
         <name>.text:PRCMSysResetCauseGet</name>
         <load_address>0x2000da14</load_address>
         <run_address>0x2000da14</run_address>
         <size>0x60</size>
         <input_file_ref idref="fl-1f"/>
      </object_component>
      <object_component id="oc-1e6">
         <name>.text:GPIO_setCallback</name>
         <load_address>0x2000da74</load_address>
         <run_address>0x2000da74</run_address>
         <size>0x5c</size>
         <input_file_ref idref="fl-f"/>
      </object_component>
      <object_component id="oc-5c2">
         <name>.text:sysTickInit</name>
         <load_address>0x2000dad0</load_address>
         <run_address>0x2000dad0</run_address>
         <size>0x5c</size>
         <input_file_ref idref="fl-16"/>
      </object_component>
      <object_component id="oc-59d">
         <name>.text:GPIO_write</name>
         <load_address>0x2000db2c</load_address>
         <run_address>0x2000db2c</run_address>
         <size>0x58</size>
         <input_file_ref idref="fl-f"/>
      </object_component>
      <object_component id="oc-25e">
         <name>.text:PRCMPeripheralReset</name>
         <load_address>0x2000db84</load_address>
         <run_address>0x2000db84</run_address>
         <size>0x58</size>
         <input_file_ref idref="fl-1f"/>
      </object_component>
      <object_component id="oc-6a6">
         <name>.text:Power_releaseDependency</name>
         <load_address>0x2000dbdc</load_address>
         <run_address>0x2000dbdc</run_address>
         <size>0x58</size>
         <input_file_ref idref="fl-10"/>
      </object_component>
      <object_component id="oc-593">
         <name>.text:TimerCC32XX_stop</name>
         <load_address>0x2000dc34</load_address>
         <run_address>0x2000dc34</run_address>
         <size>0x56</size>
         <input_file_ref idref="fl-12"/>
      </object_component>
      <object_component id="oc-359">
         <name>.text:PowerCC32XX_initPolicy</name>
         <load_address>0x2000dc8a</load_address>
         <run_address>0x2000dc8a</run_address>
         <size>0x2</size>
         <input_file_ref idref="fl-18"/>
      </object_component>
      <object_component id="oc-4d3">
         <name>.text:LED_State_SM</name>
         <load_address>0x2000dc8c</load_address>
         <run_address>0x2000dc8c</run_address>
         <size>0x54</size>
         <input_file_ref idref="fl-2"/>
      </object_component>
      <object_component id="oc-5df">
         <name>.text:PowerCC32XX_resumeLPDS</name>
         <load_address>0x2000dce0</load_address>
         <run_address>0x2000dce0</run_address>
         <size>0x52</size>
         <input_file_ref idref="fl-11"/>
      </object_component>
      <object_component id="oc-63b">
         <name>.text:initHw</name>
         <load_address>0x2000dd32</load_address>
         <run_address>0x2000dd32</run_address>
         <size>0x52</size>
         <input_file_ref idref="fl-12"/>
      </object_component>
      <object_component id="oc-79">
         <name>.text:ClockP_sysTickHandler</name>
         <load_address>0x2000dd84</load_address>
         <run_address>0x2000dd84</run_address>
         <size>0x50</size>
         <input_file_ref idref="fl-16"/>
      </object_component>
      <object_component id="oc-486">
         <name>.text:SemaphoreP_construct</name>
         <load_address>0x2000ddd4</load_address>
         <run_address>0x2000ddd4</run_address>
         <size>0x50</size>
         <input_file_ref idref="fl-15"/>
      </object_component>
      <object_component id="oc-62f">
         <name>.text:TimerCC32XX_allocateTimerResource</name>
         <load_address>0x2000de24</load_address>
         <run_address>0x2000de24</run_address>
         <size>0x50</size>
         <input_file_ref idref="fl-12"/>
      </object_component>
      <object_component id="oc-1da">
         <name>.text:initTimer</name>
         <load_address>0x2000de74</load_address>
         <run_address>0x2000de74</run_address>
         <size>0x50</size>
         <input_file_ref idref="fl-2"/>
      </object_component>
      <object_component id="oc-1ec">
         <name>.text:GPIO_enableInt</name>
         <load_address>0x2000dec4</load_address>
         <run_address>0x2000dec4</run_address>
         <size>0x4c</size>
         <input_file_ref idref="fl-f"/>
      </object_component>
      <object_component id="oc-5d6">
         <name>.text:PowerCC32XX_parkPin</name>
         <load_address>0x2000df10</load_address>
         <run_address>0x2000df10</run_address>
         <size>0x4c</size>
         <input_file_ref idref="fl-10"/>
      </object_component>
      <object_component id="oc-533">
         <name>.text:restorePeriphClocks</name>
         <load_address>0x2000df5c</load_address>
         <run_address>0x2000df5c</run_address>
         <size>0x4c</size>
         <input_file_ref idref="fl-10"/>
      </object_component>
      <object_component id="oc-5fa">
         <name>.text:FlashDisable</name>
         <load_address>0x2000dfa8</load_address>
         <run_address>0x2000dfa8</run_address>
         <size>0x48</size>
         <input_file_ref idref="fl-22"/>
      </object_component>
      <object_component id="oc-53f">
         <name>.text:PRCMLPDSEnter</name>
         <load_address>0x2000dff0</load_address>
         <run_address>0x2000dff0</run_address>
         <size>0x48</size>
         <input_file_ref idref="fl-1f"/>
      </object_component>
      <object_component id="oc-258">
         <name>.text:PRCMPeripheralClkEnable</name>
         <load_address>0x2000e038</load_address>
         <run_address>0x2000e038</run_address>
         <size>0x48</size>
         <input_file_ref idref="fl-1f"/>
      </object_component>
      <object_component id="oc-67a">
         <name>.text:Power_releaseConstraint</name>
         <load_address>0x2000e080</load_address>
         <run_address>0x2000e080</run_address>
         <size>0x48</size>
         <input_file_ref idref="fl-10"/>
      </object_component>
      <object_component id="oc-635">
         <name>.text:getPrescaler</name>
         <load_address>0x2000e0c8</load_address>
         <run_address>0x2000e0c8</run_address>
         <size>0x46</size>
         <input_file_ref idref="fl-12"/>
      </object_component>
      <object_component id="oc-57b">
         <name>.text:TimerCC32XX_init</name>
         <load_address>0x2000e10e</load_address>
         <run_address>0x2000e10e</run_address>
         <size>0x2</size>
         <input_file_ref idref="fl-12"/>
      </object_component>
      <object_component id="oc-4ae">
         <name>.text:ClockP_stop</name>
         <load_address>0x2000e110</load_address>
         <run_address>0x2000e110</run_address>
         <size>0x44</size>
         <input_file_ref idref="fl-16"/>
      </object_component>
      <object_component id="oc-5e4">
         <name>.text:PRCMLPDSRestoreInfoSet</name>
         <load_address>0x2000e154</load_address>
         <run_address>0x2000e154</run_address>
         <size>0x44</size>
         <input_file_ref idref="fl-1f"/>
      </object_component>
      <object_component id="oc-528">
         <name>.text:PowerCC32XX_enterLPDS</name>
         <load_address>0x2000e198</load_address>
         <run_address>0x2000e198</run_address>
         <size>0x44</size>
         <input_file_ref idref="fl-11"/>
      </object_component>
      <object_component id="oc-2a9">
         <name>.text:SemaphoreP_post</name>
         <load_address>0x2000e1dc</load_address>
         <run_address>0x2000e1dc</run_address>
         <size>0x44</size>
         <input_file_ref idref="fl-15"/>
      </object_component>
      <object_component id="oc-476">
         <name>.text:SwiP_restore</name>
         <load_address>0x2000e220</load_address>
         <run_address>0x2000e220</run_address>
         <size>0x44</size>
         <input_file_ref idref="fl-1a"/>
      </object_component>
      <object_component id="oc-2c3">
         <name>.text:Timer_init</name>
         <load_address>0x2000e264</load_address>
         <run_address>0x2000e264</run_address>
         <size>0x44</size>
         <input_file_ref idref="fl-e"/>
      </object_component>
      <object_component id="oc-172">
         <name>.text:__TI_auto_init_nobinit_nopinit:__TI_auto_init_nobinit_nopinit</name>
         <load_address>0x2000e2a8</load_address>
         <run_address>0x2000e2a8</run_address>
         <size>0x44</size>
         <input_file_ref idref="fl-e2"/>
      </object_component>
      <object_component id="oc-270">
         <name>.text:PinModeSet</name>
         <load_address>0x2000e2ec</load_address>
         <run_address>0x2000e2ec</run_address>
         <size>0x40</size>
         <input_file_ref idref="fl-1e"/>
      </object_component>
      <object_component id="oc-2cf">
         <name>.text:Timer_open</name>
         <load_address>0x2000e32c</load_address>
         <run_address>0x2000e32c</run_address>
         <size>0x40</size>
         <input_file_ref idref="fl-e"/>
      </object_component>
      <object_component id="oc-39a">
         <name>.text:ClockP_destruct</name>
         <load_address>0x2000e36c</load_address>
         <run_address>0x2000e36c</run_address>
         <size>0x3c</size>
         <input_file_ref idref="fl-16"/>
      </object_component>
      <object_component id="oc-661">
         <name>.text:Power_setConstraint</name>
         <load_address>0x2000e3a8</load_address>
         <run_address>0x2000e3a8</run_address>
         <size>0x3c</size>
         <input_file_ref idref="fl-10"/>
      </object_component>
      <object_component id="oc-569">
         <name>.text:TimerCC32XX_close</name>
         <load_address>0x2000e3e4</load_address>
         <run_address>0x2000e3e4</run_address>
         <size>0x3a</size>
         <input_file_ref idref="fl-12"/>
      </object_component>
      <object_component id="oc-45a">
         <name>.text:getCountsRTC</name>
         <load_address>0x2000e41e</load_address>
         <run_address>0x2000e41e</run_address>
         <size>0x3a</size>
         <input_file_ref idref="fl-18"/>
      </object_component>
      <object_component id="oc-545">
         <name>.text:PRCMLPDSEnterKeepDebugIf</name>
         <load_address>0x2000e458</load_address>
         <run_address>0x2000e458</run_address>
         <size>0x38</size>
         <input_file_ref idref="fl-1f"/>
      </object_component>
      <object_component id="oc-647">
         <name>.text:TimerCC32XX_hwiIntFunction</name>
         <load_address>0x2000e490</load_address>
         <run_address>0x2000e490</run_address>
         <size>0x38</size>
         <input_file_ref idref="fl-12"/>
      </object_component>
      <object_component id="oc-db">
         <name>.text:addToList</name>
         <load_address>0x2000e4c8</load_address>
         <run_address>0x2000e4c8</run_address>
         <size>0x38</size>
         <input_file_ref idref="fl-16"/>
      </object_component>
      <object_component id="oc-59">
         <name>.text:initVectors</name>
         <load_address>0x2000e500</load_address>
         <run_address>0x2000e500</run_address>
         <size>0x38</size>
         <input_file_ref idref="fl-19"/>
      </object_component>
      <object_component id="oc-516">
         <name>.text:notify</name>
         <load_address>0x2000e538</load_address>
         <run_address>0x2000e538</run_address>
         <size>0x38</size>
         <input_file_ref idref="fl-10"/>
      </object_component>
      <object_component id="oc-6b2">
         <name>.text:TimerControlStall</name>
         <load_address>0x2000e570</load_address>
         <run_address>0x2000e570</run_address>
         <size>0x36</size>
         <input_file_ref idref="fl-20"/>
      </object_component>
      <object_component id="oc-326">
         <name>.text:_nop</name>
         <load_address>0x2000e5a6</load_address>
         <run_address>0x2000e5a6</run_address>
         <size>0x2</size>
         <input_file_ref idref="fl-e6"/>
      </object_component>
      <object_component id="oc-448">
         <name>.text:ClockP_getTicksUntilInterrupt</name>
         <load_address>0x2000e5a8</load_address>
         <run_address>0x2000e5a8</run_address>
         <size>0x34</size>
         <input_file_ref idref="fl-16"/>
      </object_component>
      <object_component id="oc-507">
         <name>.text:ClockP_startup</name>
         <load_address>0x2000e5dc</load_address>
         <run_address>0x2000e5dc</run_address>
         <size>0x34</size>
         <input_file_ref idref="fl-16"/>
      </object_component>
      <object_component id="oc-26a">
         <name>.text:PinModeGet</name>
         <load_address>0x2000e610</load_address>
         <run_address>0x2000e610</run_address>
         <size>0x34</size>
         <input_file_ref idref="fl-1e"/>
      </object_component>
      <object_component id="oc-625">
         <name>.text:TimerCC32XX_freeTimerResource</name>
         <load_address>0x2000e644</load_address>
         <run_address>0x2000e644</run_address>
         <size>0x34</size>
         <input_file_ref idref="fl-12"/>
      </object_component>
      <object_component id="oc-6a0">
         <name>.text:getPowerMgrId</name>
         <load_address>0x2000e678</load_address>
         <run_address>0x2000e678</run_address>
         <size>0x34</size>
         <input_file_ref idref="fl-12"/>
      </object_component>
      <object_component id="oc-388">
         <name>.text:ClockP_start</name>
         <load_address>0x2000e6ac</load_address>
         <run_address>0x2000e6ac</run_address>
         <size>0x30</size>
         <input_file_ref idref="fl-16"/>
      </object_component>
      <object_component id="oc-5f3">
         <name>.text:PowerCC32XX_restoreParkedPin</name>
         <load_address>0x2000e6dc</load_address>
         <run_address>0x2000e6dc</run_address>
         <size>0x30</size>
         <input_file_ref idref="fl-10"/>
      </object_component>
      <object_component id="oc-2f4">
         <name>.text:HwiP_create</name>
         <load_address>0x2000e70c</load_address>
         <run_address>0x2000e70c</run_address>
         <size>0x2a</size>
         <input_file_ref idref="fl-17"/>
      </object_component>
      <object_component id="oc-654">
         <name>.text:TimerLoadSet</name>
         <load_address>0x2000e736</load_address>
         <run_address>0x2000e736</run_address>
         <size>0x2a</size>
         <input_file_ref idref="fl-20"/>
      </object_component>
      <object_component id="oc-64e">
         <name>.text:TimerPrescaleSet</name>
         <load_address>0x2000e760</load_address>
         <run_address>0x2000e760</run_address>
         <size>0x2a</size>
         <input_file_ref idref="fl-20"/>
      </object_component>
      <object_component id="oc-73">
         <name>.text:busFaultHandler</name>
         <load_address>0x2000e78a</load_address>
         <run_address>0x2000e78a</run_address>
         <size>0x2</size>
         <input_file_ref idref="fl-19"/>
      </object_component>
      <object_component id="oc-31c">
         <name>.text:Button_State_SM</name>
         <load_address>0x2000e78c</load_address>
         <run_address>0x2000e78c</run_address>
         <size>0x28</size>
         <input_file_ref idref="fl-2"/>
      </object_component>
      <object_component id="oc-264">
         <name>.text:PRCMPeripheralClkDisable</name>
         <load_address>0x2000e7b4</load_address>
         <run_address>0x2000e7b4</run_address>
         <size>0x28</size>
         <input_file_ref idref="fl-1f"/>
      </object_component>
      <object_component id="oc-2a3">
         <name>.text:Power_registerNotify</name>
         <load_address>0x2000e7dc</load_address>
         <run_address>0x2000e7dc</run_address>
         <size>0x28</size>
         <input_file_ref idref="fl-10"/>
      </object_component>
      <object_component id="oc-4a6">
         <name>.text:free_list_insert</name>
         <load_address>0x2000e804</load_address>
         <run_address>0x2000e804</run_address>
         <size>0x28</size>
         <input_file_ref idref="fl-de"/>
      </object_component>
      <object_component id="oc-3aa">
         <name>.text:List_put</name>
         <load_address>0x2000e82c</load_address>
         <run_address>0x2000e82c</run_address>
         <size>0x26</size>
         <input_file_ref idref="fl-13"/>
      </object_component>
      <object_component id="oc-691">
         <name>.text:List_remove</name>
         <load_address>0x2000e852</load_address>
         <run_address>0x2000e852</run_address>
         <size>0x26</size>
         <input_file_ref idref="fl-13"/>
      </object_component>
      <object_component id="oc-4ee">
         <name>.text:HwiP_dispatch</name>
         <load_address>0x2000e878</load_address>
         <run_address>0x2000e878</run_address>
         <size>0x24</size>
         <input_file_ref idref="fl-17"/>
      </object_component>
      <object_component id="oc-c5">
         <name>.text:_c_int00_noargs:_c_int00_noargs</name>
         <load_address>0x2000e89c</load_address>
         <run_address>0x2000e89c</run_address>
         <size>0x24</size>
         <input_file_ref idref="fl-df"/>
      </object_component>
      <object_component id="oc-699">
         <name>.text:HwiP_destruct</name>
         <load_address>0x2000e8c0</load_address>
         <run_address>0x2000e8c0</run_address>
         <size>0x20</size>
         <input_file_ref idref="fl-17"/>
      </object_component>
      <object_component id="oc-613">
         <name>.text:Power_unregisterNotify</name>
         <load_address>0x2000e8e0</load_address>
         <run_address>0x2000e8e0</run_address>
         <size>0x20</size>
         <input_file_ref idref="fl-10"/>
      </object_component>
      <object_component id="oc-66e">
         <name>.text:TimerDisable</name>
         <load_address>0x2000e900</load_address>
         <run_address>0x2000e900</run_address>
         <size>0x1e</size>
         <input_file_ref idref="fl-20"/>
      </object_component>
      <object_component id="oc-667">
         <name>.text:TimerEnable</name>
         <load_address>0x2000e91e</load_address>
         <run_address>0x2000e91e</run_address>
         <size>0x1e</size>
         <input_file_ref idref="fl-20"/>
      </object_component>
      <object_component id="oc-5d0">
         <name>.text:PinToPadGet</name>
         <load_address>0x2000e93c</load_address>
         <run_address>0x2000e93c</run_address>
         <size>0x1c</size>
         <input_file_ref idref="fl-1e"/>
      </object_component>
      <object_component id="oc-43c">
         <name>.text:SwiP_disable</name>
         <load_address>0x2000e958</load_address>
         <run_address>0x2000e958</run_address>
         <size>0x1c</size>
         <input_file_ref idref="fl-1a"/>
      </object_component>
      <object_component id="oc-47">
         <name>.text:decompress:ZI:__TI_zero_init_nomemset:__TI_zero_init_nomemset</name>
         <load_address>0x2000e974</load_address>
         <run_address>0x2000e974</run_address>
         <size>0x1c</size>
         <input_file_ref idref="fl-db"/>
      </object_component>
      <object_component id="oc-4a0">
         <name>.text:free_list_remove</name>
         <load_address>0x2000e990</load_address>
         <run_address>0x2000e990</run_address>
         <size>0x1c</size>
         <input_file_ref idref="fl-de"/>
      </object_component>
      <object_component id="oc-285">
         <name>.text:SemaphoreP_createBinary</name>
         <load_address>0x2000e9ac</load_address>
         <run_address>0x2000e9ac</run_address>
         <size>0x1a</size>
         <input_file_ref idref="fl-15"/>
      </object_component>
      <object_component id="oc-3a0">
         <name>.text:clkFxn</name>
         <load_address>0x2000e9c6</load_address>
         <run_address>0x2000e9c6</run_address>
         <size>0x2</size>
         <input_file_ref idref="fl-15"/>
      </object_component>
      <object_component id="oc-21">
         <name>.text:resetISR</name>
         <load_address>0x2000e9c8</load_address>
         <run_address>0x2000e9c8</run_address>
         <size>0x1a</size>
         <input_file_ref idref="fl-19"/>
      </object_component>
      <object_component id="oc-6d">
         <name>.text:defaultHandler</name>
         <load_address>0x2000e9e2</load_address>
         <run_address>0x2000e9e2</run_address>
         <size>0x2</size>
         <input_file_ref idref="fl-19"/>
      </object_component>
      <object_component id="oc-44e">
         <name>.text:Power_getTransitionLatency</name>
         <load_address>0x2000e9e4</load_address>
         <run_address>0x2000e9e4</run_address>
         <size>0x18</size>
         <input_file_ref idref="fl-10"/>
      </object_component>
      <object_component id="oc-558">
         <name>.text:Power_idleFunc</name>
         <load_address>0x2000e9fc</load_address>
         <run_address>0x2000e9fc</run_address>
         <size>0x18</size>
         <input_file_ref idref="fl-10"/>
      </object_component>
      <object_component id="oc-575">
         <name>.text:TimerCC32XX_getCount</name>
         <load_address>0x2000ea14</load_address>
         <run_address>0x2000ea14</run_address>
         <size>0x18</size>
         <input_file_ref idref="fl-12"/>
      </object_component>
      <object_component id="oc-674">
         <name>.text:TimerIntDisable</name>
         <load_address>0x2000ea2c</load_address>
         <run_address>0x2000ea2c</run_address>
         <size>0x18</size>
         <input_file_ref idref="fl-20"/>
      </object_component>
      <object_component id="oc-65b">
         <name>.text:TimerIntEnable</name>
         <load_address>0x2000ea44</load_address>
         <run_address>0x2000ea44</run_address>
         <size>0x18</size>
         <input_file_ref idref="fl-20"/>
      </object_component>
      <object_component id="oc-46b">
         <name>.text</name>
         <load_address>0x2000ea5c</load_address>
         <run_address>0x2000ea5c</run_address>
         <size>0x18</size>
         <input_file_ref idref="fl-d8"/>
      </object_component>
      <object_component id="oc-252">
         <name>.text:PRCMHIBRegRead</name>
         <load_address>0x2000ea74</load_address>
         <run_address>0x2000ea74</run_address>
         <size>0x16</size>
         <input_file_ref idref="fl-1f"/>
      </object_component>
      <object_component id="oc-24c">
         <name>.text:PRCMHIBRegWrite</name>
         <load_address>0x2000ea8a</load_address>
         <run_address>0x2000ea8a</run_address>
         <size>0x16</size>
         <input_file_ref idref="fl-1f"/>
      </object_component>
      <object_component id="oc-370">
         <name>.text:SemaphoreP_create</name>
         <load_address>0x2000eaa0</load_address>
         <run_address>0x2000eaa0</run_address>
         <size>0x16</size>
         <input_file_ref idref="fl-15"/>
      </object_component>
      <object_component id="oc-a3">
         <name>.text:CPUcpsid</name>
         <load_address>0x2000eab6</load_address>
         <run_address>0x2000eab6</run_address>
         <size>0x14</size>
         <input_file_ref idref="fl-1c"/>
      </object_component>
      <object_component id="oc-67">
         <name>.text:faultISR</name>
         <load_address>0x2000eaca</load_address>
         <run_address>0x2000eaca</run_address>
         <size>0x2</size>
         <input_file_ref idref="fl-19"/>
      </object_component>
      <object_component id="oc-3b1">
         <name>.text:HwiP_inISR</name>
         <load_address>0x2000eacc</load_address>
         <run_address>0x2000eacc</run_address>
         <size>0x14</size>
         <input_file_ref idref="fl-17"/>
      </object_component>
      <object_component id="oc-af">
         <name>.text:IntVTableBaseSet</name>
         <load_address>0x2000eae0</load_address>
         <run_address>0x2000eae0</run_address>
         <size>0x14</size>
         <input_file_ref idref="fl-1d"/>
      </object_component>
      <object_component id="oc-3b7">
         <name>.text:Power_disablePolicy</name>
         <load_address>0x2000eaf4</load_address>
         <run_address>0x2000eaf4</run_address>
         <size>0x14</size>
         <input_file_ref idref="fl-10"/>
      </object_component>
      <object_component id="oc-5ec">
         <name>.text:Power_getDependencyCount</name>
         <load_address>0x2000eb08</load_address>
         <run_address>0x2000eb08</run_address>
         <size>0x14</size>
         <input_file_ref idref="fl-10"/>
      </object_component>
      <object_component id="oc-2ee">
         <name>.text:HwiP_Params_init</name>
         <load_address>0x2000eb1c</load_address>
         <run_address>0x2000eb1c</run_address>
         <size>0x12</size>
         <input_file_ref idref="fl-17"/>
      </object_component>
      <object_component id="oc-6ba">
         <name>.text:TimerIntClear</name>
         <load_address>0x2000eb2e</load_address>
         <run_address>0x2000eb2e</run_address>
         <size>0x12</size>
         <input_file_ref idref="fl-20"/>
      </object_component>
      <object_component id="oc-11a">
         <name>.text:main</name>
         <load_address>0x2000eb40</load_address>
         <run_address>0x2000eb40</run_address>
         <size>0x12</size>
         <input_file_ref idref="fl-4"/>
      </object_component>
      <object_component id="oc-153">
         <name>.text:Board_init</name>
         <load_address>0x2000eb52</load_address>
         <run_address>0x2000eb52</run_address>
         <size>0x10</size>
         <input_file_ref idref="fl-3"/>
      </object_component>
      <object_component id="oc-382">
         <name>.text:ClockP_add</name>
         <load_address>0x2000eb62</load_address>
         <run_address>0x2000eb62</run_address>
         <size>0x10</size>
         <input_file_ref idref="fl-16"/>
      </object_component>
      <object_component id="oc-61">
         <name>.text:nmiISR</name>
         <load_address>0x2000eb72</load_address>
         <run_address>0x2000eb72</run_address>
         <size>0x2</size>
         <input_file_ref idref="fl-19"/>
      </object_component>
      <object_component id="oc-436">
         <name>.text:ClockP_getCpuFreq</name>
         <load_address>0x2000eb74</load_address>
         <run_address>0x2000eb74</run_address>
         <size>0x10</size>
         <input_file_ref idref="fl-16"/>
      </object_component>
      <object_component id="oc-454">
         <name>.text:ClockP_getSystemTicks</name>
         <load_address>0x2000eb84</load_address>
         <run_address>0x2000eb84</run_address>
         <size>0x10</size>
         <input_file_ref idref="fl-16"/>
      </object_component>
      <object_component id="oc-470">
         <name>.text:ClockP_setTicks</name>
         <load_address>0x2000eb94</load_address>
         <run_address>0x2000eb94</run_address>
         <size>0x10</size>
         <input_file_ref idref="fl-16"/>
      </object_component>
      <object_component id="oc-61f">
         <name>.text:HwiP_delete</name>
         <load_address>0x2000eba4</load_address>
         <run_address>0x2000eba4</run_address>
         <size>0x10</size>
         <input_file_ref idref="fl-17"/>
      </object_component>
      <object_component id="oc-291">
         <name>.text:HwiP_restore</name>
         <load_address>0x2000ebb4</load_address>
         <run_address>0x2000ebb4</run_address>
         <size>0x10</size>
         <input_file_ref idref="fl-17"/>
      </object_component>
      <object_component id="oc-38e">
         <name>.text:Power_enablePolicy</name>
         <load_address>0x2000ebc4</load_address>
         <run_address>0x2000ebc4</run_address>
         <size>0x10</size>
         <input_file_ref idref="fl-10"/>
      </object_component>
      <object_component id="oc-36a">
         <name>.text:SemaphoreP_Params_init</name>
         <load_address>0x2000ebd4</load_address>
         <run_address>0x2000ebd4</run_address>
         <size>0x10</size>
         <input_file_ref idref="fl-15"/>
      </object_component>
      <object_component id="oc-2c9">
         <name>.text:Timer_Params_init</name>
         <load_address>0x2000ebe4</load_address>
         <run_address>0x2000ebe4</run_address>
         <size>0x10</size>
         <input_file_ref idref="fl-e"/>
      </object_component>
      <object_component id="oc-619">
         <name>.text:HwiP_clearInterrupt</name>
         <load_address>0x2000ebf4</load_address>
         <run_address>0x2000ebf4</run_address>
         <size>0xe</size>
         <input_file_ref idref="fl-17"/>
      </object_component>
      <object_component id="oc-28b">
         <name>.text:HwiP_disable</name>
         <load_address>0x2000ec02</load_address>
         <run_address>0x2000ec02</run_address>
         <size>0xe</size>
         <input_file_ref idref="fl-17"/>
      </object_component>
      <object_component id="oc-159">
         <name>.text:HwiP_enable</name>
         <load_address>0x2000ec10</load_address>
         <run_address>0x2000ec10</run_address>
         <size>0xe</size>
         <input_file_ref idref="fl-17"/>
      </object_component>
      <object_component id="oc-1a">
         <name>.text:decompress:none:__TI_decompress_none</name>
         <load_address>0x2000ec1e</load_address>
         <run_address>0x2000ec1e</run_address>
         <size>0xe</size>
         <input_file_ref idref="fl-dc"/>
      </object_component>
      <object_component id="oc-442">
         <name>.text:Power_getConstraintMask</name>
         <load_address>0x2000ec2c</load_address>
         <run_address>0x2000ec2c</run_address>
         <size>0xc</size>
         <input_file_ref idref="fl-10"/>
      </object_component>
      <object_component id="oc-1f2">
         <name>.text:gpioButtonFxn0</name>
         <load_address>0x2000ec38</load_address>
         <run_address>0x2000ec38</run_address>
         <size>0xc</size>
         <input_file_ref idref="fl-2"/>
      </object_component>
      <object_component id="oc-1fa">
         <name>.text:gpioButtonFxn1</name>
         <load_address>0x2000ec44</load_address>
         <run_address>0x2000ec44</run_address>
         <size>0xc</size>
         <input_file_ref idref="fl-2"/>
      </object_component>
      <object_component id="oc-641">
         <name>.text:postNotifyFxn</name>
         <load_address>0x2000ec50</load_address>
         <run_address>0x2000ec50</run_address>
         <size>0xc</size>
         <input_file_ref idref="fl-12"/>
      </object_component>
      <object_component id="oc-2db">
         <name>.text:timerCallBack</name>
         <load_address>0x2000ec5c</load_address>
         <run_address>0x2000ec5c</run_address>
         <size>0xc</size>
         <input_file_ref idref="fl-2"/>
      </object_component>
      <object_component id="oc-394">
         <name>.text:ClockP_isActive</name>
         <load_address>0x2000ec68</load_address>
         <run_address>0x2000ec68</run_address>
         <size>0xa</size>
         <input_file_ref idref="fl-16"/>
      </object_component>
      <object_component id="oc-53">
         <name>.text:IntMasterDisable</name>
         <load_address>0x2000ec72</load_address>
         <run_address>0x2000ec72</run_address>
         <size>0xa</size>
         <input_file_ref idref="fl-1d"/>
      </object_component>
      <object_component id="oc-2d5">
         <name>.text:Timer_start</name>
         <load_address>0x2000ec7c</load_address>
         <run_address>0x2000ec7c</run_address>
         <size>0xa</size>
         <input_file_ref idref="fl-e"/>
      </object_component>
      <object_component id="oc-3ed">
         <name>.text:malloc</name>
         <load_address>0x2000ec86</load_address>
         <run_address>0x2000ec86</run_address>
         <size>0x8</size>
         <input_file_ref idref="fl-de"/>
      </object_component>
      <object_component id="oc-56f">
         <name>.text:TimerCC32XX_control</name>
         <load_address>0x2000ec8e</load_address>
         <run_address>0x2000ec8e</run_address>
         <size>0x6</size>
         <input_file_ref idref="fl-12"/>
      </object_component>
      <object_component id="oc-24b">
         <name>.text:UtilsDelay</name>
         <load_address>0x2000ec94</load_address>
         <run_address>0x2000ec94</run_address>
         <size>0x6</size>
         <input_file_ref idref="fl-21"/>
      </object_component>
      <object_component id="oc-54e">
         <name>.text:HwiP_post</name>
         <load_address>0x2000ec9a</load_address>
         <run_address>0x2000ec9a</run_address>
         <size>0x4</size>
         <input_file_ref idref="fl-17"/>
      </object_component>
      <object_component id="oc-297">
         <name>.text:SemaphoreP_delete</name>
         <load_address>0x2000ec9e</load_address>
         <run_address>0x2000ec9e</run_address>
         <size>0x4</size>
         <input_file_ref idref="fl-15"/>
      </object_component>
      <object_component id="oc-114">
         <name>.text:_system_pre_init</name>
         <load_address>0x2000eca2</load_address>
         <run_address>0x2000eca2</run_address>
         <size>0x4</size>
         <input_file_ref idref="fl-e3"/>
      </object_component>
      <object_component id="oc-166">
         <name>.text:abort:abort</name>
         <load_address>0x2000eca6</load_address>
         <run_address>0x2000eca6</run_address>
         <size>0x4</size>
         <input_file_ref idref="fl-e5"/>
      </object_component>
      <object_component id="oc-510">
         <name>.text</name>
         <load_address>0x2000ecaa</load_address>
         <run_address>0x2000ecaa</run_address>
         <size>0x2</size>
         <input_file_ref idref="fl-e0"/>
      </object_component>
      <object_component id="oc-34f">
         <name>.const:g_ulPinToPadMap</name>
         <load_address>0x2000f2b4</load_address>
         <run_address>0x2000f2b4</run_address>
         <size>0x100</size>
         <input_file_ref idref="fl-1e"/>
      </object_component>
      <object_component id="oc-348">
         <name>.const:PRCM_PeriphRegsList</name>
         <load_address>0x2000f3b4</load_address>
         <run_address>0x2000f3b4</run_address>
         <size>0xa8</size>
         <input_file_ref idref="fl-1f"/>
      </object_component>
      <object_component id="oc-280">
         <name>.const:PowerCC32XX_config</name>
         <load_address>0x2000f45c</load_address>
         <run_address>0x2000f45c</run_address>
         <size>0x44</size>
         <input_file_ref idref="fl-3"/>
      </object_component>
      <object_component id="oc-2fa">
         <name>.const:.string:pinTable</name>
         <load_address>0x2000f4a0</load_address>
         <run_address>0x2000f4a0</run_address>
         <size>0x21</size>
         <input_file_ref idref="fl-f"/>
      </object_component>
      <object_component id="oc-4c8">
         <name>.const:TimerCC32XX_fxnTable</name>
         <load_address>0x2000f4c4</load_address>
         <run_address>0x2000f4c4</run_address>
         <size>0x20</size>
         <input_file_ref idref="fl-12"/>
      </object_component>
      <object_component id="oc-10e">
         <name>.const:g_pulEnRegs</name>
         <load_address>0x2000f4e4</load_address>
         <run_address>0x2000f4e4</run_address>
         <size>0x18</size>
         <input_file_ref idref="fl-1d"/>
      </object_component>
      <object_component id="oc-68d">
         <name>.const:g_pulPendRegs</name>
         <load_address>0x2000f4fc</load_address>
         <run_address>0x2000f4fc</run_address>
         <size>0x18</size>
         <input_file_ref idref="fl-1d"/>
      </object_component>
      <object_component id="oc-2b3">
         <name>.const:GPIOCC32XX_config</name>
         <load_address>0x2000f514</load_address>
         <run_address>0x2000f514</run_address>
         <size>0x14</size>
         <input_file_ref idref="fl-3"/>
      </object_component>
      <object_component id="oc-315">
         <name>.const:gpioBaseAddresses</name>
         <load_address>0x2000f528</load_address>
         <run_address>0x2000f528</run_address>
         <size>0x14</size>
         <input_file_ref idref="fl-f"/>
      </object_component>
      <object_component id="oc-2fd">
         <name>.const:powerResources</name>
         <load_address>0x2000f53c</load_address>
         <run_address>0x2000f53c</run_address>
         <size>0x14</size>
         <input_file_ref idref="fl-f"/>
      </object_component>
      <object_component id="oc-4cc">
         <name>.const:timerCC32XXHWAttrs</name>
         <load_address>0x2000f550</load_address>
         <run_address>0x2000f550</run_address>
         <size>0x10</size>
         <input_file_ref idref="fl-3"/>
      </object_component>
      <object_component id="oc-3d9">
         <name>.const:Timer_config</name>
         <load_address>0x2000f560</load_address>
         <run_address>0x2000f560</run_address>
         <size>0xc</size>
         <input_file_ref idref="fl-3"/>
      </object_component>
      <object_component id="oc-3dd">
         <name>.const:defaultParams</name>
         <load_address>0x2000f56c</load_address>
         <run_address>0x2000f56c</run_address>
         <size>0xc</size>
         <input_file_ref idref="fl-e"/>
      </object_component>
      <object_component id="oc-303">
         <name>.const:outPinTypes</name>
         <load_address>0x2000f578</load_address>
         <run_address>0x2000f578</run_address>
         <size>0x8</size>
         <input_file_ref idref="fl-f"/>
      </object_component>
      <object_component id="oc-312">
         <name>.const:.string:interruptType</name>
         <load_address>0x2000f580</load_address>
         <run_address>0x2000f580</run_address>
         <size>0x6</size>
         <input_file_ref idref="fl-f"/>
      </object_component>
      <object_component id="oc-306">
         <name>.const:inPinTypes</name>
         <load_address>0x2000f586</load_address>
         <run_address>0x2000f586</run_address>
         <size>0x6</size>
         <input_file_ref idref="fl-f"/>
      </object_component>
      <object_component id="oc-300">
         <name>.const:outPinStrengths</name>
         <load_address>0x2000f58c</load_address>
         <run_address>0x2000f58c</run_address>
         <size>0x6</size>
         <input_file_ref idref="fl-f"/>
      </object_component>
      <object_component id="oc-3d6">
         <name>.const</name>
         <load_address>0x2000f592</load_address>
         <run_address>0x2000f592</run_address>
         <size>0x6</size>
         <input_file_ref idref="fl-3"/>
      </object_component>
      <object_component id="oc-309">
         <name>.const:.string:portInterruptIds</name>
         <load_address>0x2000f598</load_address>
         <run_address>0x2000f598</run_address>
         <size>0x4</size>
         <input_file_ref idref="fl-f"/>
      </object_component>
      <object_component id="oc-705">
         <name>.cinit..data.load</name>
         <load_address>0x2000f760</load_address>
         <run_address>0x2000f760</run_address>
         <size>0xe8</size>
      </object_component>
      <object_component id="oc-703">
         <name>__TI_handler_table</name>
         <load_address>0x2000f848</load_address>
         <run_address>0x2000f848</run_address>
         <size>0xc</size>
      </object_component>
      <object_component id="oc-706">
         <name>.cinit..bss.load</name>
         <load_address>0x2000f858</load_address>
         <run_address>0x2000f858</run_address>
         <size>0x8</size>
      </object_component>
      <object_component id="oc-704">
         <name>__TI_cinit_table</name>
         <load_address>0x2000f860</load_address>
         <run_address>0x2000f860</run_address>
         <size>0x10</size>
      </object_component>
      <object_component id="oc-4da">
         <name>.data:sosMsgArray</name>
         <load_address>0x2000f21c</load_address>
         <run_address>0x2000f21c</run_address>
         <size>0x22</size>
         <input_file_ref idref="fl-2"/>
      </object_component>
      <object_component id="oc-4e0">
         <name>.data:okMsgArray</name>
         <load_address>0x2000f23e</load_address>
         <run_address>0x2000f23e</run_address>
         <size>0x1c</size>
         <input_file_ref idref="fl-2"/>
      </object_component>
      <object_component id="oc-4dd">
         <name>.data</name>
         <load_address>0x2000f2b0</load_address>
         <run_address>0x2000f2b0</run_address>
         <size>0x4</size>
         <input_file_ref idref="fl-2"/>
      </object_component>
      <object_component id="oc-3c0">
         <name>.data:gpioPinConfigs</name>
         <load_address>0x2000f26c</load_address>
         <run_address>0x2000f26c</run_address>
         <size>0x10</size>
         <input_file_ref idref="fl-3"/>
      </object_component>
      <object_component id="oc-3c3">
         <name>.data:gpioCallbackFunctions</name>
         <load_address>0x2000f25c</load_address>
         <run_address>0x2000f25c</run_address>
         <size>0x10</size>
         <input_file_ref idref="fl-3"/>
      </object_component>
      <object_component id="oc-365">
         <name>.data:parkInfo</name>
         <load_address>0x2000f124</load_address>
         <run_address>0x2000f124</run_address>
         <size>0xf8</size>
         <input_file_ref idref="fl-3"/>
      </object_component>
      <object_component id="oc-3d3">
         <name>.data</name>
         <load_address>0x2000f25a</load_address>
         <run_address>0x2000f25a</run_address>
         <size>0x1</size>
         <input_file_ref idref="fl-e"/>
      </object_component>
      <object_component id="oc-2b0">
         <name>.data</name>
         <load_address>0x2000f27c</load_address>
         <run_address>0x2000f27c</run_address>
         <size>0x9</size>
         <input_file_ref idref="fl-f"/>
      </object_component>
      <object_component id="oc-27d">
         <name>.data:PowerCC32XX_module</name>
         <load_address>0x2000efb8</load_address>
         <run_address>0x2000efb8</run_address>
         <size>0x16c</size>
         <input_file_ref idref="fl-10"/>
      </object_component>
      <object_component id="oc-3a6">
         <name>.data</name>
         <load_address>0x2000f285</load_address>
         <run_address>0x2000f285</run_address>
         <size>0x3</size>
         <input_file_ref idref="fl-15"/>
      </object_component>
      <object_component id="oc-482">
         <name>.data:SemaphoreP_defaultParams</name>
         <load_address>0x2000f298</load_address>
         <run_address>0x2000f298</run_address>
         <size>0x8</size>
         <input_file_ref idref="fl-15"/>
      </object_component>
      <object_component id="oc-47c">
         <name>.data</name>
         <load_address>0x2000f2a8</load_address>
         <run_address>0x2000f2a8</run_address>
         <size>0x5</size>
         <input_file_ref idref="fl-16"/>
      </object_component>
      <object_component id="oc-4eb">
         <name>.data:HwiP_dispatchTable</name>
         <load_address>0x2000ecac</load_address>
         <run_address>0x2000ecac</run_address>
         <size>0x30c</size>
         <input_file_ref idref="fl-17"/>
      </object_component>
      <object_component id="oc-4f4">
         <name>.data</name>
         <load_address>0x2000f2a0</load_address>
         <run_address>0x2000f2a0</run_address>
         <size>0x8</size>
         <input_file_ref idref="fl-17"/>
      </object_component>
      <object_component id="oc-561">
         <name>.data:$O1$$</name>
         <load_address>0x2000f290</load_address>
         <run_address>0x2000f290</run_address>
         <size>0x8</size>
         <input_file_ref idref="fl-de"/>
      </object_component>
      <object_component id="oc-205">
         <name>.data:$O1$$</name>
         <load_address>0x2000f288</load_address>
         <run_address>0x2000f288</run_address>
         <size>0x8</size>
         <input_file_ref idref="fl-e6"/>
      </object_component>
      <object_component id="oc-2bf">
         <name>.bss:gpioCallbackInfo</name>
         <uninitialized>true</uninitialized>
         <run_address>0x2000f700</run_address>
         <size>0x20</size>
         <input_file_ref idref="fl-f"/>
      </object_component>
      <object_component id="oc-2b6">
         <name>.bss:powerNotifyObj</name>
         <uninitialized>true</uninitialized>
         <run_address>0x2000f720</run_address>
         <size>0x14</size>
         <input_file_ref idref="fl-f"/>
      </object_component>
      <object_component id="oc-2af">
         <name>.bss</name>
         <uninitialized>true</uninitialized>
         <run_address>0x2000f734</run_address>
         <size>0x4</size>
         <input_file_ref idref="fl-f"/>
      </object_component>
      <object_component id="oc-6ac">
         <name>.bss:timerState</name>
         <uninitialized>true</uninitialized>
         <run_address>0x2000f75c</run_address>
         <size>0x4</size>
         <input_file_ref idref="fl-12"/>
      </object_component>
      <object_component id="oc-5c8">
         <name>.bss</name>
         <uninitialized>true</uninitialized>
         <run_address>0x2000f758</run_address>
         <size>0x4</size>
         <input_file_ref idref="fl-16"/>
      </object_component>
      <object_component id="oc-4fb">
         <name>.bss</name>
         <uninitialized>true</uninitialized>
         <run_address>0x2000f748</run_address>
         <size>0xd</size>
         <input_file_ref idref="fl-1a"/>
      </object_component>
      <object_component id="oc-1f9">
         <name>.common:Button_Press</name>
         <uninitialized>true</uninitialized>
         <run_address>0x2000f755</run_address>
         <size>0x1</size>
      </object_component>
      <object_component id="oc-1f8">
         <name>.common:Message_State</name>
         <uninitialized>true</uninitialized>
         <run_address>0x2000f757</run_address>
         <size>0x1</size>
      </object_component>
      <object_component id="oc-4d9">
         <name>.common:LED_State</name>
         <uninitialized>true</uninitialized>
         <run_address>0x2000f756</run_address>
         <size>0x1</size>
      </object_component>
      <object_component id="oc-4cb">
         <name>.common:timerCC32XXObjects</name>
         <uninitialized>true</uninitialized>
         <run_address>0x2000f6cc</run_address>
         <size>0x34</size>
      </object_component>
      <object_component id="oc-5dd">
         <name>.common:PowerCC32XX_contextSave</name>
         <uninitialized>true</uninitialized>
         <run_address>0x2000f5a0</run_address>
         <size>0x12c</size>
      </object_component>
      <object_component id="oc-e1">
         <name>.common:ClockP_ctrl</name>
         <uninitialized>true</uninitialized>
         <run_address>0x2000f738</run_address>
         <size>0x10</size>
      </object_component>
      <object_component id="oc-2a">
         <name>.sysmem</name>
         <uninitialized>true</uninitialized>
         <run_address>0x20004040</run_address>
         <size>0x10</size>
         <input_file_ref idref="fl-de"/>
      </object_component>
      <object_component id="oc-709">
         <name>.sysmem</name>
         <uninitialized>true</uninitialized>
         <run_address>0x20004040</run_address>
         <size>0x0</size>
      </object_component>
      <object_component id="oc-2d">
         <name>.stack</name>
         <uninitialized>true</uninitialized>
         <run_address>0x20003000</run_address>
         <size>0x4</size>
         <input_file_ref idref="fl-df"/>
      </object_component>
      <object_component id="oc-708">
         <name>.stack</name>
         <uninitialized>true</uninitialized>
         <run_address>0x20003000</run_address>
         <size>0x0</size>
      </object_component>
      <object_component id="oc-27">
         <name>.resetVecs:retain</name>
         <load_address>0x20004000</load_address>
         <run_address>0x20004000</run_address>
         <size>0x40</size>
         <input_file_ref idref="fl-19"/>
      </object_component>
      <object_component id="oc-bb">
         <name>.ramVecs</name>
         <uninitialized>true</uninitialized>
         <run_address>0x20000000</run_address>
         <size>0x30c</size>
         <input_file_ref idref="fl-19"/>
      </object_component>
      <object_component id="oc-14d">
         <name>.debug_info</name>
         <load_address>0x0</load_address>
         <run_address>0x0</run_address>
         <size>0x45e</size>
         <input_file_ref idref="fl-2"/>
      </object_component>
      <object_component id="oc-4db">
         <name>.debug_info</name>
         <load_address>0x45e</load_address>
         <run_address>0x45e</run_address>
         <size>0xfb</size>
         <input_file_ref idref="fl-2"/>
      </object_component>
      <object_component id="oc-4e1">
         <name>.debug_info</name>
         <load_address>0x559</load_address>
         <run_address>0x559</run_address>
         <size>0xf9</size>
         <input_file_ref idref="fl-2"/>
      </object_component>
      <object_component id="oc-4de">
         <name>.debug_info</name>
         <load_address>0x652</load_address>
         <run_address>0x652</run_address>
         <size>0xe7</size>
         <input_file_ref idref="fl-2"/>
      </object_component>
      <object_component id="oc-4d4">
         <name>.debug_info</name>
         <load_address>0x739</load_address>
         <run_address>0x739</run_address>
         <size>0x19f</size>
         <input_file_ref idref="fl-2"/>
      </object_component>
      <object_component id="oc-3e4">
         <name>.debug_info</name>
         <load_address>0x8d8</load_address>
         <run_address>0x8d8</run_address>
         <size>0x167</size>
         <input_file_ref idref="fl-2"/>
      </object_component>
      <object_component id="oc-31d">
         <name>.debug_info</name>
         <load_address>0xa3f</load_address>
         <run_address>0xa3f</run_address>
         <size>0x13f</size>
         <input_file_ref idref="fl-2"/>
      </object_component>
      <object_component id="oc-2dc">
         <name>.debug_info</name>
         <load_address>0xb7e</load_address>
         <run_address>0xb7e</run_address>
         <size>0x1b0</size>
         <input_file_ref idref="fl-2"/>
      </object_component>
      <object_component id="oc-1db">
         <name>.debug_info</name>
         <load_address>0xd2e</load_address>
         <run_address>0xd2e</run_address>
         <size>0x1ac</size>
         <input_file_ref idref="fl-2"/>
      </object_component>
      <object_component id="oc-1f3">
         <name>.debug_info</name>
         <load_address>0xeda</load_address>
         <run_address>0xeda</run_address>
         <size>0x17d</size>
         <input_file_ref idref="fl-2"/>
      </object_component>
      <object_component id="oc-1fb">
         <name>.debug_info</name>
         <load_address>0x1057</load_address>
         <run_address>0x1057</run_address>
         <size>0x17d</size>
         <input_file_ref idref="fl-2"/>
      </object_component>
      <object_component id="oc-160">
         <name>.debug_info</name>
         <load_address>0x11d4</load_address>
         <run_address>0x11d4</run_address>
         <size>0x22b</size>
         <input_file_ref idref="fl-2"/>
      </object_component>
      <object_component id="oc-1aa">
         <name>.debug_info</name>
         <load_address>0x13ff</load_address>
         <run_address>0x13ff</run_address>
         <size>0x2a9</size>
         <input_file_ref idref="fl-2"/>
      </object_component>
      <object_component id="oc-e7">
         <name>.debug_info</name>
         <load_address>0x16a8</load_address>
         <run_address>0x16a8</run_address>
         <size>0x26b</size>
         <input_file_ref idref="fl-2"/>
      </object_component>
      <object_component id="oc-1af">
         <name>.debug_info</name>
         <load_address>0x1913</load_address>
         <run_address>0x1913</run_address>
         <size>0x68</size>
         <input_file_ref idref="fl-2"/>
      </object_component>
      <object_component id="oc-36">
         <name>.debug_info</name>
         <load_address>0x197b</load_address>
         <run_address>0x197b</run_address>
         <size>0x84</size>
         <input_file_ref idref="fl-2"/>
      </object_component>
      <object_component id="oc-1b9">
         <name>.debug_info</name>
         <load_address>0x19ff</load_address>
         <run_address>0x19ff</run_address>
         <size>0x3b</size>
         <input_file_ref idref="fl-2"/>
      </object_component>
      <object_component id="oc-148">
         <name>.debug_info</name>
         <load_address>0x1a3a</load_address>
         <run_address>0x1a3a</run_address>
         <size>0x2a4</size>
         <input_file_ref idref="fl-2"/>
      </object_component>
      <object_component id="oc-1b4">
         <name>.debug_info</name>
         <load_address>0x1cde</load_address>
         <run_address>0x1cde</run_address>
         <size>0xef</size>
         <input_file_ref idref="fl-2"/>
      </object_component>
      <object_component id="oc-12f">
         <name>.debug_info</name>
         <load_address>0x1dcd</load_address>
         <run_address>0x1dcd</run_address>
         <size>0xbb</size>
         <input_file_ref idref="fl-2"/>
      </object_component>
      <object_component id="oc-60b">
         <name>.debug_info</name>
         <load_address>0x1e88</load_address>
         <run_address>0x1e88</run_address>
         <size>0x53</size>
         <input_file_ref idref="fl-2"/>
      </object_component>
      <object_component id="oc-1a4">
         <name>.debug_info</name>
         <load_address>0x1edb</load_address>
         <run_address>0x1edb</run_address>
         <size>0x4b0</size>
         <input_file_ref idref="fl-3"/>
      </object_component>
      <object_component id="oc-3c1">
         <name>.debug_info</name>
         <load_address>0x238b</load_address>
         <run_address>0x238b</run_address>
         <size>0x109</size>
         <input_file_ref idref="fl-3"/>
      </object_component>
      <object_component id="oc-3c4">
         <name>.debug_info</name>
         <load_address>0x2494</load_address>
         <run_address>0x2494</run_address>
         <size>0x117</size>
         <input_file_ref idref="fl-3"/>
      </object_component>
      <object_component id="oc-3d7">
         <name>.debug_info</name>
         <load_address>0x25ab</load_address>
         <run_address>0x25ab</run_address>
         <size>0x244</size>
         <input_file_ref idref="fl-3"/>
      </object_component>
      <object_component id="oc-2b4">
         <name>.debug_info</name>
         <load_address>0x27ef</load_address>
         <run_address>0x27ef</run_address>
         <size>0x10f</size>
         <input_file_ref idref="fl-3"/>
      </object_component>
      <object_component id="oc-281">
         <name>.debug_info</name>
         <load_address>0x28fe</load_address>
         <run_address>0x28fe</run_address>
         <size>0x111</size>
         <input_file_ref idref="fl-3"/>
      </object_component>
      <object_component id="oc-4cd">
         <name>.debug_info</name>
         <load_address>0x2a0f</load_address>
         <run_address>0x2a0f</run_address>
         <size>0x111</size>
         <input_file_ref idref="fl-3"/>
      </object_component>
      <object_component id="oc-3da">
         <name>.debug_info</name>
         <load_address>0x2b20</load_address>
         <run_address>0x2b20</run_address>
         <size>0x105</size>
         <input_file_ref idref="fl-3"/>
      </object_component>
      <object_component id="oc-366">
         <name>.debug_info</name>
         <load_address>0x2c25</load_address>
         <run_address>0x2c25</run_address>
         <size>0xfd</size>
         <input_file_ref idref="fl-3"/>
      </object_component>
      <object_component id="oc-1cd">
         <name>.debug_info</name>
         <load_address>0x2d22</load_address>
         <run_address>0x2d22</run_address>
         <size>0x155</size>
         <input_file_ref idref="fl-3"/>
      </object_component>
      <object_component id="oc-154">
         <name>.debug_info</name>
         <load_address>0x2e77</load_address>
         <run_address>0x2e77</run_address>
         <size>0x18b</size>
         <input_file_ref idref="fl-3"/>
      </object_component>
      <object_component id="oc-22d">
         <name>.debug_info</name>
         <load_address>0x3002</load_address>
         <run_address>0x3002</run_address>
         <size>0x183</size>
         <input_file_ref idref="fl-3"/>
      </object_component>
      <object_component id="oc-134">
         <name>.debug_info</name>
         <load_address>0x3185</load_address>
         <run_address>0x3185</run_address>
         <size>0x100</size>
         <input_file_ref idref="fl-3"/>
      </object_component>
      <object_component id="oc-228">
         <name>.debug_info</name>
         <load_address>0x3285</load_address>
         <run_address>0x3285</run_address>
         <size>0x878</size>
         <input_file_ref idref="fl-3"/>
      </object_component>
      <object_component id="oc-240">
         <name>.debug_info</name>
         <load_address>0x3afd</load_address>
         <run_address>0x3afd</run_address>
         <size>0xf8</size>
         <input_file_ref idref="fl-3"/>
      </object_component>
      <object_component id="oc-223">
         <name>.debug_info</name>
         <load_address>0x3bf5</load_address>
         <run_address>0x3bf5</run_address>
         <size>0x9a</size>
         <input_file_ref idref="fl-3"/>
      </object_component>
      <object_component id="oc-23b">
         <name>.debug_info</name>
         <load_address>0x3c8f</load_address>
         <run_address>0x3c8f</run_address>
         <size>0xb6</size>
         <input_file_ref idref="fl-3"/>
      </object_component>
      <object_component id="oc-232">
         <name>.debug_info</name>
         <load_address>0x3d45</load_address>
         <run_address>0x3d45</run_address>
         <size>0xa1</size>
         <input_file_ref idref="fl-3"/>
      </object_component>
      <object_component id="oc-426">
         <name>.debug_info</name>
         <load_address>0x3de6</load_address>
         <run_address>0x3de6</run_address>
         <size>0x62</size>
         <input_file_ref idref="fl-3"/>
      </object_component>
      <object_component id="oc-108">
         <name>.debug_info</name>
         <load_address>0x3e48</load_address>
         <run_address>0x3e48</run_address>
         <size>0x8b</size>
         <input_file_ref idref="fl-3"/>
      </object_component>
      <object_component id="oc-aa">
         <name>.debug_info</name>
         <load_address>0x3ed3</load_address>
         <run_address>0x3ed3</run_address>
         <size>0x2c</size>
         <input_file_ref idref="fl-3"/>
      </object_component>
      <object_component id="oc-11d">
         <name>.debug_info</name>
[...]
         <object_component_ref idref="oc-2e8"/>
      </symbol>
      <symbol id="sm-42d">
         <name>PowerCC32XX_enterLPDS</name>
         <value>0x2000e199</value>
         <object_component_ref idref="oc-528"/>
      </symbol>
      <symbol id="sm-42e">
         <name>PowerCC32XX_resumeLPDS</name>
         <value>0x2000dce1</value>
         <object_component_ref idref="oc-5df"/>
      </symbol>
      <symbol id="sm-4fa">
         <name>TimerCC32XX_open</name>
         <value>0x2000ca6d</value>
         <object_component_ref idref="oc-581"/>
      </symbol>
      <symbol id="sm-4fb">
         <name>TimerCC32XX_init</name>
         <value>0x2000e10f</value>
         <object_component_ref idref="oc-57b"/>
      </symbol>
      <symbol id="sm-4fc">
         <name>TimerCC32XX_fxnTable</name>
         <value>0x2000f4c4</value>
         <object_component_ref idref="oc-4c8"/>
      </symbol>
      <symbol id="sm-4fd">
         <name>TimerCC32XX_setPeriod</name>
         <value>0x2000d571</value>
         <object_component_ref idref="oc-587"/>
      </symbol>
      <symbol id="sm-4fe">
         <name>TimerCC32XX_start</name>
         <value>0x2000d7f9</value>
         <object_component_ref idref="oc-58d"/>
      </symbol>
      <symbol id="sm-4ff">
         <name>TimerCC32XX_freeTimerResource</name>
         <value>0x2000e645</value>
         <object_component_ref idref="oc-625"/>
      </symbol>
      <symbol id="sm-500">
         <name>TimerCC32XX_control</name>
         <value>0x2000ec8f</value>
         <object_component_ref idref="oc-56f"/>
      </symbol>
      <symbol id="sm-501">
         <name>TimerCC32XX_stop</name>
         <value>0x2000dc35</value>
         <object_component_ref idref="oc-593"/>
      </symbol>
      <symbol id="sm-502">
         <name>TimerCC32XX_close</name>
         <value>0x2000e3e5</value>
         <object_component_ref idref="oc-569"/>
      </symbol>
      <symbol id="sm-503">
         <name>TimerCC32XX_allocateTimerResource</name>
         <value>0x2000de25</value>
         <object_component_ref idref="oc-62f"/>
      </symbol>
      <symbol id="sm-504">
         <name>TimerCC32XX_getCount</name>
         <value>0x2000ea15</value>
         <object_component_ref idref="oc-575"/>
      </symbol>
      <symbol id="sm-51c">
         <name>List_remove</name>
         <value>0x2000e853</value>
         <object_component_ref idref="oc-691"/>
      </symbol>
      <symbol id="sm-51d">
         <name>List_put</name>
         <value>0x2000e82d</value>
         <object_component_ref idref="oc-3aa"/>
      </symbol>
      <symbol id="sm-598">
         <name>SemaphoreP_defaultParams</name>
         <value>0x2000f298</value>
         <object_component_ref idref="oc-482"/>
      </symbol>
      <symbol id="sm-599">
         <name>SemaphoreP_construct</name>
         <value>0x2000ddd5</value>
         <object_component_ref idref="oc-486"/>
      </symbol>
      <symbol id="sm-59a">
         <name>SemaphoreP_create</name>
         <value>0x2000eaa1</value>
         <object_component_ref idref="oc-370"/>
      </symbol>
      <symbol id="sm-59b">
         <name>SemaphoreP_post</name>
         <value>0x2000e1dd</value>
         <object_component_ref idref="oc-2a9"/>
      </symbol>
      <symbol id="sm-59c">
         <name>SemaphoreP_pend</name>
         <value>0x2000d04d</value>
         <object_component_ref idref="oc-29d"/>
      </symbol>
      <symbol id="sm-59d">
         <name>SemaphoreP_delete</name>
         <value>0x2000ec9f</value>
         <object_component_ref idref="oc-297"/>
      </symbol>
      <symbol id="sm-59e">
         <name>SemaphoreP_createBinary</name>
         <value>0x2000e9ad</value>
         <object_component_ref idref="oc-285"/>
      </symbol>
      <symbol id="sm-59f">
         <name>SemaphoreP_Params_init</name>
         <value>0x2000ebd5</value>
         <object_component_ref idref="oc-36a"/>
      </symbol>
      <symbol id="sm-5a0">
         <name>clkFxn</name>
         <value>0x2000e9c7</value>
         <object_component_ref idref="oc-3a0"/>
      </symbol>
      <symbol id="sm-65b">
         <name>ClockP_ctrl</name>
         <value>0x2000f738</value>
      </symbol>
      <symbol id="sm-65c">
         <name>ClockP_doTick</name>
         <value>0x2000dd85</value>
         <object_component_ref idref="oc-79"/>
      </symbol>
      <symbol id="sm-65d">
         <name>ClockP_startup</name>
         <value>0x2000e5dd</value>
         <object_component_ref idref="oc-507"/>
      </symbol>
      <symbol id="sm-65e">
         <name>ClockP_stop</name>
         <value>0x2000e111</value>
         <object_component_ref idref="oc-4ae"/>
      </symbol>
      <symbol id="sm-65f">
         <name>ClockP_getTicksUntilInterrupt</name>
         <value>0x2000e5a9</value>
         <object_component_ref idref="oc-448"/>
      </symbol>
      <symbol id="sm-660">
         <name>ClockP_setTicks</name>
         <value>0x2000eb95</value>
         <object_component_ref idref="oc-470"/>
      </symbol>
      <symbol id="sm-661">
         <name>ClockP_tickPeriod</name>
         <value>0x2000f2a8</value>
         <object_component_ref idref="oc-47c"/>
      </symbol>
      <symbol id="sm-662">
         <name>ClockP_getSystemTicks</name>
         <value>0x2000eb85</value>
         <object_component_ref idref="oc-454"/>
      </symbol>
      <symbol id="sm-663">
         <name>ClockP_destruct</name>
         <value>0x2000e36d</value>
         <object_component_ref idref="oc-39a"/>
      </symbol>
      <symbol id="sm-664">
         <name>ClockP_start</name>
         <value>0x2000e6ad</value>
         <object_component_ref idref="oc-388"/>
      </symbol>
      <symbol id="sm-665">
         <name>ClockP_sysTickHandler</name>
         <value>0x2000dd85</value>
         <object_component_ref idref="oc-79"/>
      </symbol>
      <symbol id="sm-666">
         <name>ClockP_isActive</name>
         <value>0x2000ec69</value>
         <object_component_ref idref="oc-394"/>
      </symbol>
      <symbol id="sm-667">
         <name>ClockP_getCpuFreq</name>
         <value>0x2000eb75</value>
         <object_component_ref idref="oc-436"/>
      </symbol>
      <symbol id="sm-668">
         <name>ClockP_add</name>
         <value>0x2000eb63</value>
         <object_component_ref idref="oc-382"/>
      </symbol>
      <symbol id="sm-6f1">
         <name>HwiP_delete</name>
         <value>0x2000eba5</value>
         <object_component_ref idref="oc-61f"/>
      </symbol>
      <symbol id="sm-6f2">
         <name>HwiP_construct</name>
         <value>0x2000d349</value>
         <object_component_ref idref="oc-3f3"/>
      </symbol>
      <symbol id="sm-6f3">
         <name>HwiP_inISR</name>
         <value>0x2000eacd</value>
         <object_component_ref idref="oc-3b1"/>
      </symbol>
      <symbol id="sm-6f4">
         <name>HwiP_dispatch</name>
         <value>0x2000e879</value>
         <object_component_ref idref="oc-4ee"/>
      </symbol>
      <symbol id="sm-6f5">
         <name>HwiP_destruct</name>
         <value>0x2000e8c1</value>
         <object_component_ref idref="oc-699"/>
      </symbol>
      <symbol id="sm-6f6">
         <name>HwiP_clearInterrupt</name>
         <value>0x2000ebf5</value>
         <object_component_ref idref="oc-619"/>
      </symbol>
      <symbol id="sm-6f7">
         <name>HwiP_swiPIntNum</name>
         <value>0x2000f2a4</value>
         <object_component_ref idref="oc-4f4"/>
      </symbol>
      <symbol id="sm-6f8">
         <name>HwiP_Params_init</name>
         <value>0x2000eb1d</value>
         <object_component_ref idref="oc-2ee"/>
      </symbol>
      <symbol id="sm-6f9">
         <name>HwiP_disable</name>
         <value>0x2000ec03</value>
         <object_component_ref idref="oc-28b"/>
      </symbol>
      <symbol id="sm-6fa">
         <name>HwiP_key</name>
         <value>0x2000f2a0</value>
         <object_component_ref idref="oc-4f4"/>
      </symbol>
      <symbol id="sm-6fb">
         <name>HwiP_create</name>
         <value>0x2000e70d</value>
         <object_component_ref idref="oc-2f4"/>
      </symbol>
      <symbol id="sm-6fc">
         <name>HwiP_post</name>
         <value>0x2000ec9b</value>
         <object_component_ref idref="oc-54e"/>
      </symbol>
      <symbol id="sm-6fd">
         <name>HwiP_enable</name>
         <value>0x2000ec11</value>
         <object_component_ref idref="oc-159"/>
      </symbol>
      <symbol id="sm-6fe">
         <name>HwiP_restore</name>
         <value>0x2000ebb5</value>
         <object_component_ref idref="oc-291"/>
      </symbol>
      <symbol id="sm-72e">
         <name>PowerCC32XX_initPolicy</name>
         <value>0x2000dc8b</value>
         <object_component_ref idref="oc-359"/>
      </symbol>
      <symbol id="sm-72f">
         <name>PowerCC32XX_sleepPolicy</name>
         <value>0x2000c651</value>
         <object_component_ref idref="oc-35f"/>
      </symbol>
      <symbol id="sm-784">
         <name>resetISR</name>
         <value>0x2000e9c9</value>
         <object_component_ref idref="oc-21"/>
      </symbol>
      <symbol id="sm-785">
         <name>resetVectorAddr</name>
         <value>0x2000e9dc</value>
         <object_component_ref idref="oc-21"/>
      </symbol>
      <symbol id="sm-786">
         <name>initVectors</name>
         <value>0x2000e501</value>
         <object_component_ref idref="oc-59"/>
      </symbol>
      <symbol id="sm-787">
         <name>resetVectors</name>
         <value>0x20004000</value>
         <object_component_ref idref="oc-27"/>
      </symbol>
      <symbol id="sm-7b7">
         <name>SwiP_disable</name>
         <value>0x2000e959</value>
         <object_component_ref idref="oc-43c"/>
      </symbol>
      <symbol id="sm-7b8">
         <name>SwiP_restore</name>
         <value>0x2000e221</value>
         <object_component_ref idref="oc-476"/>
      </symbol>
      <symbol id="sm-7c3">
         <name>CPUcpsid</name>
         <value>0x2000eab7</value>
         <object_component_ref idref="oc-a3"/>
      </symbol>
      <symbol id="sm-808">
         <name>IntVTableBaseSet</name>
         <value>0x2000eae1</value>
         <object_component_ref idref="oc-af"/>
      </symbol>
      <symbol id="sm-809">
         <name>IntEnable</name>
         <value>0x2000cefd</value>
         <object_component_ref idref="oc-b5"/>
      </symbol>
      <symbol id="sm-80a">
         <name>IntMasterDisable</name>
         <value>0x2000ec73</value>
         <object_component_ref idref="oc-53"/>
      </symbol>
      <symbol id="sm-80b">
         <name>IntPendSet</name>
         <value>0x2000d461</value>
         <object_component_ref idref="oc-602"/>
      </symbol>
      <symbol id="sm-845">
         <name>PinModeGet</name>
         <value>0x2000e611</value>
         <object_component_ref idref="oc-26a"/>
      </symbol>
      <symbol id="sm-846">
         <name>PinConfigSet</name>
         <value>0x2000d4e9</value>
         <object_component_ref idref="oc-2e2"/>
      </symbol>
      <symbol id="sm-847">
         <name>PinModeSet</name>
         <value>0x2000e2ed</value>
         <object_component_ref idref="oc-270"/>
      </symbol>
      <symbol id="sm-848">
         <name>PinToPadGet</name>
         <value>0x2000e93d</value>
         <object_component_ref idref="oc-5d0"/>
      </symbol>
      <symbol id="sm-911">
         <name>PRCMLPDSRestoreInfoSet</name>
         <value>0x2000e155</value>
         <object_component_ref idref="oc-5e4"/>
      </symbol>
      <symbol id="sm-912">
         <name>PRCMPeripheralReset</name>
         <value>0x2000db85</value>
         <object_component_ref idref="oc-25e"/>
      </symbol>
      <symbol id="sm-913">
         <name>PRCMLPDSEnter</name>
         <value>0x2000dff1</value>
         <object_component_ref idref="oc-53f"/>
      </symbol>
      <symbol id="sm-914">
         <name>PRCMPeripheralClkEnable</name>
         <value>0x2000e039</value>
         <object_component_ref idref="oc-258"/>
      </symbol>
      <symbol id="sm-915">
         <name>PRCMLPDSEnterKeepDebugIf</name>
         <value>0x2000e459</value>
         <object_component_ref idref="oc-545"/>
      </symbol>
      <symbol id="sm-916">
         <name>PRCMCC3200MCUInit</name>
         <value>0x2000c041</value>
         <object_component_ref idref="oc-1c0"/>
      </symbol>
      <symbol id="sm-917">
         <name>PRCMHIBRegWrite</name>
         <value>0x2000ea8b</value>
         <object_component_ref idref="oc-24c"/>
      </symbol>
      <symbol id="sm-918">
         <name>PRCMSysResetCauseGet</name>
         <value>0x2000da15</value>
         <object_component_ref idref="oc-245"/>
      </symbol>
      <symbol id="sm-919">
         <name>PRCMPeripheralClkDisable</name>
         <value>0x2000e7b5</value>
         <object_component_ref idref="oc-264"/>
      </symbol>
      <symbol id="sm-91a">
         <name>PRCMHIBRegRead</name>
         <value>0x2000ea75</value>
         <object_component_ref idref="oc-252"/>
      </symbol>
      <symbol id="sm-962">
         <name>TimerLoadSet</name>
         <value>0x2000e737</value>
         <object_component_ref idref="oc-654"/>
      </symbol>
      <symbol id="sm-963">
         <name>TimerDisable</name>
         <value>0x2000e901</value>
         <object_component_ref idref="oc-66e"/>
      </symbol>
      <symbol id="sm-964">
         <name>TimerEnable</name>
         <value>0x2000e91f</value>
         <object_component_ref idref="oc-667"/>
      </symbol>
      <symbol id="sm-965">
         <name>TimerIntDisable</name>
         <value>0x2000ea2d</value>
         <object_component_ref idref="oc-674"/>
      </symbol>
      <symbol id="sm-966">
         <name>TimerPrescaleSet</name>
         <value>0x2000e761</value>
         <object_component_ref idref="oc-64e"/>
      </symbol>
      <symbol id="sm-967">
         <name>TimerControlStall</name>
         <value>0x2000e571</value>
         <object_component_ref idref="oc-6b2"/>
      </symbol>
      <symbol id="sm-968">
         <name>TimerIntEnable</name>
         <value>0x2000ea45</value>
         <object_component_ref idref="oc-65b"/>
      </symbol>
      <symbol id="sm-969">
         <name>TimerIntClear</name>
         <value>0x2000eb2f</value>
         <object_component_ref idref="oc-6ba"/>
      </symbol>
      <symbol id="sm-96d">
         <name>UtilsDelay</name>
         <value>0x2000ec95</value>
         <object_component_ref idref="oc-24b"/>
      </symbol>
      <symbol id="sm-97d">
         <name>FlashDisable</name>
         <value>0x2000dfa9</value>
         <object_component_ref idref="oc-5fa"/>
      </symbol>
      <symbol id="sm-986">
         <name>__aeabi_lmul</name>
         <value>0x2000ea5d</value>
         <object_component_ref idref="oc-46b"/>
      </symbol>
      <symbol id="sm-9a1">
         <name>memcpy</name>
         <value>0x2000d0ed</value>
         <object_component_ref idref="oc-3b"/>
      </symbol>
      <symbol id="sm-9a2">
         <name>__aeabi_memcpy</name>
         <value>0x2000d0ed</value>
         <object_component_ref idref="oc-3b"/>
      </symbol>
      <symbol id="sm-9a3">
         <name>__aeabi_memcpy8</name>
         <value>0x2000d0ed</value>
         <object_component_ref idref="oc-3b"/>
      </symbol>
      <symbol id="sm-9a4">
         <name>__aeabi_memcpy4</name>
         <value>0x2000d0ed</value>
         <object_component_ref idref="oc-3b"/>
      </symbol>
      <symbol id="sm-9b1">
         <name>__aeabi_uldivmod</name>
         <value>0x2000d221</value>
         <object_component_ref idref="oc-460"/>
      </symbol>
      <symbol id="sm-9c5">
         <name>__TI_zero_init_nomemset</name>
         <value>0x2000e975</value>
         <object_component_ref idref="oc-47"/>
      </symbol>
      <symbol id="sm-9dc">
         <name>__TI_decompress_none</name>
         <value>0x2000ec1f</value>
         <object_component_ref idref="oc-1a"/>
      </symbol>
      <symbol id="sm-9ff">
         <name>__TI_decompress_lzss</name>
         <value>0x2000d8e1</value>
         <object_component_ref idref="oc-14"/>
      </symbol>
      <symbol id="sm-a88">
         <name>_sys_memory</name>
         <value>0x20004040</value>
         <object_component_ref idref="oc-2a"/>
      </symbol>
      <symbol id="sm-a89">
         <name>free</name>
         <value>0x2000cc95</value>
         <object_component_ref idref="oc-37b"/>
      </symbol>
      <symbol id="sm-a8a">
         <name>memalign</name>
         <value>0x2000cb95</value>
         <object_component_ref idref="oc-4e4"/>
      </symbol>
      <symbol id="sm-a8b">
         <name>malloc</name>
         <value>0x2000ec87</value>
         <object_component_ref idref="oc-3ed"/>
      </symbol>
      <symbol id="sm-a8c">
         <name>aligned_alloc</name>
         <value>0x2000cb95</value>
         <object_component_ref idref="oc-4e4"/>
      </symbol>
      <symbol id="sm-a9e">
         <name>__stack</name>
         <value>0x20003000</value>
         <object_component_ref idref="oc-2d"/>
      </symbol>
      <symbol id="sm-a9f">
         <name>_c_int00_noargs</name>
         <value>0x2000e89d</value>
         <object_component_ref idref="oc-c5"/>
      </symbol>
      <symbol id="sm-aa9">
         <name>__aeabi_idiv0</name>
         <value>0x2000ecab</value>
         <object_component_ref idref="oc-510"/>
      </symbol>
      <symbol id="sm-aaa">
         <name>__aeabi_ldiv0</name>
         <value>0x2000ecab</value>
         <object_component_ref idref="oc-510"/>
      </symbol>
      <symbol id="sm-ad3">
         <name>__TI_auto_init_nobinit_nopinit</name>
         <value>0x2000e2a9</value>
         <object_component_ref idref="oc-172"/>
      </symbol>
      <symbol id="sm-add">
         <name>_system_pre_init</name>
         <value>0x2000eca3</value>
         <object_component_ref idref="oc-114"/>
      </symbol>
      <symbol id="sm-ae9">
         <name>C$$EXIT</name>
         <value>0x2000eca7</value>
         <object_component_ref idref="oc-166"/>
      </symbol>
      <symbol id="sm-aea">
         <name>abort</name>
         <value>0x2000eca7</value>
         <object_component_ref idref="oc-166"/>
      </symbol>
      <symbol id="sm-aff">
         <name>_nop</name>
         <value>0x2000e5a7</value>
         <object_component_ref idref="oc-326"/>
      </symbol>
      <symbol id="sm-b00">
         <name>_lock</name>
         <value>0x2000f288</value>
         <object_component_ref idref="oc-205"/>
      </symbol>
      <symbol id="sm-b01">
         <name>_unlock</name>
         <value>0x2000f28c</value>
         <object_component_ref idref="oc-205"/>
      </symbol>
      <symbol id="sm-b03">
         <name>__TI_static_base__</name>
         <value>0x2000f760</value>
      </symbol>
      <symbol id="sm-b06">
         <name>ITM_flush</name>
         <value>0x0</value>
      </symbol>
      <symbol id="sm-b07">
         <name>ITM_restore</name>
         <value>0x0</value>
      </symbol>
      <symbol id="sm-b08">
         <name>__mpu_init</name>
         <value>0x0</value>
      </symbol>
      <symbol id="sm-b09">
         <name>_system_post_cinit</name>
         <value>0x0</value>
      </symbol>
      <symbol id="sm-b0a">
         <name>NoRTOS_start</name>
         <value>0x2000ec11</value>
      </symbol>
   </symbol_table>
   <title>Link successful</title>
</link_info>
