******************************************************************************
                  TI ARM Linker PC v20.2.7                     
******************************************************************************
>> Linked Fri Nov 29 04:05:59 2024

OUTPUT FILE NAME:   <gpiointerrupt_CC3220S_LAUNCHXL_nortos_ccs.out>
ENTRY POINT SYMBOL: "resetISR"  address: 2000e9c9


MEMORY CONFIGURATION

         name            origin    length      used     unused   attr    fill
----------------------  --------  ---------  --------  --------  ----  --------
  SRAM2                 20000000   00004000  0000130c  00002cf4  RW X
  SRAM                  20004000   0003c000  0000b86c  00030794  RW X
  LOG_DATA              90000000   00040000  00000000  00040000  R   


SEGMENT ALLOCATION MAP

run origin  load origin   length   init length attrs members
----------  ----------- ---------- ----------- ----- -------
20003000    20003000    00001000   00000000    rw-
  20003000    20003000    00001000   00000000    rw- .stack
20004000    20004000    00000040   00000040    r--
  20004000    20004000    00000040   00000040    r-- .resetVecs
20004040    20004040    00008000   00000000    rw-
  20004040    20004040    00008000   00000000    rw- .sysmem
2000c040    2000c040    00002c6c   00002c6c    r-x
  2000c040    2000c040    00002c6c   00002c6c    r-x .text
2000ecac    2000ecac    00000608   00000000    rw-
  2000ecac    2000ecac    00000608   00000000    rw- .data
2000f2b4    2000f2b4    000002e8   000002e8    r--
  2000f2b4    2000f2b4    000002e8   000002e8    r-- .const
2000f5a0    2000f5a0    000001c0   00000000    rw-
  2000f5a0    2000f5a0    000001c0   00000000    rw- .bss
2000f760    2000f760    00000110   00000110    r--
  2000f760    2000f760    00000110   00000110    r-- .cinit


SECTION ALLOCATION MAP

 output                                  attributes/
section   page    origin      length       input sections
--------  ----  ----------  ----------   ----------------
.text      0    2000c040    00002c6c     
                  2000c040    0000042c     driverlib.a : prcm.obj (.text:PRCMCC3200MCUInit)
                  2000c46c    000001e4     drivers_cc32xx.a : GPIOCC32XX.oem4 (.text:GPIO_setConfig)
                  2000c650    0000019c     nortos_cc32xx.a : PowerCC32XX_nortos.oem4 (.text:PowerCC32XX_sleepPolicy)
                  2000c7ec    00000148     drivers_cc32xx.a : PowerCC32XX.oem4 (.text:parkPins)
                  2000c934    00000138                      : PowerCC32XX.oem4 (.text:Power_sleep)
                  2000ca6c    00000128                      : TimerCC32XX.oem4 (.text:TimerCC32XX_open)
                  2000cb94    00000100     rtsv7M4_T_le_eabi.lib : memory.c.obj (.text:aligned_alloc)
                  2000cc94    000000e4                           : memory.c.obj (.text:free)
                  2000cd78    000000c4     drivers_cc32xx.a : GPIOCC32XX.oem4 (.text:GPIO_init)
                  2000ce3c    000000c0                      : PowerCC32XX.oem4 (.text:restoreParkedPins)
                  2000cefc    000000a8     driverlib.a : interrupt.obj (.text:IntEnable)
                  2000cfa4    000000a8     drivers_cc32xx.a : PowerCC32XX.oem4 (.text:PowerCC32XX_configureWakeup)
                  2000d04c    000000a0     nortos_cc32xx.a : SemaphoreP_nortos.oem4 (.text:SemaphoreP_pend)
                  2000d0ec    0000009c     rtsv7M4_T_le_eabi.lib : memcpy_t2.asm.obj (.text)
                  2000d188    00000098     drivers_cc32xx.a : GPIOCC32XX.oem4 (.text:powerNotifyFxn)
                  2000d220    00000096     rtsv7M4_T_le_eabi.lib : ull_div_t2.asm.obj (.text)
                  2000d2b6    00000002     ti_drivers_config.obj (.text:Board_initHook)
                  2000d2b8    00000090     drivers_cc32xx.a : PowerCC32XX.oem4 (.text:restoreNVICRegs)
                  2000d348    0000008c     nortos_cc32xx.a : HwiPCC32XX_nortos.oem4 (.text:HwiP_construct)
                  2000d3d4    0000008c     gpiointerrupt.obj (.text:Message_State_SM)
                  2000d460    00000088     driverlib.a : interrupt.obj (.text:IntPendSet)
                  2000d4e8    00000088                 : pin.obj (.text:PinConfigSet)
                  2000d570    00000088     drivers_cc32xx.a : TimerCC32XX.oem4 (.text:TimerCC32XX_setPeriod)
                  2000d5f8    00000084                      : PowerCC32XX.oem4 (.text:Power_init)
                  2000d67c    00000084                      : PowerCC32XX.oem4 (.text:saveNVICRegs)
                  2000d700    00000080                      : PowerCC32XX.oem4 (.text:Power_setDependency)
                  2000d780    00000078                      : GPIOCC32XX.oem4 (.text:GPIO_hwiIntFxn)
                  2000d7f8    00000078                      : TimerCC32XX.oem4 (.text:TimerCC32XX_start)
                  2000d870    00000070     rtsv7M4_T_le_eabi.lib : memory.c.obj (.text:split)
                  2000d8e0    00000068                           : copy_decompress_lzss.c.obj (.text:decompress:lzss:__TI_decompress_lzss)
                  2000d948    00000068     gpiointerrupt.obj (.text:mainThread)
                  2000d9b0    00000064     drivers_cc32xx.a : PowerCC32XX.oem4 (.text:PowerCC32XX_setParkState)
                  2000da14    00000060     driverlib.a : prcm.obj (.text:PRCMSysResetCauseGet)
                  2000da74    0000005c     drivers_cc32xx.a : GPIOCC32XX.oem4 (.text:GPIO_setCallback)
                  2000dad0    0000005c     nortos_cc32xx.a : ClockPSysTick_nortos.oem4 (.text:sysTickInit)
                  2000db2c    00000058     drivers_cc32xx.a : GPIOCC32XX.oem4 (.text:GPIO_write)
                  2000db84    00000058     driverlib.a : prcm.obj (.text:PRCMPeripheralReset)
                  2000dbdc    00000058     drivers_cc32xx.a : PowerCC32XX.oem4 (.text:Power_releaseDependency)
                  2000dc34    00000056                      : TimerCC32XX.oem4 (.text:TimerCC32XX_stop)
                  2000dc8a    00000002     nortos_cc32xx.a : PowerCC32XX_nortos.oem4 (.text:PowerCC32XX_initPolicy)
                  2000dc8c    00000054     gpiointerrupt.obj (.text:LED_State_SM)
                  2000dce0    00000052     drivers_cc32xx.a : PowerCC32XX_asm.oem4 (.text:PowerCC32XX_resumeLPDS)
                  2000dd32    00000052                      : TimerCC32XX.oem4 (.text:initHw)
                  2000dd84    00000050     nortos_cc32xx.a : ClockPSysTick_nortos.oem4 (.text:ClockP_sysTickHandler)
                  2000ddd4    00000050                     : SemaphoreP_nortos.oem4 (.text:SemaphoreP_construct)
                  2000de24    00000050     drivers_cc32xx.a : TimerCC32XX.oem4 (.text:TimerCC32XX_allocateTimerResource)
                  2000de74    00000050     gpiointerrupt.obj (.text:initTimer)
                  2000dec4    0000004c     drivers_cc32xx.a : GPIOCC32XX.oem4 (.text:GPIO_enableInt)
                  2000df10    0000004c                      : PowerCC32XX.oem4 (.text:PowerCC32XX_parkPin)
                  2000df5c    0000004c                      : PowerCC32XX.oem4 (.text:restorePeriphClocks)
                  2000dfa8    00000048     driverlib.a : flash.obj (.text:FlashDisable)
                  2000dff0    00000048                 : prcm.obj (.text:PRCMLPDSEnter)
                  2000e038    00000048                 : prcm.obj (.text:PRCMPeripheralClkEnable)
                  2000e080    00000048     drivers_cc32xx.a : PowerCC32XX.oem4 (.text:Power_releaseConstraint)
                  2000e0c8    00000046                      : TimerCC32XX.oem4 (.text:getPrescaler)
                  2000e10e    00000002                      : TimerCC32XX.oem4 (.text:TimerCC32XX_init)
                  2000e110    00000044     nortos_cc32xx.a : ClockPSysTick_nortos.oem4 (.text:ClockP_stop)
                  2000e154    00000044     driverlib.a : prcm.obj (.text:PRCMLPDSRestoreInfoSet)
                  2000e198    00000044     drivers_cc32xx.a : PowerCC32XX_asm.oem4 (.text:PowerCC32XX_enterLPDS)
                  2000e1dc    00000044     nortos_cc32xx.a : SemaphoreP_nortos.oem4 (.text:SemaphoreP_post)
                  2000e220    00000044                     : SwiP_nortos.oem4 (.text:SwiP_restore)
                  2000e264    00000044     drivers_cc32xx.a : Timer.oem4 (.text:Timer_init)
                  2000e2a8    00000044     rtsv7M4_T_le_eabi.lib : autoinit.c.obj (.text:__TI_auto_init_nobinit_nopinit:__TI_auto_init_nobinit_nopinit)
                  2000e2ec    00000040     driverlib.a : pin.obj (.text:PinModeSet)
                  2000e32c    00000040     drivers_cc32xx.a : Timer.oem4 (.text:Timer_open)
                  2000e36c    0000003c     nortos_cc32xx.a : ClockPSysTick_nortos.oem4 (.text:ClockP_destruct)
                  2000e3a8    0000003c     drivers_cc32xx.a : PowerCC32XX.oem4 (.text:Power_setConstraint)
                  2000e3e4    0000003a                      : TimerCC32XX.oem4 (.text:TimerCC32XX_close)
                  2000e41e    0000003a     nortos_cc32xx.a : PowerCC32XX_nortos.oem4 (.text:getCountsRTC)
                  2000e458    00000038     driverlib.a : prcm.obj (.text:PRCMLPDSEnterKeepDebugIf)
                  2000e490    00000038     drivers_cc32xx.a : TimerCC32XX.oem4 (.text:TimerCC32XX_hwiIntFunction)
                  2000e4c8    00000038     nortos_cc32xx.a : ClockPSysTick_nortos.oem4 (.text:addToList)
                  2000e500    00000038                     : startup_cc32xx_ccs.oem4 (.text:initVectors)
                  2000e538    00000038     drivers_cc32xx.a : PowerCC32XX.oem4 (.text:notify)
                  2000e570    00000036     driverlib.a : timer.obj (.text:TimerControlStall)
                  2000e5a6    00000002     rtsv7M4_T_le_eabi.lib : _lock.c.obj (.text:_nop)
                  2000e5a8    00000034     nortos_cc32xx.a : ClockPSysTick_nortos.oem4 (.text:ClockP_getTicksUntilInterrupt)
                  2000e5dc    00000034                     : ClockPSysTick_nortos.oem4 (.text:ClockP_startup)
                  2000e610    00000034     driverlib.a : pin.obj (.text:PinModeGet)
                  2000e644    00000034     drivers_cc32xx.a : TimerCC32XX.oem4 (.text:TimerCC32XX_freeTimerResource)
                  2000e678    00000034                      : TimerCC32XX.oem4 (.text:getPowerMgrId)
                  2000e6ac    00000030     nortos_cc32xx.a : ClockPSysTick_nortos.oem4 (.text:ClockP_start)
                  2000e6dc    00000030     drivers_cc32xx.a : PowerCC32XX.oem4 (.text:PowerCC32XX_restoreParkedPin)
                  2000e70c    0000002a     nortos_cc32xx.a : HwiPCC32XX_nortos.oem4 (.text:HwiP_create)
                  2000e736    0000002a     driverlib.a : timer.obj (.text:TimerLoadSet)
                  2000e760    0000002a                 : timer.obj (.text:TimerPrescaleSet)
                  2000e78a    00000002     nortos_cc32xx.a : startup_cc32xx_ccs.oem4 (.text:busFaultHandler)
                  2000e78c    00000028     gpiointerrupt.obj (.text:Button_State_SM)
                  2000e7b4    00000028     driverlib.a : prcm.obj (.text:PRCMPeripheralClkDisable)
                  2000e7dc    00000028     drivers_cc32xx.a : PowerCC32XX.oem4 (.text:Power_registerNotify)
                  2000e804    00000028     rtsv7M4_T_le_eabi.lib : memory.c.obj (.text:free_list_insert)
                  2000e82c    00000026     drivers_cc32xx.a : List.oem4 (.text:List_put)
                  2000e852    00000026                      : List.oem4 (.text:List_remove)
                  2000e878    00000024     nortos_cc32xx.a : HwiPCC32XX_nortos.oem4 (.text:HwiP_dispatch)
                  2000e89c    00000024     rtsv7M4_T_le_eabi.lib : boot_cortex_m.c.obj (.text:_c_int00_noargs:_c_int00_noargs)
                  2000e8c0    00000020     nortos_cc32xx.a : HwiPCC32XX_nortos.oem4 (.text:HwiP_destruct)
                  2000e8e0    00000020     drivers_cc32xx.a : PowerCC32XX.oem4 (.text:Power_unregisterNotify)
                  2000e900    0000001e     driverlib.a : timer.obj (.text:TimerDisable)
                  2000e91e    0000001e                 : timer.obj (.text:TimerEnable)
                  2000e93c    0000001c                 : pin.obj (.text:PinToPadGet)
                  2000e958    0000001c     nortos_cc32xx.a : SwiP_nortos.oem4 (.text:SwiP_disable)
                  2000e974    0000001c     rtsv7M4_T_le_eabi.lib : copy_zero_init.c.obj (.text:decompress:ZI:__TI_zero_init_nomemset:__TI_zero_init_nomemset)
                  2000e990    0000001c                           : memory.c.obj (.text:free_list_remove)
                  2000e9ac    0000001a     nortos_cc32xx.a : SemaphoreP_nortos.oem4 (.text:SemaphoreP_createBinary)
                  2000e9c6    00000002                     : SemaphoreP_nortos.oem4 (.text:clkFxn)
                  2000e9c8    0000001a                     : startup_cc32xx_ccs.oem4 (.text:resetISR)
                  2000e9e2    00000002                     : startup_cc32xx_ccs.oem4 (.text:defaultHandler)
                  2000e9e4    00000018     drivers_cc32xx.a : PowerCC32XX.oem4 (.text:Power_getTransitionLatency)
                  2000e9fc    00000018                      : PowerCC32XX.oem4 (.text:Power_idleFunc)
                  2000ea14    00000018                      : TimerCC32XX.oem4 (.text:TimerCC32XX_getCount)
                  2000ea2c    00000018     driverlib.a : timer.obj (.text:TimerIntDisable)
                  2000ea44    00000018                 : timer.obj (.text:TimerIntEnable)
                  2000ea5c    00000018     rtsv7M4_T_le_eabi.lib : ll_mul_t2.asm.obj (.text)
                  2000ea74    00000016     driverlib.a : prcm.obj (.text:PRCMHIBRegRead)
                  2000ea8a    00000016                 : prcm.obj (.text:PRCMHIBRegWrite)
                  2000eaa0    00000016     nortos_cc32xx.a : SemaphoreP_nortos.oem4 (.text:SemaphoreP_create)
                  2000eab6    00000014     driverlib.a : cpu.obj (.text:CPUcpsid)
                  2000eaca    00000002     nortos_cc32xx.a : startup_cc32xx_ccs.oem4 (.text:faultISR)
                  2000eacc    00000014                     : HwiPCC32XX_nortos.oem4 (.text:HwiP_inISR)
                  2000eae0    00000014     driverlib.a : interrupt.obj (.text:IntVTableBaseSet)
                  2000eaf4    00000014     drivers_cc32xx.a : PowerCC32XX.oem4 (.text:Power_disablePolicy)
                  2000eb08    00000014                      : PowerCC32XX.oem4 (.text:Power_getDependencyCount)
                  2000eb1c    00000012     nortos_cc32xx.a : HwiPCC32XX_nortos.oem4 (.text:HwiP_Params_init)
                  2000eb2e    00000012     driverlib.a : timer.obj (.text:TimerIntClear)
                  2000eb40    00000012     main_nortos.obj (.text:main)
                  2000eb52    00000010     ti_drivers_config.obj (.text:Board_init)
                  2000eb62    00000010     nortos_cc32xx.a : ClockPSysTick_nortos.oem4 (.text:ClockP_add)
                  2000eb72    00000002                     : startup_cc32xx_ccs.oem4 (.text:nmiISR)
                  2000eb74    00000010                     : ClockPSysTick_nortos.oem4 (.text:ClockP_getCpuFreq)
                  2000eb84    00000010                     : ClockPSysTick_nortos.oem4 (.text:ClockP_getSystemTicks)
                  2000eb94    00000010                     : ClockPSysTick_nortos.oem4 (.text:ClockP_setTicks)
                  2000eba4    00000010                     : HwiPCC32XX_nortos.oem4 (.text:HwiP_delete)
                  2000ebb4    00000010                     : HwiPCC32XX_nortos.oem4 (.text:HwiP_restore)
                  2000ebc4    00000010     drivers_cc32xx.a : PowerCC32XX.oem4 (.text:Power_enablePolicy)
                  2000ebd4    00000010     nortos_cc32xx.a : SemaphoreP_nortos.oem4 (.text:SemaphoreP_Params_init)
                  2000ebe4    00000010     drivers_cc32xx.a : Timer.oem4 (.text:Timer_Params_init)
                  2000ebf4    0000000e     nortos_cc32xx.a : HwiPCC32XX_nortos.oem4 (.text:HwiP_clearInterrupt)
                  2000ec02    0000000e                     : HwiPCC32XX_nortos.oem4 (.text:HwiP_disable)
                  2000ec10    0000000e                     : HwiPCC32XX_nortos.oem4 (.text:HwiP_enable)
                  2000ec1e    0000000e     rtsv7M4_T_le_eabi.lib : copy_decompress_none.c.obj (.text:decompress:none:__TI_decompress_none)
                  2000ec2c    0000000c     drivers_cc32xx.a : PowerCC32XX.oem4 (.text:Power_getConstraintMask)
                  2000ec38    0000000c     gpiointerrupt.obj (.text:gpioButtonFxn0)
                  2000ec44    0000000c     gpiointerrupt.obj (.text:gpioButtonFxn1)
                  2000ec50    0000000c     drivers_cc32xx.a : TimerCC32XX.oem4 (.text:postNotifyFxn)
                  2000ec5c    0000000c     gpiointerrupt.obj (.text:timerCallBack)
                  2000ec68    0000000a     nortos_cc32xx.a : ClockPSysTick_nortos.oem4 (.text:ClockP_isActive)
                  2000ec72    0000000a     driverlib.a : interrupt.obj (.text:IntMasterDisable)
                  2000ec7c    0000000a     drivers_cc32xx.a : Timer.oem4 (.text:Timer_start)
                  2000ec86    00000008     rtsv7M4_T_le_eabi.lib : memory.c.obj (.text:malloc)
                  2000ec8e    00000006     drivers_cc32xx.a : TimerCC32XX.oem4 (.text:TimerCC32XX_control)
                  2000ec94    00000006     driverlib.a : utils.obj (.text:UtilsDelay)
                  2000ec9a    00000004     nortos_cc32xx.a : HwiPCC32XX_nortos.oem4 (.text:HwiP_post)
                  2000ec9e    00000004                     : SemaphoreP_nortos.oem4 (.text:SemaphoreP_delete)
                  2000eca2    00000004     rtsv7M4_T_le_eabi.lib : pre_init.c.obj (.text:_system_pre_init)
                  2000eca6    00000004                           : exit.c.obj (.text:abort:abort)
                  2000ecaa    00000002                           : div0.asm.obj (.text)

.const     0    2000f2b4    000002e8     
                  2000f2b4    00000100     driverlib.a : pin.obj (.const:g_ulPinToPadMap)
                  2000f3b4    000000a8                 : prcm.obj (.const:PRCM_PeriphRegsList)
                  2000f45c    00000044     ti_drivers_config.obj (.const:PowerCC32XX_config)
                  2000f4a0    00000021     drivers_cc32xx.a : GPIOCC32XX.oem4 (.const:.string:pinTable)
                  2000f4c1    00000003     --HOLE-- [fill = 0]
                  2000f4c4    00000020                      : TimerCC32XX.oem4 (.const:TimerCC32XX_fxnTable)
                  2000f4e4    00000018     driverlib.a : interrupt.obj (.const:g_pulEnRegs)
                  2000f4fc    00000018                 : interrupt.obj (.const:g_pulPendRegs)
                  2000f514    00000014     ti_drivers_config.obj (.const:GPIOCC32XX_config)
                  2000f528    00000014     drivers_cc32xx.a : GPIOCC32XX.oem4 (.const:gpioBaseAddresses)
                  2000f53c    00000014                      : GPIOCC32XX.oem4 (.const:powerResources)
                  2000f550    00000010     ti_drivers_config.obj (.const:timerCC32XXHWAttrs)
                  2000f560    0000000c     ti_drivers_config.obj (.const:Timer_config)
                  2000f56c    0000000c     drivers_cc32xx.a : Timer.oem4 (.const:defaultParams)
                  2000f578    00000008                      : GPIOCC32XX.oem4 (.const:outPinTypes)
                  2000f580    00000006                      : GPIOCC32XX.oem4 (.const:.string:interruptType)
                  2000f586    00000006                      : GPIOCC32XX.oem4 (.const:inPinTypes)
                  2000f58c    00000006                      : GPIOCC32XX.oem4 (.const:outPinStrengths)
                  2000f592    00000006     ti_drivers_config.obj (.const)
                  2000f598    00000004     drivers_cc32xx.a : GPIOCC32XX.oem4 (.const:.string:portInterruptIds)

.cinit     0    2000f760    00000110     
                  2000f760    000000e8     (.cinit..data.load) [load image, compression = lzss]
                  2000f848    0000000c     (__TI_handler_table)
                  2000f854    00000004     --HOLE-- [fill = 0]
                  2000f858    00000008     (.cinit..bss.load) [load image, compression = zero_init]
                  2000f860    00000010     (__TI_cinit_table)

.init_array 
*          0    20004000    00000000     UNINITIALIZED

.ramVecs   0    20000000    0000030c     NOLOAD SECTION
                  20000000    0000030c     nortos_cc32xx.a : startup_cc32xx_ccs.oem4 (.ramVecs)

.stack     0    20003000    00001000     UNINITIALIZED
                  20003000    00000004     rtsv7M4_T_le_eabi.lib : boot_cortex_m.c.obj (.stack)
                  20003004    00000ffc     --HOLE--

.resetVecs 
*          0    20004000    00000040     
                  20004000    00000040     nortos_cc32xx.a : startup_cc32xx_ccs.oem4 (.resetVecs:retain)

.sysmem    0    20004040    00008000     UNINITIALIZED
                  20004040    00000010     rtsv7M4_T_le_eabi.lib : memory.c.obj (.sysmem)
                  20004050    00007ff0     --HOLE--

.data      0    2000ecac    00000608     UNINITIALIZED
                  2000ecac    0000030c     nortos_cc32xx.a : HwiPCC32XX_nortos.oem4 (.data:HwiP_dispatchTable)
                  2000efb8    0000016c     drivers_cc32xx.a : PowerCC32XX.oem4 (.data:PowerCC32XX_module)
                  2000f124    000000f8     ti_drivers_config.obj (.data:parkInfo)
                  2000f21c    00000022     gpiointerrupt.obj (.data:sosMsgArray)
                  2000f23e    0000001c     gpiointerrupt.obj (.data:okMsgArray)
                  2000f25a    00000001     drivers_cc32xx.a : Timer.oem4 (.data)
                  2000f25b    00000001     --HOLE--
                  2000f25c    00000010     ti_drivers_config.obj (.data:gpioCallbackFunctions)
                  2000f26c    00000010     ti_drivers_config.obj (.data:gpioPinConfigs)
                  2000f27c    00000009     drivers_cc32xx.a : GPIOCC32XX.oem4 (.data)
                  2000f285    00000003     nortos_cc32xx.a : SemaphoreP_nortos.oem4 (.data)
                  2000f288    00000008     rtsv7M4_T_le_eabi.lib : _lock.c.obj (.data:$O1$$)
                  2000f290    00000008                           : memory.c.obj (.data:$O1$$)
                  2000f298    00000008     nortos_cc32xx.a : SemaphoreP_nortos.oem4 (.data:SemaphoreP_defaultParams)
                  2000f2a0    00000008                     : HwiPCC32XX_nortos.oem4 (.data)
                  2000f2a8    00000005                     : ClockPSysTick_nortos.oem4 (.data)
                  2000f2ad    00000003     --HOLE--
                  2000f2b0    00000004     gpiointerrupt.obj (.data)

.bss       0    2000f5a0    000001c0     UNINITIALIZED
                  2000f5a0    0000012c     (.common:PowerCC32XX_contextSave)
                  2000f6cc    00000034     (.common:timerCC32XXObjects)
                  2000f700    00000020     drivers_cc32xx.a : GPIOCC32XX.oem4 (.bss:gpioCallbackInfo)
                  2000f720    00000014                      : GPIOCC32XX.oem4 (.bss:powerNotifyObj)
                  2000f734    00000004                      : GPIOCC32XX.oem4 (.bss)
                  2000f738    00000010     (.common:ClockP_ctrl)
                  2000f748    0000000d     nortos_cc32xx.a : SwiP_nortos.oem4 (.bss)
                  2000f755    00000001     (.common:Button_Press)
                  2000f756    00000001     (.common:LED_State)
                  2000f757    00000001     (.common:Message_State)
                  2000f758    00000004                     : ClockPSysTick_nortos.oem4 (.bss)
                  2000f75c    00000004     drivers_cc32xx.a : TimerCC32XX.oem4 (.bss:timerState)

.log_data 
*          0    90000000    00000000     COPY SECTION

__llvm_prf_cnts 
*          0    20004000    00000000     UNINITIALIZED

MODULE SUMMARY

       Module                       code    ro data   rw data
       ------                       ----    -------   -------
    .\
       gpiointerrupt.obj            484     0         69     
       main_nortos.obj              18      0         0      
    +--+----------------------------+-------+---------+---------+
       Total:                       502     0         69     
                                                             
    .\syscfg\
       ti_drivers_config.obj        18      122       332    
    +--+----------------------------+-------+---------+---------+
       Total:                       18      122       332    
                                                             
    C:/ti/simplelink_cc32xx_sdk_4_30_00_06/kernel/nortos/lib/ccs/m4/nortos_cc32xx.a
       HwiPCC32XX_nortos.oem4       366     0         788    
       startup_cc32xx_ccs.oem4      90      64        780    
       ClockPSysTick_nortos.oem4    582     0         25     
       PowerCC32XX_nortos.oem4      472     0         0      
       SemaphoreP_nortos.oem4       378     0         11     
       SwiP_nortos.oem4             96      0         13     
    +--+----------------------------+-------+---------+---------+
       Total:                       1984    64        1617   
                                                             
    C:/ti/simplelink_cc32xx_sdk_4_30_00_06/source/ti/devices/cc32xx/driverlib/ccs/Release/driverlib.a
       prcm.obj                     1604    168       0      
       pin.obj                      280     256       0      
       interrupt.obj                334     48        0      
       timer.obj                    264     0         0      
       flash.obj                    72      0         0      
       cpu.obj                      20      0         0      
       utils.obj                    6       0         0      
    +--+----------------------------+-------+---------+---------+
       Total:                       2580    472       0      
                                                             
    C:/ti/simplelink_cc32xx_sdk_4_30_00_06/source/ti/drivers/lib/ccs/m4/drivers_cc32xx.a
       PowerCC32XX.oem4             2300    0         664    
       GPIOCC32XX.oem4              1208    103       65     
       TimerCC32XX.oem4             1132    32        4      
       Timer.oem4                   158     12        1      
       PowerCC32XX_asm.oem4         150     0         0      
       List.oem4                    76      0         0      
    +--+----------------------------+-------+---------+---------+
       Total:                       5024    147       734    
                                                             
    C:\ti\ccs1010\ccs\tools\compiler\ti-cgt-arm_20.2.7.LTS\lib\rtsv7M4_T_le_eabi.lib
       memory.c.obj                 672     0         8      
       memcpy_t2.asm.obj            156     0         0      
       ull_div_t2.asm.obj           150     0         0      
       copy_decompress_lzss.c.obj   104     0         0      
       autoinit.c.obj               68      0         0      
       boot_cortex_m.c.obj          36      0         0      
       copy_zero_init.c.obj         28      0         0      
       ll_mul_t2.asm.obj            24      0         0      
       copy_decompress_none.c.obj   14      0         0      
       _lock.c.obj                  2       0         8      
       exit.c.obj                   4       0         0      
       pre_init.c.obj               4       0         0      
       div0.asm.obj                 2       0         0      
    +--+----------------------------+-------+---------+---------+
       Total:                       1264    0         16     
                                                             
       Heap:                        0       0         32768  
       Stack:                       0       0         4096   
       Linker Generated:            0       268       0      
    +--+----------------------------+-------+---------+---------+
       Grand Total:                 11372   1073      39632  


LINKER GENERATED COPY TABLES

__TI_cinit_table @ 2000f860 records: 2, size/record: 8, table size: 16
	.data: load addr=2000f760, load size=000000e8 bytes, run addr=2000ecac, run size=00000608 bytes, compression=lzss
	.bss: load addr=2000f858, load size=00000008 bytes, run addr=2000f5a0, run size=000001c0 bytes, compression=zero_init


LINKER GENERATED HANDLER TABLE

__TI_handler_table @ 2000f848 records: 3, size/record: 4, table size: 12
	index: 0, handler: __TI_decompress_lzss
	index: 1, handler: __TI_decompress_none
	index: 2, handler: __TI_zero_init


GLOBAL SYMBOLS: SORTED ALPHABETICALLY BY Name 

address   name                             
-------   ----                             
2000eb53  Board_init                       
2000d2b7  Board_initHook                   
2000f755  Button_Press                     
2000e78d  Button_State_SM                  
2000eca7  C$$EXIT                          
2000f592  CONFIG_GPIO_BUTTON_0_CONST       
2000f593  CONFIG_GPIO_BUTTON_1_CONST       
2000f594  CONFIG_GPIO_LED_0_CONST          
2000f595  CONFIG_GPIO_LED_1_CONST          
2000f596  CONFIG_TIMER_0_CONST             
2000eab7  CPUcpsid                         
2000eb63  ClockP_add                       
2000f738  ClockP_ctrl                      
2000e36d  ClockP_destruct                  
2000dd85  ClockP_doTick                    
2000eb75  ClockP_getCpuFreq                
2000eb85  ClockP_getSystemTicks            
2000e5a9  ClockP_getTicksUntilInterrupt    
2000ec69  ClockP_isActive                  
2000eb95  ClockP_setTicks                  
2000e6ad  ClockP_start                     
2000e5dd  ClockP_startup                   
2000e111  ClockP_stop                      
2000dd85  ClockP_sysTickHandler            
2000f2a8  ClockP_tickPeriod                
2000dfa9  FlashDisable                     
2000f514  GPIOCC32XX_config                
2000dec5  GPIO_enableInt                   
2000d781  GPIO_hwiIntFxn                   
2000cd79  GPIO_init                        
2000da75  GPIO_setCallback                 
2000c46d  GPIO_setConfig                   
2000db2d  GPIO_write                       
2000eb1d  HwiP_Params_init                 
2000ebf5  HwiP_clearInterrupt              
2000d349  HwiP_construct                   
2000e70d  HwiP_create                      
2000eba5  HwiP_delete                      
2000e8c1  HwiP_destruct                    
2000ec03  HwiP_disable                     
2000e879  HwiP_dispatch                    
2000ec11  HwiP_enable                      
2000eacd  HwiP_inISR                       
2000f2a0  HwiP_key                         
2000ec9b  HwiP_post                        
2000ebb5  HwiP_restore                     
2000f2a4  HwiP_swiPIntNum                  
UNDEFED   ITM_flush                        
UNDEFED   ITM_restore                      
2000cefd  IntEnable                        
2000ec73  IntMasterDisable                 
2000d461  IntPendSet                       
2000eae1  IntVTableBaseSet                 
2000f756  LED_State                        
2000dc8d  LED_State_SM                     
2000e82d  List_put                         
2000e853  List_remove                      
2000f757  Message_State                    
2000d3d5  Message_State_SM                 
2000ec11  NoRTOS_start                     
2000c041  PRCMCC3200MCUInit                
2000ea75  PRCMHIBRegRead                   
2000ea8b  PRCMHIBRegWrite                  
2000dff1  PRCMLPDSEnter                    
2000e459  PRCMLPDSEnterKeepDebugIf         
2000e155  PRCMLPDSRestoreInfoSet           
2000e7b5  PRCMPeripheralClkDisable         
2000e039  PRCMPeripheralClkEnable          
2000db85  PRCMPeripheralReset              
2000da15  PRCMSysResetCauseGet             
2000d4e9  PinConfigSet                     
2000e611  PinModeGet                       
2000e2ed  PinModeSet                       
2000e93d  PinToPadGet                      
2000f45c  PowerCC32XX_config               
2000cfa5  PowerCC32XX_configureWakeup      
2000f5a0  PowerCC32XX_contextSave          
2000e199  PowerCC32XX_enterLPDS            
2000dc8b  PowerCC32XX_initPolicy           
2000efb8  PowerCC32XX_module               
2000df11  PowerCC32XX_parkPin              
2000e6dd  PowerCC32XX_restoreParkedPin     
2000dce1  PowerCC32XX_resumeLPDS           
2000d9b1  PowerCC32XX_setParkState         
2000c651  PowerCC32XX_sleepPolicy          
2000eaf5  Power_disablePolicy              
2000ebc5  Power_enablePolicy               
2000ec2d  Power_getConstraintMask          
2000eb09  Power_getDependencyCount         
2000e9e5  Power_getTransitionLatency       
2000e9fd  Power_idleFunc                   
2000d5f9  Power_init                       
2000e7dd  Power_registerNotify             
2000e081  Power_releaseConstraint          
2000dbdd  Power_releaseDependency          
2000e3a9  Power_setConstraint              
2000d701  Power_setDependency              
2000c935  Power_sleep                      
2000e8e1  Power_unregisterNotify           
2000ebd5  SemaphoreP_Params_init           
2000ddd5  SemaphoreP_construct             
2000eaa1  SemaphoreP_create                
2000e9ad  SemaphoreP_createBinary          
2000f298  SemaphoreP_defaultParams         
2000ec9f  SemaphoreP_delete                
2000d04d  SemaphoreP_pend                  
2000e1dd  SemaphoreP_post                  
2000e959  SwiP_disable                     
2000e221  SwiP_restore                     
2000de25  TimerCC32XX_allocateTimerResource
2000e3e5  TimerCC32XX_close                
2000ec8f  TimerCC32XX_control              
2000e645  TimerCC32XX_freeTimerResource    
2000f4c4  TimerCC32XX_fxnTable             
2000ea15  TimerCC32XX_getCount             
2000e10f  TimerCC32XX_init                 
2000ca6d  TimerCC32XX_open                 
2000d571  TimerCC32XX_setPeriod            
2000d7f9  TimerCC32XX_start                
2000dc35  TimerCC32XX_stop                 
2000e571  TimerControlStall                
2000e901  TimerDisable                     
2000e91f  TimerEnable                      
2000eb2f  TimerIntClear                    
2000ea2d  TimerIntDisable                  
2000ea45  TimerIntEnable                   
2000e737  TimerLoadSet                     
2000e761  TimerPrescaleSet                 
2000ebe5  Timer_Params_init                
2000f560  Timer_config                     
2000f597  Timer_count                      
2000e265  Timer_init                       
2000e32d  Timer_open                       
2000ec7d  Timer_start                      
2000ec95  UtilsDelay                       
20004000  __STACK_END                      
00001000  __STACK_SIZE                     
00008000  __SYSMEM_SIZE                    
2000f860  __TI_CINIT_Base                  
2000f870  __TI_CINIT_Limit                 
2000f848  __TI_Handler_Table_Base          
2000f854  __TI_Handler_Table_Limit         
2000e2a9  __TI_auto_init_nobinit_nopinit   
2000d8e1  __TI_decompress_lzss             
2000ec1f  __TI_decompress_none             
ffffffff  __TI_pprof_out_hndl              
ffffffff  __TI_prof_data_size              
ffffffff  __TI_prof_data_start             
2000f760  __TI_static_base__               
2000e975  __TI_zero_init_nomemset          
2000ecab  __aeabi_idiv0                    
2000ecab  __aeabi_ldiv0                    
2000ea5d  __aeabi_lmul                     
2000d0ed  __aeabi_memcpy                   
2000d0ed  __aeabi_memcpy4                  
2000d0ed  __aeabi_memcpy8                  
2000d221  __aeabi_uldivmod                 
ffffffff  __binit__                        
ffffffff  __c_args__                       
UNDEFED   __mpu_init                       
20003000  __stack                          
20004000  __start___llvm_prf_cnts          
20004000  __stop___llvm_prf_cnts           
2000e89d  _c_int00_noargs                  
2000f288  _lock                            
2000e5a7  _nop                             
20004040  _sys_memory                      
UNDEFED   _system_post_cinit               
2000eca3  _system_pre_init                 
2000f28c  _unlock                          
2000eca7  abort                            
2000cb95  aligned_alloc                    
ffffffff  binit                            
2000e9c7  clkFxn                           
2000cc95  free                             
2000ec39  gpioButtonFxn0                   
2000ec45  gpioButtonFxn1                   
2000f25c  gpioCallbackFunctions            
2000f26c  gpioPinConfigs                   
2000f2b0  i                                
2000f586  inPinTypes                       
2000de75  initTimer                        
2000e501  initVectors                      
2000eb41  main                             
2000d949  mainThread                       
2000ec87  malloc                           
2000cb95  memalign                         
2000d0ed  memcpy                           
2000f23e  okMsgArray                       
2000f58c  outPinStrengths                  
2000f578  outPinTypes                      
2000f124  parkInfo                         
2000e9c9  resetISR                         
2000e9dc  resetVectorAddr                  
20004000  resetVectors                     
2000f21c  sosMsgArray                      
2000f550  timerCC32XXHWAttrs               
2000f6cc  timerCC32XXObjects               
2000ec5d  timerCallBack                    


GLOBAL SYMBOLS: SORTED BY Symbol Address 

address   name                             
-------   ----                             
00001000  __STACK_SIZE                     
00008000  __SYSMEM_SIZE                    
20003000  __stack                          
20004000  __STACK_END                      
20004000  __start___llvm_prf_cnts          
20004000  __stop___llvm_prf_cnts           
20004000  resetVectors                     
20004040  _sys_memory                      
2000c041  PRCMCC3200MCUInit                
2000c46d  GPIO_setConfig                   
2000c651  PowerCC32XX_sleepPolicy          
2000c935  Power_sleep                      
2000ca6d  TimerCC32XX_open                 
2000cb95  aligned_alloc                    
2000cb95  memalign                         
2000cc95  free                             
2000cd79  GPIO_init                        
2000cefd  IntEnable                        
2000cfa5  PowerCC32XX_configureWakeup      
2000d04d  SemaphoreP_pend                  
2000d0ed  __aeabi_memcpy                   
2000d0ed  __aeabi_memcpy4                  
2000d0ed  __aeabi_memcpy8                  
2000d0ed  memcpy                           
2000d221  __aeabi_uldivmod                 
2000d2b7  Board_initHook                   
2000d349  HwiP_construct                   
2000d3d5  Message_State_SM                 
2000d461  IntPendSet                       
2000d4e9  PinConfigSet                     
2000d571  TimerCC32XX_setPeriod            
2000d5f9  Power_init                       
2000d701  Power_setDependency              
2000d781  GPIO_hwiIntFxn                   
2000d7f9  TimerCC32XX_start                
2000d8e1  __TI_decompress_lzss             
2000d949  mainThread                       
2000d9b1  PowerCC32XX_setParkState         
2000da15  PRCMSysResetCauseGet             
2000da75  GPIO_setCallback                 
2000db2d  GPIO_write                       
2000db85  PRCMPeripheralReset              
2000dbdd  Power_releaseDependency          
2000dc35  TimerCC32XX_stop                 
2000dc8b  PowerCC32XX_initPolicy           
2000dc8d  LED_State_SM                     
2000dce1  PowerCC32XX_resumeLPDS           
2000dd85  ClockP_doTick                    
2000dd85  ClockP_sysTickHandler            
2000ddd5  SemaphoreP_construct             
2000de25  TimerCC32XX_allocateTimerResource
2000de75  initTimer                        
2000dec5  GPIO_enableInt                   
2000df11  PowerCC32XX_parkPin              
2000dfa9  FlashDisable                     
2000dff1  PRCMLPDSEnter                    
2000e039  PRCMPeripheralClkEnable          
2000e081  Power_releaseConstraint          
2000e10f  TimerCC32XX_init                 
2000e111  ClockP_stop                      
2000e155  PRCMLPDSRestoreInfoSet           
2000e199  PowerCC32XX_enterLPDS            
2000e1dd  SemaphoreP_post                  
2000e221  SwiP_restore                     
2000e265  Timer_init                       
2000e2a9  __TI_auto_init_nobinit_nopinit   
2000e2ed  PinModeSet                       
2000e32d  Timer_open                       
2000e36d  ClockP_destruct                  
2000e3a9  Power_setConstraint              
2000e3e5  TimerCC32XX_close                
2000e459  PRCMLPDSEnterKeepDebugIf         
2000e501  initVectors                      
2000e571  TimerControlStall                
2000e5a7  _nop                             
2000e5a9  ClockP_getTicksUntilInterrupt    
2000e5dd  ClockP_startup                   
2000e611  PinModeGet                       
2000e645  TimerCC32XX_freeTimerResource    
2000e6ad  ClockP_start                     
2000e6dd  PowerCC32XX_restoreParkedPin     
2000e70d  HwiP_create                      
2000e737  TimerLoadSet                     
2000e761  TimerPrescaleSet                 
2000e78d  Button_State_SM                  
2000e7b5  PRCMPeripheralClkDisable         
2000e7dd  Power_registerNotify             
2000e82d  List_put                         
2000e853  List_remove                      
2000e879  HwiP_dispatch                    
2000e89d  _c_int00_noargs                  
2000e8c1  HwiP_destruct                    
2000e8e1  Power_unregisterNotify           
2000e901  TimerDisable                     
2000e91f  TimerEnable                      
2000e93d  PinToPadGet                      
2000e959  SwiP_disable                     
2000e975  __TI_zero_init_nomemset          
2000e9ad  SemaphoreP_createBinary          
2000e9c7  clkFxn                           
2000e9c9  resetISR                         
2000e9dc  resetVectorAddr                  
2000e9e5  Power_getTransitionLatency       
2000e9fd  Power_idleFunc                   
2000ea15  TimerCC32XX_getCount             
2000ea2d  TimerIntDisable                  
2000ea45  TimerIntEnable                   
2000ea5d  __aeabi_lmul                     
2000ea75  PRCMHIBRegRead                   
2000ea8b  PRCMHIBRegWrite                  
2000eaa1  SemaphoreP_create                
2000eab7  CPUcpsid                         
2000eacd  HwiP_inISR                       
2000eae1  IntVTableBaseSet                 
2000eaf5  Power_disablePolicy              
2000eb09  Power_getDependencyCount         
2000eb1d  HwiP_Params_init                 
2000eb2f  TimerIntClear                    
2000eb41  main                             
2000eb53  Board_init                       
2000eb63  ClockP_add                       
2000eb75  ClockP_getCpuFreq                
2000eb85  ClockP_getSystemTicks            
2000eb95  ClockP_setTicks                  
2000eba5  HwiP_delete                      
2000ebb5  HwiP_restore                     
2000ebc5  Power_enablePolicy               
2000ebd5  SemaphoreP_Params_init           
2000ebe5  Timer_Params_init                
2000ebf5  HwiP_clearInterrupt              
2000ec03  HwiP_disable                     
2000ec11  HwiP_enable                      
2000ec11  NoRTOS_start                     
2000ec1f  __TI_decompress_none             
2000ec2d  Power_getConstraintMask          
2000ec39  gpioButtonFxn0                   
2000ec45  gpioButtonFxn1                   
2000ec5d  timerCallBack                    
2000ec69  ClockP_isActive                  
2000ec73  IntMasterDisable                 
2000ec7d  Timer_start                      
2000ec87  malloc                           
2000ec8f  TimerCC32XX_control              
2000ec95  UtilsDelay                       
2000ec9b  HwiP_post                        
2000ec9f  SemaphoreP_delete                
2000eca3  _system_pre_init                 
2000eca7  C$$EXIT                          
2000eca7  abort                            
2000ecab  __aeabi_idiv0                    
2000ecab  __aeabi_ldiv0                    
2000efb8  PowerCC32XX_module               
2000f124  parkInfo                         
2000f21c  sosMsgArray                      
2000f23e  okMsgArray                       
2000f25c  gpioCallbackFunctions            
2000f26c  gpioPinConfigs                   
2000f288  _lock                            
2000f28c  _unlock                          
2000f298  SemaphoreP_defaultParams         
2000f2a0  HwiP_key                         
2000f2a4  HwiP_swiPIntNum                  
2000f2a8  ClockP_tickPeriod                
2000f2b0  i                                
2000f45c  PowerCC32XX_config               
2000f4c4  TimerCC32XX_fxnTable             
2000f514  GPIOCC32XX_config                
2000f550  timerCC32XXHWAttrs               
2000f560  Timer_config                     
2000f578  outPinTypes                      
2000f586  inPinTypes                       
2000f58c  outPinStrengths                  
2000f592  CONFIG_GPIO_BUTTON_0_CONST       
2000f593  CONFIG_GPIO_BUTTON_1_CONST       
2000f594  CONFIG_GPIO_LED_0_CONST          
2000f595  CONFIG_GPIO_LED_1_CONST          
2000f596  CONFIG_TIMER_0_CONST             
2000f597  Timer_count                      
2000f5a0  PowerCC32XX_contextSave          
2000f6cc  timerCC32XXObjects               
2000f738  ClockP_ctrl                      
2000f755  Button_Press                     
2000f756  LED_State                        
2000f757  Message_State                    
2000f760  __TI_static_base__               
2000f848  __TI_Handler_Table_Base          
2000f854  __TI_Handler_Table_Limit         
2000f860  __TI_CINIT_Base                  
2000f870  __TI_CINIT_Limit                 
ffffffff  __TI_pprof_out_hndl              
ffffffff  __TI_prof_data_size              
ffffffff  __TI_prof_data_start             
ffffffff  __binit__                        
ffffffff  __c_args__                       
ffffffff  binit                            
UNDEFED   ITM_flush                        
UNDEFED   ITM_restore                      
UNDEFED   __mpu_init                       
UNDEFED   _system_post_cinit               

[199 symbols]
