******************************************************************************
                  TI ARM Linker PC v20.2.7                     
******************************************************************************
>> Linked Sun Dec 15 13:44:45 2024

OUTPUT FILE NAME:   <gpiointerrupt_CC3220S_LAUNCHXL_nortos_ccs.out>
ENTRY POINT SYMBOL: "resetISR"  address: 200122fd


MEMORY CONFIGURATION

         name            origin    length      used     unused   attr    fill
----------------------  --------  ---------  --------  --------  ----  --------
  SRAM2                 20000000   00004000  0000130c  00002cf4  RW X
  SRAM                  20004000   0003c000  0000f88e  0002c772  RW X
  LOG_DATA              90000000   00040000  00000000  00040000  R   


SEGMENT ALLOCATION MAP

run origin  load origin   length   init length attrs members
----------  ----------- ---------- ----------- ----- -------
20003000    20003000    00001000   00000000    rw-
  20003000    20003000    00001000   00000000    rw- .stack
20004000    20004000    00000040   00000040    r--
  20004000    20004000    00000040   00000040    r-- .resetVecs
20004040    20004040    00008000   00000000    rw-
  20004040    20004040    00008000   00000000    rw- .sysmem
2000c040    2000c040    00006820   00006820    r-x
  2000c040    2000c040    00006820   00006820    r-x .text
20012860    20012860    000005d8   00000000    rw-
  20012860    20012860    000005d8   00000000    rw- .data
20012e38    20012e38    0000052a   0000052a    r--
  20012e38    20012e38    0000052a   0000052a    r-- .const
20013368    20013368    0000043c   00000000    rw-
  20013368    20013368    0000043c   00000000    rw- .bss
200137a8    200137a8    000000f0   000000f0    r--
  200137a8    200137a8    000000f0   000000f0    r-- .cinit


SECTION ALLOCATION MAP

 output                                  attributes/
section   page    origin      length       input sections
--------  ----  ----------  ----------   ----------------
.text      0    2000c040    00006820     
                  2000c040    00000a4e     rtsv7M4_T_le_eabi.lib : _printfi.c.obj (.text:__TI_printfi)
                  2000ca8e    00000002     ti_drivers_config.obj (.text:Board_initHook)
                  2000ca90    0000042c     driverlib.a : prcm.obj (.text:PRCMCC3200MCUInit)
                  2000cebc    00000288     drivers_cc32xx.a : UARTCC32XX.oem4 (.text:UARTCC32XX_open)
                  2000d144    00000268     rtsv7M4_T_le_eabi.lib : _printfi.c.obj (.text:_pconv_a)
                  2000d3ac    00000250     gpiointerrupt.obj (.text:initI2C)
                  2000d5fc    000001e4     drivers_cc32xx.a : GPIOCC32XX.oem4 (.text:GPIO_setConfig)
                  2000d7e0    000001cc     rtsv7M4_T_le_eabi.lib : _printfi.c.obj (.text:_pconv_g)
                  2000d9ac    000001b6                           : fd_add_t2.asm.obj (.text)
                  2000db62    00000002     drivers_cc32xx.a : I2C.oem4 (.text:I2C_init)
                  2000db64    000001a0     gpiointerrupt.obj (.text:mainThread)
                  2000dd04    0000019c     nortos_cc32xx.a : PowerCC32XX_nortos.oem4 (.text:PowerCC32XX_sleepPolicy)
                  2000dea0    00000148     drivers_cc32xx.a : I2CCC32XX.oem4 (.text:I2CCC32XX_hwiFxn)
                  2000dfe8    00000148                      : PowerCC32XX.oem4 (.text:parkPins)
                  2000e130    0000013c     rtsv7M4_T_le_eabi.lib : _printfi.c.obj (.text:_pconv_e)
                  2000e26c    00000138     drivers_cc32xx.a : PowerCC32XX.oem4 (.text:Power_sleep)
                  2000e3a4    00000136     rtsv7M4_T_le_eabi.lib : fd_div_t2.asm.obj (.text)
                  2000e4da    00000002     nortos_cc32xx.a : PowerCC32XX_nortos.oem4 (.text:PowerCC32XX_initPolicy)
                  2000e4dc    00000128     drivers_cc32xx.a : TimerCC32XX.oem4 (.text:TimerCC32XX_open)
                  2000e604    00000122                      : I2C.oem4 (.text:I2C_transferTimeout)
                  2000e726    00000002                      : TimerCC32XX.oem4 (.text:TimerCC32XX_init)
                  2000e728    00000120                      : UARTCC32XX.oem4 (.text:UARTCC32XX_close)
                  2000e848    00000120     rtsv7M4_T_le_eabi.lib : _printfi.c.obj (.text:fcvt)
                  2000e968    00000120     gpiointerrupt.obj (.text:readTemp)
                  2000ea88    00000100     rtsv7M4_T_le_eabi.lib : memory.c.obj (.text:aligned_alloc)
                  2000eb88    000000fc     drivers_cc32xx.a : I2CCC32XX.oem4 (.text:I2C_open)
                  2000ec84    000000fc     rtsv7M4_T_le_eabi.lib : fd_mul_t2.asm.obj (.text)
                  2000ed80    000000f2     drivers_cc32xx.a : UARTCC32XX.oem4 (.text:UARTCC32XX_control)
                  2000ee72    00000002                      : UARTCC32XX.oem4 (.text:UARTCC32XX_init)
                  2000ee74    000000e4     rtsv7M4_T_le_eabi.lib : memory.c.obj (.text:free)
                  2000ef58    000000d0                           : s_scalbn.c.obj (.text:scalbn)
                  2000f028    000000ca     drivers_cc32xx.a : UARTCC32XX.oem4 (.text:UARTCC32XX_write)
                  2000f0f2    00000002     rtsv7M4_T_le_eabi.lib : _lock.c.obj (.text:_nop)
                  2000f0f4    000000c4     drivers_cc32xx.a : GPIOCC32XX.oem4 (.text:GPIO_init)
                  2000f1b8    000000c0                      : PowerCC32XX.oem4 (.text:restoreParkedPins)
                  2000f278    000000ba                      : UARTCC32XX.oem4 (.text:UARTCC32XX_readPolling)
                  2000f332    00000002     nortos_cc32xx.a : startup_cc32xx_ccs.oem4 (.text:busFaultHandler)
                  2000f334    000000b8     drivers_cc32xx.a : UARTCC32XX.oem4 (.text:initHw)
                  2000f3ec    000000b6                      : UARTCC32XX.oem4 (.text:readTaskCallback)
                  2000f4a2    000000b2                      : I2CCC32XX.oem4 (.text:I2CCC32XX_completeTransfer)
                  2000f554    000000b1     rtsv7M4_T_le_eabi.lib : _printfi.c.obj (.text:_ltostr)
                  2000f605    00000001     --HOLE-- [fill = 0]
                  2000f606    000000b0     drivers_cc32xx.a : UARTCC32XX.oem4 (.text:readTaskBlocking)
                  2000f6b6    000000ae                      : UARTCC32XX.oem4 (.text:readIsrTextBlocking)
                  2000f764    000000a8                      : I2CCC32XX.oem4 (.text:I2CCC32XX_primeWriteBurst)
                  2000f80c    000000a8     driverlib.a : interrupt.obj (.text:IntEnable)
                  2000f8b4    000000a8     drivers_cc32xx.a : PowerCC32XX.oem4 (.text:PowerCC32XX_configureWakeup)
                  2000f95c    000000a2                      : UARTCC32XX.oem4 (.text:readIsrTextCallback)
                  2000f9fe    000000a2                      : UARTCC32XX.oem4 (.text:writeData)
                  2000faa0    000000a0     nortos_cc32xx.a : SemaphoreP_nortos.oem4 (.text:SemaphoreP_pend)
                  2000fb40    0000009c     drivers_cc32xx.a : I2CCC32XX.oem4 (.text:I2CCC32XX_initHw)
                  2000fbdc    0000009c     rtsv7M4_T_le_eabi.lib : memcpy_t2.asm.obj (.text)
                  2000fc78    00000098     gpiointerrupt.obj (.text:TickFct_Display)
                  2000fd10    00000098     drivers_cc32xx.a : GPIOCC32XX.oem4 (.text:powerNotifyFxn)
                  2000fda8    00000096     rtsv7M4_T_le_eabi.lib : ull_div_t2.asm.obj (.text)
                  2000fe3e    00000002     nortos_cc32xx.a : SemaphoreP_nortos.oem4 (.text:clkFxn)
                  2000fe40    00000090     drivers_cc32xx.a : PowerCC32XX.oem4 (.text:restoreNVICRegs)
                  2000fed0    0000008c     nortos_cc32xx.a : HwiPCC32XX_nortos.oem4 (.text:HwiP_construct)
                  2000ff5c    0000008c     gpiointerrupt.obj (.text:TaskManager)
                  2000ffe8    00000088     driverlib.a : interrupt.obj (.text:IntPendSet)
                  20010070    00000088                 : pin.obj (.text:PinConfigSet)
                  200100f8    00000088     drivers_cc32xx.a : TimerCC32XX.oem4 (.text:TimerCC32XX_setPeriod)
                  20010180    00000086     rtsv7M4_T_le_eabi.lib : fd_cmp_t2.asm.obj (.text:__aeabi_cdcmple)
                  20010206    00000086                           : fd_cmp_t2.asm.obj (.text:__aeabi_cdrcmple)
                  2001028c    00000084     drivers_cc32xx.a : PowerCC32XX.oem4 (.text:Power_init)
                  20010310    00000084                      : PowerCC32XX.oem4 (.text:saveNVICRegs)
                  20010394    00000080                      : PowerCC32XX.oem4 (.text:Power_setDependency)
                  20010414    0000007c                      : UARTCC32XX.oem4 (.text:readIsrBinaryBlocking)
                  20010490    0000007a                      : I2CCC32XX.oem4 (.text:I2CCC32XX_primeReadBurst)
                  2001050a    0000007a     rtsv7M4_T_le_eabi.lib : fs_mul_t2.asm.obj (.text)
                  20010584    0000007a                           : memset_t2.asm.obj (.text)
                  200105fe    00000002     nortos_cc32xx.a : startup_cc32xx_ccs.oem4 (.text:defaultHandler)
                  20010600    00000078     drivers_cc32xx.a : GPIOCC32XX.oem4 (.text:GPIO_hwiIntFxn)
                  20010678    00000078     gpiointerrupt.obj (.text:TickFct_Button)
                  200106f0    00000078     drivers_cc32xx.a : TimerCC32XX.oem4 (.text:TimerCC32XX_start)
                  20010768    00000078                      : UARTCC32XX.oem4 (.text:readIsrBinaryCallback)
                  200107e0    00000074                      : UARTCC32XX.oem4 (.text:UARTCC32XX_hwiIntFxn)
                  20010854    00000070     rtsv7M4_T_le_eabi.lib : memory.c.obj (.text:split)
                  200108c4    0000006e                           : _printfi.c.obj (.text:_mcpy)
                  20010932    0000006a     drivers_cc32xx.a : I2CCC32XX.oem4 (.text:I2CSupport_primeTransfer)
                  2001099c    00000068     gpiointerrupt.obj (.text:TickFct_LED)
                  20010a04    00000068     rtsv7M4_T_le_eabi.lib : copy_decompress_lzss.c.obj (.text:decompress:lzss:__TI_decompress_lzss)
                  20010a6c    00000066     drivers_cc32xx.a : UARTCC32XX.oem4 (.text:UARTCC32XX_writeCancel)
                  20010ad2    00000002     nortos_cc32xx.a : startup_cc32xx_ccs.oem4 (.text:faultISR)
                  20010ad4    00000064     drivers_cc32xx.a : PowerCC32XX.oem4 (.text:PowerCC32XX_setParkState)
                  20010b38    00000062                      : UARTCC32XX.oem4 (.text:UARTCC32XX_writePolling)
                  20010b9a    00000002     nortos_cc32xx.a : startup_cc32xx_ccs.oem4 (.text:nmiISR)
                  20010b9c    00000060     driverlib.a : prcm.obj (.text:PRCMSysResetCauseGet)
                  20010bfc    00000060     gpiointerrupt.obj (.text:initUART)
                  20010c5c    0000005c     drivers_cc32xx.a : GPIOCC32XX.oem4 (.text:GPIO_setCallback)
                  20010cb8    0000005c     rtsv7M4_T_le_eabi.lib : s_frexp.c.obj (.text:frexp)
                  20010d14    0000005c     nortos_cc32xx.a : ClockPSysTick_nortos.oem4 (.text:sysTickInit)
                  20010d70    00000058     drivers_cc32xx.a : GPIOCC32XX.oem4 (.text:GPIO_write)
                  20010dc8    00000058     driverlib.a : prcm.obj (.text:PRCMPeripheralReset)
                  20010e20    00000058     drivers_cc32xx.a : PowerCC32XX.oem4 (.text:Power_releaseDependency)
                  20010e78    00000056                      : TimerCC32XX.oem4 (.text:TimerCC32XX_stop)
                  20010ece    00000056     rtsv7M4_T_le_eabi.lib : _printfi.c.obj (.text:_pconv_f)
                  20010f24    00000054                           : _ltoa.c.obj (.text:__TI_ltoa)
                  20010f78    00000054     gpiointerrupt.obj (.text:initTimer)
                  20010fcc    00000054     drivers_cc32xx.a : UARTCC32XX.oem4 (.text:ringBufGet)
                  20011020    00000052                      : PowerCC32XX_asm.oem4 (.text:PowerCC32XX_resumeLPDS)
                  20011072    00000052     rtsv7M4_T_le_eabi.lib : _printfi.c.obj (.text:_ecpy)
                  200110c4    00000052     drivers_cc32xx.a : TimerCC32XX.oem4 (.text:initHw)
                  20011116    00000002     rtsv7M4_T_le_eabi.lib : div0.asm.obj (.text)
                  20011118    00000050     nortos_cc32xx.a : ClockPSysTick_nortos.oem4 (.text:ClockP_sysTickHandler)
                  20011168    00000050                     : SemaphoreP_nortos.oem4 (.text:SemaphoreP_construct)
                  200111b8    00000050     drivers_cc32xx.a : TimerCC32XX.oem4 (.text:TimerCC32XX_allocateTimerResource)
                  20011208    0000004c                      : GPIOCC32XX.oem4 (.text:GPIO_enableInt)
                  20011254    0000004c                      : I2CCC32XX.oem4 (.text:I2CCC32XX_readRecieveFifo)
                  200112a0    0000004c                      : PowerCC32XX.oem4 (.text:PowerCC32XX_parkPin)
                  200112ec    0000004c     rtsv7M4_T_le_eabi.lib : atoi.c.obj (.text:atoi)
                  20011338    0000004c     drivers_cc32xx.a : PowerCC32XX.oem4 (.text:restorePeriphClocks)
                  20011384    0000004c     rtsv7M4_T_le_eabi.lib : snprintf.c.obj (.text:snprintf)
                  200113d0    00000048     driverlib.a : flash.obj (.text:FlashDisable)
                  20011418    00000048                 : prcm.obj (.text:PRCMLPDSEnter)
                  20011460    00000048                 : prcm.obj (.text:PRCMPeripheralClkEnable)
                  200114a8    00000048     drivers_cc32xx.a : PowerCC32XX.oem4 (.text:Power_releaseConstraint)
                  200114f0    00000048     rtsv7M4_T_le_eabi.lib : fd_toi_t2.asm.obj (.text)
                  20011538    00000046     drivers_cc32xx.a : RingBuf.oem4 (.text:RingBuf_put)
                  2001157e    00000046                      : TimerCC32XX.oem4 (.text:getPrescaler)
                  200115c4    00000044     nortos_cc32xx.a : ClockPSysTick_nortos.oem4 (.text:ClockP_stop)
                  20011608    00000044     driverlib.a : prcm.obj (.text:PRCMLPDSRestoreInfoSet)
                  2001164c    00000044     drivers_cc32xx.a : PowerCC32XX_asm.oem4 (.text:PowerCC32XX_enterLPDS)
                  20011690    00000044     nortos_cc32xx.a : SemaphoreP_nortos.oem4 (.text:SemaphoreP_post)
                  200116d4    00000044                     : SwiP_nortos.oem4 (.text:SwiP_restore)
                  20011718    00000044     drivers_cc32xx.a : Timer.oem4 (.text:Timer_init)
                  2001175c    00000044                      : UART.oem4 (.text:UART_init)
                  200117a0    00000044     rtsv7M4_T_le_eabi.lib : autoinit.c.obj (.text:__TI_auto_init_nobinit_nopinit:__TI_auto_init_nobinit_nopinit)
                  200117e4    00000040     nortos_cc32xx.a : ClockPSysTick_nortos.oem4 (.text:ClockP_construct)
                  20011824    00000040     driverlib.a : pin.obj (.text:PinModeSet)
                  20011864    00000040     drivers_cc32xx.a : RingBuf.oem4 (.text:RingBuf_get)
                  200118a4    00000040                      : Timer.oem4 (.text:Timer_open)
                  200118e4    00000040                      : UARTCC32XX.oem4 (.text:UARTCC32XX_read)
                  20011924    00000040                      : UART.oem4 (.text:UART_open)
                  20011964    0000003e     rtsv7M4_T_le_eabi.lib : _printfi.c.obj (.text:_fcpy)
                  200119a2    00000002     --HOLE-- [fill = 0]
                  200119a4    0000003c     nortos_cc32xx.a : ClockPSysTick_nortos.oem4 (.text:ClockP_destruct)
                  200119e0    0000003c     drivers_cc32xx.a : PowerCC32XX.oem4 (.text:Power_setConstraint)
                  20011a1c    0000003a                      : TimerCC32XX.oem4 (.text:TimerCC32XX_close)
                  20011a56    0000003a     nortos_cc32xx.a : PowerCC32XX_nortos.oem4 (.text:getCountsRTC)
                  20011a90    00000038     driverlib.a : prcm.obj (.text:PRCMLPDSEnterKeepDebugIf)
                  20011ac8    00000038     gpiointerrupt.obj (.text:TickFct_Temp)
                  20011b00    00000038     drivers_cc32xx.a : TimerCC32XX.oem4 (.text:TimerCC32XX_hwiIntFunction)
                  20011b38    00000038     nortos_cc32xx.a : ClockPSysTick_nortos.oem4 (.text:addToList)
                  20011b70    00000038     gpiointerrupt.obj (.text:gpioButtonFxn1)
                  20011ba8    00000038     nortos_cc32xx.a : startup_cc32xx_ccs.oem4 (.text:initVectors)
                  20011be0    00000038     drivers_cc32xx.a : PowerCC32XX.oem4 (.text:notify)
                  20011c18    00000038     rtsv7M4_T_le_eabi.lib : fs_toi_t2.asm.obj (.text)
                  20011c50    00000038                           : i_tofs_t2.asm.obj (.text)
                  20011c88    00000036     driverlib.a : timer.obj (.text:TimerControlStall)
                  20011cbe    00000036     drivers_cc32xx.a : UARTCC32XX.oem4 (.text:UARTCC32XX_readCancel)
                  20011cf4    00000034     nortos_cc32xx.a : ClockPSysTick_nortos.oem4 (.text:ClockP_getTicksUntilInterrupt)
                  20011d28    00000034                     : ClockPSysTick_nortos.oem4 (.text:ClockP_startup)
                  20011d5c    00000034     driverlib.a : pin.obj (.text:PinModeGet)
                  20011d90    00000034     drivers_cc32xx.a : PowerCC32XX.oem4 (.text:PowerCC32XX_restoreParkState)
                  20011dc4    00000034                      : TimerCC32XX.oem4 (.text:TimerCC32XX_freeTimerResource)
                  20011df8    00000034                      : TimerCC32XX.oem4 (.text:getPowerMgrId)
                  20011e2c    00000030     nortos_cc32xx.a : ClockPSysTick_nortos.oem4 (.text:ClockP_start)
                  20011e5c    00000030     drivers_cc32xx.a : PowerCC32XX.oem4 (.text:PowerCC32XX_restoreParkedPin)
                  20011e8c    00000030     rtsv7M4_T_le_eabi.lib : snprintf.c.obj (.text:_outs)
                  20011ebc    0000002e                           : i_tofd_t2.asm.obj (.text)
                  20011eea    00000002     --HOLE-- [fill = 0]
                  20011eec    0000002c     drivers_cc32xx.a : PowerCC32XX.oem4 (.text:PowerCC32XX_getParkState)
                  20011f18    0000002a     nortos_cc32xx.a : HwiPCC32XX_nortos.oem4 (.text:HwiP_create)
                  20011f42    0000002a     driverlib.a : timer.obj (.text:TimerLoadSet)
                  20011f6c    0000002a                 : timer.obj (.text:TimerPrescaleSet)
                  20011f96    00000028                 : i2c.obj (.text:I2CFIFODataPutNonBlocking)
                  20011fbe    00000002     --HOLE-- [fill = 0]
                  20011fc0    00000028                 : prcm.obj (.text:PRCMPeripheralClkDisable)
                  20011fe8    00000028     drivers_cc32xx.a : PowerCC32XX.oem4 (.text:Power_registerNotify)
                  20012010    00000028     rtsv7M4_T_le_eabi.lib : memory.c.obj (.text:free_list_insert)
                  20012038    00000026     driverlib.a : i2c.obj (.text:I2CFIFODataGetNonBlocking)
                  2001205e    00000026     drivers_cc32xx.a : I2C.oem4 (.text:I2C_cancel)
                  20012084    00000026                      : List.oem4 (.text:List_put)
                  200120aa    00000026                      : List.oem4 (.text:List_remove)
                  200120d0    00000024     nortos_cc32xx.a : HwiPCC32XX_nortos.oem4 (.text:HwiP_dispatch)
                  200120f4    00000024     drivers_cc32xx.a : PowerCC32XX.oem4 (.text:PowerCC32XX_reset)
                  20012118    00000024     rtsv7M4_T_le_eabi.lib : boot_cortex_m.c.obj (.text:_c_int00_noargs:_c_int00_noargs)
                  2001213c    00000022     driverlib.a : i2c.obj (.text:I2CMasterSlaveAddrSet)
                  2001215e    00000020     nortos_cc32xx.a : HwiPCC32XX_nortos.oem4 (.text:HwiP_destruct)
                  2001217e    00000002     --HOLE-- [fill = 0]
                  20012180    00000020     drivers_cc32xx.a : PowerCC32XX.oem4 (.text:Power_unregisterNotify)
                  200121a0    00000020                      : RingBuf.oem4 (.text:RingBuf_peek)
                  200121c0    00000020                      : UARTCC32XX.oem4 (.text:getPowerMgrId)
                  200121e0    0000001e     driverlib.a : i2c.obj (.text:I2CMasterIntStatusEx)
                  200121fe    0000001e     nortos_cc32xx.a : SemaphoreP_nortos.oem4 (.text:SemaphoreP_constructBinary)
                  2001221c    0000001e     driverlib.a : timer.obj (.text:TimerDisable)
                  2001223a    0000001e                 : timer.obj (.text:TimerEnable)
                  20012258    0000001c                 : pin.obj (.text:PinToPadGet)
                  20012274    0000001c     nortos_cc32xx.a : SwiP_nortos.oem4 (.text:SwiP_disable)
                  20012290    0000001c     rtsv7M4_T_le_eabi.lib : memory.c.obj (.text:free_list_remove)
                  200122ac    0000001c                           : memccpy.c.obj (.text:memccpy)
                  200122c8    0000001a     nortos_cc32xx.a : ClockPSysTick_nortos.oem4 (.text:ClockP_create)
                  200122e2    0000001a                     : SemaphoreP_nortos.oem4 (.text:SemaphoreP_createBinary)
                  200122fc    0000001a                     : startup_cc32xx_ccs.oem4 (.text:resetISR)
                  20012316    00000018     driverlib.a : i2c.obj (.text:I2CMasterBusBusy)
                  2001232e    00000018                 : i2c.obj (.text:I2CMasterIntDisableEx)
                  20012346    00000018                 : i2c.obj (.text:I2CMasterIntEnableEx)
                  2001235e    00000018                 : i2c.obj (.text:I2CRxFIFOFlush)
                  20012376    00000018                 : i2c.obj (.text:I2CTxFIFOFlush)
                  2001238e    00000002     --HOLE-- [fill = 0]
                  20012390    00000018     drivers_cc32xx.a : PowerCC32XX.oem4 (.text:Power_getTransitionLatency)
                  200123a8    00000018                      : PowerCC32XX.oem4 (.text:Power_idleFunc)
                  200123c0    00000018                      : TimerCC32XX.oem4 (.text:TimerCC32XX_getCount)
                  200123d8    00000018     driverlib.a : timer.obj (.text:TimerIntDisable)
                  200123f0    00000018                 : timer.obj (.text:TimerIntEnable)
                  20012408    00000018                 : uart.obj (.text:UARTBusy)
                  20012420    00000018                 : uart.obj (.text:UARTIntEnable)
                  20012438    00000018     drivers_cc32xx.a : UART.oem4 (.text:UART_Params_init)
                  20012450    00000018     rtsv7M4_T_le_eabi.lib : snprintf.c.obj (.text:_outc)
                  20012468    00000018     gpiointerrupt.obj (.text:gpioButtonFxn0)
                  20012480    00000018     rtsv7M4_T_le_eabi.lib : ll_mul_t2.asm.obj (.text)
                  20012498    00000018     gpiointerrupt.obj (.text:timerCallback)
                  200124b0    00000016     driverlib.a : i2c.obj (.text:I2CMasterBurstLengthSet)
                  200124c6    00000016                 : prcm.obj (.text:PRCMHIBRegRead)
                  200124dc    00000016                 : prcm.obj (.text:PRCMHIBRegWrite)
                  200124f2    00000016     nortos_cc32xx.a : SemaphoreP_nortos.oem4 (.text:SemaphoreP_create)
                  20012508    00000016     rtsv7M4_T_le_eabi.lib : strchr.c.obj (.text:strchr)
                  2001251e    00000014     driverlib.a : cpu.obj (.text:CPUcpsid)
                  20012532    00000002     --HOLE-- [fill = 0]
                  20012534    00000014     nortos_cc32xx.a : HwiPCC32XX_nortos.oem4 (.text:HwiP_inISR)
                  20012548    00000014     drivers_cc32xx.a : I2CCC32XX.oem4 (.text:I2CSupport_masterFinish)
                  2001255c    00000014                      : I2C.oem4 (.text:I2C_transfer)
                  20012570    00000014     driverlib.a : interrupt.obj (.text:IntVTableBaseSet)
                  20012584    00000014     drivers_cc32xx.a : PowerCC32XX.oem4 (.text:Power_disablePolicy)
                  20012598    00000014                      : PowerCC32XX.oem4 (.text:Power_getDependencyCount)
                  200125ac    00000014                      : UARTCC32XX.oem4 (.text:releasePowerConstraint)
                  200125c0    00000014     rtsv7M4_T_le_eabi.lib : strlen.c.obj (.text:strlen)
                  200125d4    00000012     nortos_cc32xx.a : HwiPCC32XX_nortos.oem4 (.text:HwiP_Params_init)
                  200125e6    00000012     driverlib.a : i2c.obj (.text:I2CMasterIntClearEx)
                  200125f8    00000012     drivers_cc32xx.a : RingBuf.oem4 (.text:RingBuf_construct)
                  2001260a    00000012     driverlib.a : timer.obj (.text:TimerIntClear)
                  2001261c    00000012     main_nortos.obj (.text:main)
                  2001262e    00000012     rtsv7M4_T_le_eabi.lib : wcslen.c.obj (.text:wcslen)
                  20012640    00000010     ti_drivers_config.obj (.text:Board_init)
                  20012650    00000010     nortos_cc32xx.a : ClockPSysTick_nortos.oem4 (.text:ClockP_add)
                  20012660    00000010                     : ClockPSysTick_nortos.oem4 (.text:ClockP_delete)
                  20012670    00000010                     : ClockPSysTick_nortos.oem4 (.text:ClockP_getCpuFreq)
                  20012680    00000010                     : ClockPSysTick_nortos.oem4 (.text:ClockP_getSystemTicks)
                  20012690    00000010                     : ClockPSysTick_nortos.oem4 (.text:ClockP_setTicks)
                  200126a0    00000010                     : HwiPCC32XX_nortos.oem4 (.text:HwiP_delete)
                  200126b0    00000010                     : HwiPCC32XX_nortos.oem4 (.text:HwiP_restore)
                  200126c0    00000010     driverlib.a : i2c.obj (.text:I2CFIFOStatus)
                  200126d0    00000010     drivers_cc32xx.a : I2C.oem4 (.text:I2C_Params_init)
                  200126e0    00000010                      : PowerCC32XX.oem4 (.text:Power_enablePolicy)
                  200126f0    00000010     nortos_cc32xx.a : SemaphoreP_nortos.oem4 (.text:SemaphoreP_Params_init)
                  20012700    00000010     drivers_cc32xx.a : Timer.oem4 (.text:Timer_Params_init)
                  20012710    00000010                      : UARTCC32XX.oem4 (.text:readBlockingTimeout)
                  20012720    0000000e     nortos_cc32xx.a : HwiPCC32XX_nortos.oem4 (.text:HwiP_clearInterrupt)
                  2001272e    0000000e                     : HwiPCC32XX_nortos.oem4 (.text:HwiP_disable)
                  2001273c    0000000e                     : HwiPCC32XX_nortos.oem4 (.text:HwiP_disableInterrupt)
                  2001274a    0000000e                     : HwiPCC32XX_nortos.oem4 (.text:HwiP_enable)
                  20012758    0000000e                     : HwiPCC32XX_nortos.oem4 (.text:HwiP_enableInterrupt)
                  20012766    0000000e     drivers_cc32xx.a : I2CCC32XX.oem4 (.text:I2CCC32XX_updateReg)
                  20012774    0000000e                      : RingBuf.oem4 (.text:RingBuf_isFull)
                  20012782    0000000e     rtsv7M4_T_le_eabi.lib : copy_decompress_none.c.obj (.text:decompress:none:__TI_decompress_none)
                  20012790    0000000c     drivers_cc32xx.a : I2CCC32XX.oem4 (.text:I2CCC32XX_postNotify)
                  2001279c    0000000c                      : PowerCC32XX.oem4 (.text:Power_getConstraintMask)
                  200127a8    0000000c     rtsv7M4_T_le_eabi.lib : s_copysign.c.obj (.text:copysign)
                  200127b4    0000000c                           : copy_zero_init.c.obj (.text:decompress:ZI:__TI_zero_init)
                  200127c0    0000000c     drivers_cc32xx.a : TimerCC32XX.oem4 (.text:postNotifyFxn)
                  200127cc    0000000c                      : UARTCC32XX.oem4 (.text:postNotifyFxn)
                  200127d8    0000000a     nortos_cc32xx.a : ClockPSysTick_nortos.oem4 (.text:ClockP_Params_init)
                  200127e2    0000000a                     : ClockPSysTick_nortos.oem4 (.text:ClockP_isActive)
                  200127ec    0000000a     driverlib.a : interrupt.obj (.text:IntMasterDisable)
                  200127f6    0000000a     drivers_cc32xx.a : Timer.oem4 (.text:Timer_start)
                  20012800    0000000a                      : UART.oem4 (.text:UART_write)
                  2001280a    00000008                      : I2CCC32XX.oem4 (.text:I2CCC32XX_blockingCallback)
                  20012812    00000002     --HOLE-- [fill = 0]
                  20012814    00000008     rtsv7M4_T_le_eabi.lib : errno.c.obj (.text:__aeabi_errno_addr)
                  2001281c    00000008                           : memory.c.obj (.text:malloc)
                  20012824    00000008     drivers_cc32xx.a : UARTCC32XX.oem4 (.text:readSemCallback)
                  2001282c    00000008                      : UARTCC32XX.oem4 (.text:writeSemCallback)
                  20012834    00000006                      : I2CCC32XX.oem4 (.text:I2CSupport_powerRelConstraint)
                  2001283a    00000006                      : I2CCC32XX.oem4 (.text:I2CSupport_powerSetConstraint)
                  20012840    00000006                      : TimerCC32XX.oem4 (.text:TimerCC32XX_control)
                  20012846    00000006     driverlib.a : utils.obj (.text:UtilsDelay)
                  2001284c    00000004     nortos_cc32xx.a : ClockPSysTick_nortos.oem4 (.text:ClockP_setTimeout)
                  20012850    00000004                     : HwiPCC32XX_nortos.oem4 (.text:HwiP_post)
                  20012854    00000004                     : SemaphoreP_nortos.oem4 (.text:SemaphoreP_delete)
                  20012858    00000004     rtsv7M4_T_le_eabi.lib : pre_init.c.obj (.text:_system_pre_init)
                  2001285c    00000004                           : exit.c.obj (.text:abort:abort)

.const     0    20012e38    0000052a     
                  20012e38    00000101     rtsv7M4_T_le_eabi.lib : ctype.c.obj (.const:.string:_ctypes_)
                  20012f39    00000003     --HOLE-- [fill = 0]
                  20012f3c    00000100     driverlib.a : pin.obj (.const:g_ulPinToPadMap)
                  2001303c    000000a8                 : prcm.obj (.const:PRCM_PeriphRegsList)
                  200130e4    00000044     ti_drivers_config.obj (.const:PowerCC32XX_config)
                  20013128    00000028     drivers_cc32xx.a : UARTCC32XX.oem4 (.const:UARTCC32XX_fxnTable)
                  20013150    00000024                      : UART.oem4 (.const:UART_defaultParams)
                  20013174    00000024     ti_drivers_config.obj (.const:uartCC32XXHWAttrs0)
                  20013198    00000021     drivers_cc32xx.a : GPIOCC32XX.oem4 (.const:.string:pinTable)
                  200131b9    00000003     --HOLE-- [fill = 0]
                  200131bc    00000020                      : TimerCC32XX.oem4 (.const:TimerCC32XX_fxnTable)
                  200131dc    00000020                      : UARTCC32XX.oem4 (.const:staticFxnTable)
                  200131fc    00000018     driverlib.a : interrupt.obj (.const:g_pulEnRegs)
                  20013214    00000018                 : interrupt.obj (.const:g_pulPendRegs)
                  2001322c    00000018     gpiointerrupt.obj (.const:sensors)
                  20013244    00000014     ti_drivers_config.obj (.const:GPIOCC32XX_config)
                  20013258    00000014     drivers_cc32xx.a : GPIOCC32XX.oem4 (.const:gpioBaseAddresses)
                  2001326c    00000014     ti_drivers_config.obj (.const:i2cCC32XXHWAttrs)
                  20013280    00000014     drivers_cc32xx.a : UARTCC32XX.oem4 (.const:parityType)
                  20013294    00000014                      : GPIOCC32XX.oem4 (.const:powerResources)
                  200132a8    00000010                      : I2C.oem4 (.const:I2C_defaultParams)
                  200132b8    00000010                      : I2CCC32XX.oem4 (.const:I2C_defaultParams)
                  200132c8    00000010                      : UARTCC32XX.oem4 (.const:dataLength)
                  200132d8    00000010     ti_drivers_config.obj (.const:timerCC32XXHWAttrs)
                  200132e8    0000000f     gpiointerrupt.obj (.const:.string:$P$T0$1)
                  200132f7    00000001     --HOLE-- [fill = 0]
                  200132f8    0000000c     gpiointerrupt.obj (.const:.string)
                  20013304    0000000c     ti_drivers_config.obj (.const:Timer_config)
                  20013310    0000000c     ti_drivers_config.obj (.const:UART_config)
                  2001331c    0000000c     drivers_cc32xx.a : Timer.oem4 (.const:defaultParams)
                  20013328    00000009     ti_drivers_config.obj (.const)
                  20013331    00000003     --HOLE-- [fill = 0]
                  20013334    00000008     ti_drivers_config.obj (.const:I2C_config)
                  2001333c    00000008     drivers_cc32xx.a : GPIOCC32XX.oem4 (.const:outPinTypes)
                  20013344    00000008                      : UARTCC32XX.oem4 (.const:stopBits)
                  2001334c    00000006                      : GPIOCC32XX.oem4 (.const:.string:interruptType)
                  20013352    00000006                      : GPIOCC32XX.oem4 (.const:inPinTypes)
                  20013358    00000006                      : GPIOCC32XX.oem4 (.const:outPinStrengths)
                  2001335e    00000004                      : GPIOCC32XX.oem4 (.const:.string:portInterruptIds)

.cinit     0    200137a8    000000f0     
                  200137a8    000000cb     (.cinit..data.load) [load image, compression = lzss]
                  20013873    00000001     --HOLE-- [fill = 0]
                  20013874    0000000c     (__TI_handler_table)
                  20013880    00000008     (.cinit..bss.load) [load image, compression = zero_init]
                  20013888    00000010     (__TI_cinit_table)

.init_array 
*          0    20004000    00000000     UNINITIALIZED

.ramVecs   0    20000000    0000030c     NOLOAD SECTION
                  20000000    0000030c     nortos_cc32xx.a : startup_cc32xx_ccs.oem4 (.ramVecs)

.stack     0    20003000    00001000     UNINITIALIZED
                  20003000    00000004     rtsv7M4_T_le_eabi.lib : boot_cortex_m.c.obj (.stack)
                  20003004    00000ffc     --HOLE--

.resetVecs 
*          0    20004000    00000040     
                  20004000    00000040     nortos_cc32xx.a : startup_cc32xx_ccs.oem4 (.resetVecs:retain)

.sysmem    0    20004040    00008000     UNINITIALIZED
                  20004040    00000010     rtsv7M4_T_le_eabi.lib : memory.c.obj (.sysmem)
                  20004050    00007ff0     --HOLE--

.data      0    20012860    000005d8     UNINITIALIZED
                  20012860    0000030c     nortos_cc32xx.a : HwiPCC32XX_nortos.oem4 (.data:HwiP_dispatchTable)
                  20012b6c    0000016c     drivers_cc32xx.a : PowerCC32XX.oem4 (.data:PowerCC32XX_module)
                  20012cd8    000000f8     ti_drivers_config.obj (.data:parkInfo)
                  20012dd0    00000015     gpiointerrupt.obj (.data)
                  20012de5    00000003     nortos_cc32xx.a : SemaphoreP_nortos.oem4 (.data)
                  20012de8    0000000c     ti_drivers_config.obj (.data:gpioCallbackFunctions)
                  20012df4    0000000c     ti_drivers_config.obj (.data:gpioPinConfigs)
                  20012e00    00000009     drivers_cc32xx.a : GPIOCC32XX.oem4 (.data)
                  20012e09    00000001                      : Timer.oem4 (.data)
                  20012e0a    00000001                      : UART.oem4 (.data)
                  20012e0b    00000001     --HOLE--
                  20012e0c    00000008     rtsv7M4_T_le_eabi.lib : _lock.c.obj (.data:$O1$$)
                  20012e14    00000008                           : memory.c.obj (.data:$O1$$)
                  20012e1c    00000008     nortos_cc32xx.a : SemaphoreP_nortos.oem4 (.data:SemaphoreP_defaultParams)
                  20012e24    00000008                     : HwiPCC32XX_nortos.oem4 (.data)
                  20012e2c    00000005                     : ClockPSysTick_nortos.oem4 (.data)
                  20012e31    00000003     --HOLE--
                  20012e34    00000004     rtsv7M4_T_le_eabi.lib : errno.c.obj (.data)

.bss       0    20013368    0000043c     UNINITIALIZED
                  20013368    0000012c     (.common:PowerCC32XX_contextSave)
                  20013494    000000fc     (.common:i2cCC32XXObjects)
                  20013590    00000084     (.common:uartCC32XXObjects0)
                  20013614    00000040     (.common:output)
                  20013654    00000040     (.common:tasks)
                  20013694    00000034     (.common:timerCC32XXObjects)
                  200136c8    00000024     (.common:uartParams)
                  200136ec    00000020     drivers_cc32xx.a : GPIOCC32XX.oem4 (.bss:gpioCallbackInfo)
                  2001370c    00000020     ti_drivers_config.obj (.bss:uartCC32XXRingBuffer0)
                  2001372c    00000020     (.common:i2cTransaction)
                  2001374c    00000014     drivers_cc32xx.a : GPIOCC32XX.oem4 (.bss:powerNotifyObj)
                  20013760    00000010     (.common:ClockP_ctrl)
                  20013770    0000000d     nortos_cc32xx.a : SwiP_nortos.oem4 (.bss)
                  2001377d    00000003     --HOLE--
                  20013780    00000004     drivers_cc32xx.a : GPIOCC32XX.oem4 (.bss)
                  20013784    00000004     nortos_cc32xx.a : ClockPSysTick_nortos.oem4 (.bss)
                  20013788    00000004     drivers_cc32xx.a : TimerCC32XX.oem4 (.bss:timerState)
                  2001378c    00000004     (.common:i2c)
                  20013790    00000004     (.common:rxBuffer)
                  20013794    00000004     (.common:temperature)
                  20013798    00000004     (.common:timer0)
                  2001379c    00000004     (.common:txBuffer)
                  200137a0    00000004     (.common:uart)

.log_data 
*          0    90000000    00000000     COPY SECTION

__llvm_prf_cnts 
*          0    20004000    00000000     UNINITIALIZED

MODULE SUMMARY

       Module                       code    ro data   rw data
       ------                       ----    -------   -------
    .\
       gpiointerrupt.obj            2152    51        241    
       main_nortos.obj              18      0         0      
    +--+----------------------------+-------+---------+---------+
       Total:                       2170    51        241    
                                                             
    .\syscfg\
       ti_drivers_config.obj        18      201       740    
    +--+----------------------------+-------+---------+---------+
       Total:                       18      201       740    
                                                             
    C:/ti/simplelink_cc32xx_sdk_4_30_00_06/kernel/nortos/lib/ccs/m4/nortos_cc32xx.a
       HwiPCC32XX_nortos.oem4       394     0         788    
       startup_cc32xx_ccs.oem4      90      64        780    
       ClockPSysTick_nortos.oem4    702     0         25     
       PowerCC32XX_nortos.oem4      472     0         0      
       SemaphoreP_nortos.oem4       408     0         11     
       SwiP_nortos.oem4             96      0         13     
    +--+----------------------------+-------+---------+---------+
       Total:                       2162    64        1617   
                                                             
    C:/ti/simplelink_cc32xx_sdk_4_30_00_06/source/ti/devices/cc32xx/driverlib/ccs/Release/driverlib.a
       prcm.obj                     1604    168       0      
       pin.obj                      280     256       0      
       interrupt.obj                334     48        0      
       i2c.obj                      318     0         0      
       timer.obj                    264     0         0      
       flash.obj                    72      0         0      
       uart.obj                     48      0         0      
       cpu.obj                      20      0         0      
       utils.obj                    6       0         0      
    +--+----------------------------+-------+---------+---------+
       Total:                       2946    472       0      
                                                             
    C:/ti/simplelink_cc32xx_sdk_4_30_00_06/source/ti/drivers/lib/ccs/m4/drivers_cc32xx.a
       UARTCC32XX.oem4              3466    116       0      
       PowerCC32XX.oem4             2432    0         664    
       I2CCC32XX.oem4               1452    16        0      
       GPIOCC32XX.oem4              1208    103       65     
       TimerCC32XX.oem4             1132    32        4      
       I2C.oem4                     366     16        0      
       UART.oem4                    166     36        1      
       RingBuf.oem4                 198     0         0      
       Timer.oem4                   158     12        1      
       PowerCC32XX_asm.oem4         150     0         0      
       List.oem4                    76      0         0      
    +--+----------------------------+-------+---------+---------+
       Total:                       10804   331       735    
                                                             
    C:\ti\ccs1010\ccs\tools\compiler\ti-cgt-arm_20.2.7.LTS\lib\rtsv7M4_T_le_eabi.lib
       _printfi.c.obj               4835    0         0      
       memory.c.obj                 672     0         8      
       fd_add_t2.asm.obj            438     0         0      
       fd_div_t2.asm.obj            310     0         0      
       fd_cmp_t2.asm.obj            268     0         0      
       ctype.c.obj                  0       257       0      
       fd_mul_t2.asm.obj            252     0         0      
       s_scalbn.c.obj               208     0         0      
       memcpy_t2.asm.obj            156     0         0      
       ull_div_t2.asm.obj           150     0         0      
       snprintf.c.obj               148     0         0      
       fs_mul_t2.asm.obj            122     0         0      
       memset_t2.asm.obj            122     0         0      
       copy_decompress_lzss.c.obj   104     0         0      
       s_frexp.c.obj                92      0         0      
       _ltoa.c.obj                  84      0         0      
       atoi.c.obj                   76      0         0      
       fd_toi_t2.asm.obj            72      0         0      
       autoinit.c.obj               68      0         0      
       fs_toi_t2.asm.obj            56      0         0      
       i_tofs_t2.asm.obj            56      0         0      
       i_tofd_t2.asm.obj            46      0         0      
       boot_cortex_m.c.obj          36      0         0      
       memccpy.c.obj                28      0         0      
       ll_mul_t2.asm.obj            24      0         0      
       strchr.c.obj                 22      0         0      
       strlen.c.obj                 20      0         0      
       wcslen.c.obj                 18      0         0      
       copy_decompress_none.c.obj   14      0         0      
       copy_zero_init.c.obj         12      0         0      
       errno.c.obj                  8       0         4      
       s_copysign.c.obj             12      0         0      
       _lock.c.obj                  2       0         8      
       exit.c.obj                   4       0         0      
       pre_init.c.obj               4       0         0      
       div0.asm.obj                 2       0         0      
    +--+----------------------------+-------+---------+---------+
       Total:                       8541    257       20     
                                                             
       Heap:                        0       0         32768  
       Stack:                       0       0         4096   
       Linker Generated:            0       239       0      
    +--+----------------------------+-------+---------+---------+
       Grand Total:                 26641   1615      40217  


LINKER GENERATED COPY TABLES

__TI_cinit_table @ 20013888 records: 2, size/record: 8, table size: 16
	.data: load addr=200137a8, load size=000000cb bytes, run addr=20012860, run size=000005d8 bytes, compression=lzss
	.bss: load addr=20013880, load size=00000008 bytes, run addr=20013368, run size=0000043c bytes, compression=zero_init


LINKER GENERATED HANDLER TABLE

__TI_handler_table @ 20013874 records: 3, size/record: 4, table size: 12
	index: 0, handler: __TI_decompress_lzss
	index: 1, handler: __TI_decompress_none
	index: 2, handler: __TI_zero_init


GLOBAL SYMBOLS: SORTED ALPHABETICALLY BY Name 

address   name                             
-------   ----                             
20012641  Board_init                       
2000ca8f  Board_initHook                   
2001285d  C$$EXIT                          
20013328  CONFIG_GPIO_BUTTON_0_CONST       
20013329  CONFIG_GPIO_BUTTON_1_CONST       
2001332a  CONFIG_GPIO_LED_0_CONST          
2001332b  CONFIG_I2C_0_CONST               
2001332d  CONFIG_TIMER_0_CONST             
2001332f  CONFIG_UART_0_CONST              
2001251f  CPUcpsid                         
200127d9  ClockP_Params_init               
20012651  ClockP_add                       
200117e5  ClockP_construct                 
200122c9  ClockP_create                    
20013760  ClockP_ctrl                      
20012661  ClockP_delete                    
200119a5  ClockP_destruct                  
20011119  ClockP_doTick                    
20012671  ClockP_getCpuFreq                
20012681  ClockP_getSystemTicks            
20011cf5  ClockP_getTicksUntilInterrupt    
200127e3  ClockP_isActive                  
20012691  ClockP_setTicks                  
2001284d  ClockP_setTimeout                
20011e2d  ClockP_start                     
20011d29  ClockP_startup                   
200115c5  ClockP_stop                      
20011119  ClockP_sysTickHandler            
20012e2c  ClockP_tickPeriod                
200113d1  FlashDisable                     
20013244  GPIOCC32XX_config                
20011209  GPIO_enableInt                   
20010601  GPIO_hwiIntFxn                   
2000f0f5  GPIO_init                        
20010c5d  GPIO_setCallback                 
2000d5fd  GPIO_setConfig                   
20010d71  GPIO_write                       
200125d5  HwiP_Params_init                 
20012721  HwiP_clearInterrupt              
2000fed1  HwiP_construct                   
20011f19  HwiP_create                      
200126a1  HwiP_delete                      
2001215f  HwiP_destruct                    
2001272f  HwiP_disable                     
2001273d  HwiP_disableInterrupt            
200120d1  HwiP_dispatch                    
2001274b  HwiP_enable                      
20012759  HwiP_enableInterrupt             
20012535  HwiP_inISR                       
20012e24  HwiP_key                         
20012851  HwiP_post                        
200126b1  HwiP_restore                     
20012e28  HwiP_swiPIntNum                  
20012039  I2CFIFODataGetNonBlocking        
20011f97  I2CFIFODataPutNonBlocking        
200126c1  I2CFIFOStatus                    
200124b1  I2CMasterBurstLengthSet          
20012317  I2CMasterBusBusy                 
200125e7  I2CMasterIntClearEx              
2001232f  I2CMasterIntDisableEx            
20012347  I2CMasterIntEnableEx             
200121e1  I2CMasterIntStatusEx             
2001213d  I2CMasterSlaveAddrSet            
2001235f  I2CRxFIFOFlush                   
20012549  I2CSupport_masterFinish          
20012835  I2CSupport_powerRelConstraint    
2001283b  I2CSupport_powerSetConstraint    
20010933  I2CSupport_primeTransfer         
20012377  I2CTxFIFOFlush                   
200126d1  I2C_Params_init                  
2001205f  I2C_cancel                       
20013334  I2C_config                       
2001332c  I2C_count                        
200132a8  I2C_defaultParams                
2000db63  I2C_init                         
2000eb89  I2C_open                         
2001255d  I2C_transfer                     
2000e605  I2C_transferTimeout              
UNDEFED   ITM_flush                        
UNDEFED   ITM_restore                      
2000f80d  IntEnable                        
200127ed  IntMasterDisable                 
2000ffe9  IntPendSet                       
20012571  IntVTableBaseSet                 
20012085  List_put                         
200120ab  List_remove                      
2001274b  NoRTOS_start                     
2000ca91  PRCMCC3200MCUInit                
200124c7  PRCMHIBRegRead                   
200124dd  PRCMHIBRegWrite                  
20011419  PRCMLPDSEnter                    
20011a91  PRCMLPDSEnterKeepDebugIf         
20011609  PRCMLPDSRestoreInfoSet           
20011fc1  PRCMPeripheralClkDisable         
20011461  PRCMPeripheralClkEnable          
20010dc9  PRCMPeripheralReset              
20010b9d  PRCMSysResetCauseGet             
20010071  PinConfigSet                     
20011d5d  PinModeGet                       
20011825  PinModeSet                       
20012259  PinToPadGet                      
200130e4  PowerCC32XX_config               
2000f8b5  PowerCC32XX_configureWakeup      
20013368  PowerCC32XX_contextSave          
2001164d  PowerCC32XX_enterLPDS            
20011eed  PowerCC32XX_getParkState         
2000e4db  PowerCC32XX_initPolicy           
20012b6c  PowerCC32XX_module               
200112a1  PowerCC32XX_parkPin              
200120f5  PowerCC32XX_reset                
20011d91  PowerCC32XX_restoreParkState     
20011e5d  PowerCC32XX_restoreParkedPin     
20011021  PowerCC32XX_resumeLPDS           
20010ad5  PowerCC32XX_setParkState         
2000dd05  PowerCC32XX_sleepPolicy          
20012585  Power_disablePolicy              
200126e1  Power_enablePolicy               
2001279d  Power_getConstraintMask          
20012599  Power_getDependencyCount         
20012391  Power_getTransitionLatency       
200123a9  Power_idleFunc                   
2001028d  Power_init                       
20011fe9  Power_registerNotify             
200114a9  Power_releaseConstraint          
20010e21  Power_releaseDependency          
200119e1  Power_setConstraint              
20010395  Power_setDependency              
2000e26d  Power_sleep                      
20012181  Power_unregisterNotify           
200125f9  RingBuf_construct                
20011865  RingBuf_get                      
20012775  RingBuf_isFull                   
200121a1  RingBuf_peek                     
20011539  RingBuf_put                      
200126f1  SemaphoreP_Params_init           
20011169  SemaphoreP_construct             
200121ff  SemaphoreP_constructBinary       
200124f3  SemaphoreP_create                
200122e3  SemaphoreP_createBinary          
20012e1c  SemaphoreP_defaultParams         
20012855  SemaphoreP_delete                
2000faa1  SemaphoreP_pend                  
20011691  SemaphoreP_post                  
20012275  SwiP_disable                     
200116d5  SwiP_restore                     
2000ff5d  TaskManager                      
20010679  TickFct_Button                   
2000fc79  TickFct_Display                  
2001099d  TickFct_LED                      
20011ac9  TickFct_Temp                     
200111b9  TimerCC32XX_allocateTimerResource
20011a1d  TimerCC32XX_close                
20012841  TimerCC32XX_control              
20011dc5  TimerCC32XX_freeTimerResource    
200131bc  TimerCC32XX_fxnTable             
200123c1  TimerCC32XX_getCount             
2000e727  TimerCC32XX_init                 
2000e4dd  TimerCC32XX_open                 
200100f9  TimerCC32XX_setPeriod            
200106f1  TimerCC32XX_start                
20010e79  TimerCC32XX_stop                 
20011c89  TimerControlStall                
2001221d  TimerDisable                     
2001223b  TimerEnable                      
2001260b  TimerIntClear                    
200123d9  TimerIntDisable                  
200123f1  TimerIntEnable                   
20011f43  TimerLoadSet                     
20011f6d  TimerPrescaleSet                 
20012701  Timer_Params_init                
20013304  Timer_config                     
2001332e  Timer_count                      
20011719  Timer_init                       
200118a5  Timer_open                       
200127f7  Timer_start                      
20012409  UARTBusy                         
2000e729  UARTCC32XX_close                 
2000ed81  UARTCC32XX_control               
20013128  UARTCC32XX_fxnTable              
2000ee73  UARTCC32XX_init                  
2000cebd  UARTCC32XX_open                  
200118e5  UARTCC32XX_read                  
20011cbf  UARTCC32XX_readCancel            
2000f279  UARTCC32XX_readPolling           
2000f029  UARTCC32XX_write                 
20010a6d  UARTCC32XX_writeCancel           
20010b39  UARTCC32XX_writePolling          
20012421  UARTIntEnable                    
20012439  UART_Params_init                 
20013310  UART_config                      
20013330  UART_count                       
20013150  UART_defaultParams               
2001175d  UART_init                        
20011925  UART_open                        
20012801  UART_write                       
20012847  UtilsDelay                       
20004000  __STACK_END                      
00001000  __STACK_SIZE                     
00008000  __SYSMEM_SIZE                    
20013888  __TI_CINIT_Base                  
20013898  __TI_CINIT_Limit                 
20013874  __TI_Handler_Table_Base          
20013880  __TI_Handler_Table_Limit         
200117a1  __TI_auto_init_nobinit_nopinit   
20010a05  __TI_decompress_lzss             
20012783  __TI_decompress_none             
20010f25  __TI_ltoa                        
ffffffff  __TI_pprof_out_hndl              
2000c041  __TI_printfi                     
ffffffff  __TI_prof_data_size              
ffffffff  __TI_prof_data_start             
200137a8  __TI_static_base__               
200127b5  __TI_zero_init                   
20010181  __aeabi_cdcmpeq                  
20010181  __aeabi_cdcmple                  
20010207  __aeabi_cdrcmple                 
200114f1  __aeabi_d2iz                     
2000d9b7  __aeabi_dadd                     
2000e3a5  __aeabi_ddiv                     
2000ec85  __aeabi_dmul                     
2000d9ad  __aeabi_dsub                     
20012815  __aeabi_errno_addr               
20011c19  __aeabi_f2iz                     
2001050b  __aeabi_fmul                     
20011ebd  __aeabi_i2d                      
20011c51  __aeabi_i2f                      
20011117  __aeabi_idiv0                    
20011117  __aeabi_ldiv0                    
20012481  __aeabi_lmul                     
20010585  __aeabi_memclr                   
20010585  __aeabi_memclr4                  
20010585  __aeabi_memclr8                  
2000fbdd  __aeabi_memcpy                   
2000fbdd  __aeabi_memcpy4                  
2000fbdd  __aeabi_memcpy8                  
20010587  __aeabi_memset                   
20010587  __aeabi_memset4                  
20010587  __aeabi_memset8                  
2000fda9  __aeabi_uldivmod                 
ffffffff  __binit__                        
ffffffff  __c_args__                       
UNDEFED   __mpu_init                       
20003000  __stack                          
20004000  __start___llvm_prf_cnts          
20004000  __stop___llvm_prf_cnts           
20012119  _c_int00_noargs                  
20012e38  _ctypes_                         
20012e0c  _lock                            
2000f0f3  _nop                             
20004040  _sys_memory                      
UNDEFED   _system_post_cinit               
20012859  _system_pre_init                 
20012e10  _unlock                          
2001285d  abort                            
2000ea89  aligned_alloc                    
200112ed  atoi                             
ffffffff  binit                            
2000fe3f  clkFxn                           
200127a9  copysign                         
200127a9  copysignl                        
20012e34  errno                            
2000ee75  free                             
20010cb9  frexp                            
20010cb9  frexpl                           
20012469  gpioButtonFxn0                   
20011b71  gpioButtonFxn1                   
20012de8  gpioCallbackFunctions            
20012df4  gpioPinConfigs                   
20012dd4  heat                             
2001378c  i2c                              
2001326c  i2cCC32XXHWAttrs                 
20013494  i2cCC32XXObjects                 
2001372c  i2cTransaction                   
20013352  inPinTypes                       
2000d3ad  initI2C                          
20010f79  initTimer                        
20010bfd  initUART                         
20011ba9  initVectors                      
2000ef59  ldexp                            
2000ef59  ldexpl                           
2001261d  main                             
2000db65  mainThread                       
2001281d  malloc                           
2000ea89  memalign                         
200122ad  memccpy                          
2000fbdd  memcpy                           
2001058d  memset                           
20013358  outPinStrengths                  
2001333c  outPinTypes                      
20013614  output                           
20012cd8  parkInfo                         
2000e969  readTemp                         
200122fd  resetISR                         
20012310  resetVectorAddr                  
20004000  resetVectors                     
20013790  rxBuffer                         
2000ef59  scalbn                           
2000ef59  scalbnl                          
20012dd8  seconds                          
20012dd0  setPoint                         
20012ddc  setTempDown                      
20012de0  setTempUp                        
20011385  snprintf                         
20012509  strchr                           
200125c1  strlen                           
20013654  tasks                            
20013794  temperature                      
20013798  timer0                           
200132d8  timerCC32XXHWAttrs               
20013694  timerCC32XXObjects               
20012499  timerCallback                    
20012de4  timerFlag                        
2001379c  txBuffer                         
200137a0  uart                             
20013590  uartCC32XXObjects0               
200136c8  uartParams                       
2001262f  wcslen                           


GLOBAL SYMBOLS: SORTED BY Symbol Address 

address   name                             
-------   ----                             
00001000  __STACK_SIZE                     
00008000  __SYSMEM_SIZE                    
20003000  __stack                          
20004000  __STACK_END                      
20004000  __start___llvm_prf_cnts          
20004000  __stop___llvm_prf_cnts           
20004000  resetVectors                     
20004040  _sys_memory                      
2000c041  __TI_printfi                     
2000ca8f  Board_initHook                   
2000ca91  PRCMCC3200MCUInit                
2000cebd  UARTCC32XX_open                  
2000d3ad  initI2C                          
2000d5fd  GPIO_setConfig                   
2000d9ad  __aeabi_dsub                     
2000d9b7  __aeabi_dadd                     
2000db63  I2C_init                         
2000db65  mainThread                       
2000dd05  PowerCC32XX_sleepPolicy          
2000e26d  Power_sleep                      
2000e3a5  __aeabi_ddiv                     
2000e4db  PowerCC32XX_initPolicy           
2000e4dd  TimerCC32XX_open                 
2000e605  I2C_transferTimeout              
2000e727  TimerCC32XX_init                 
2000e729  UARTCC32XX_close                 
2000e969  readTemp                         
2000ea89  aligned_alloc                    
2000ea89  memalign                         
2000eb89  I2C_open                         
2000ec85  __aeabi_dmul                     
2000ed81  UARTCC32XX_control               
2000ee73  UARTCC32XX_init                  
2000ee75  free                             
2000ef59  ldexp                            
2000ef59  ldexpl                           
2000ef59  scalbn                           
2000ef59  scalbnl                          
2000f029  UARTCC32XX_write                 
2000f0f3  _nop                             
2000f0f5  GPIO_init                        
2000f279  UARTCC32XX_readPolling           
2000f80d  IntEnable                        
2000f8b5  PowerCC32XX_configureWakeup      
2000faa1  SemaphoreP_pend                  
2000fbdd  __aeabi_memcpy                   
2000fbdd  __aeabi_memcpy4                  
2000fbdd  __aeabi_memcpy8                  
2000fbdd  memcpy                           
2000fc79  TickFct_Display                  
2000fda9  __aeabi_uldivmod                 
2000fe3f  clkFxn                           
2000fed1  HwiP_construct                   
2000ff5d  TaskManager                      
2000ffe9  IntPendSet                       
20010071  PinConfigSet                     
200100f9  TimerCC32XX_setPeriod            
20010181  __aeabi_cdcmpeq                  
20010181  __aeabi_cdcmple                  
20010207  __aeabi_cdrcmple                 
2001028d  Power_init                       
20010395  Power_setDependency              
2001050b  __aeabi_fmul                     
20010585  __aeabi_memclr                   
20010585  __aeabi_memclr4                  
20010585  __aeabi_memclr8                  
20010587  __aeabi_memset                   
20010587  __aeabi_memset4                  
20010587  __aeabi_memset8                  
2001058d  memset                           
20010601  GPIO_hwiIntFxn                   
20010679  TickFct_Button                   
200106f1  TimerCC32XX_start                
20010933  I2CSupport_primeTransfer         
2001099d  TickFct_LED                      
20010a05  __TI_decompress_lzss             
20010a6d  UARTCC32XX_writeCancel           
20010ad5  PowerCC32XX_setParkState         
20010b39  UARTCC32XX_writePolling          
20010b9d  PRCMSysResetCauseGet             
20010bfd  initUART                         
20010c5d  GPIO_setCallback                 
20010cb9  frexp                            
20010cb9  frexpl                           
20010d71  GPIO_write                       
20010dc9  PRCMPeripheralReset              
20010e21  Power_releaseDependency          
20010e79  TimerCC32XX_stop                 
20010f25  __TI_ltoa                        
20010f79  initTimer                        
20011021  PowerCC32XX_resumeLPDS           
20011117  __aeabi_idiv0                    
20011117  __aeabi_ldiv0                    
20011119  ClockP_doTick                    
20011119  ClockP_sysTickHandler            
20011169  SemaphoreP_construct             
200111b9  TimerCC32XX_allocateTimerResource
20011209  GPIO_enableInt                   
200112a1  PowerCC32XX_parkPin              
200112ed  atoi                             
20011385  snprintf                         
200113d1  FlashDisable                     
20011419  PRCMLPDSEnter                    
20011461  PRCMPeripheralClkEnable          
200114a9  Power_releaseConstraint          
200114f1  __aeabi_d2iz                     
20011539  RingBuf_put                      
200115c5  ClockP_stop                      
20011609  PRCMLPDSRestoreInfoSet           
2001164d  PowerCC32XX_enterLPDS            
20011691  SemaphoreP_post                  
200116d5  SwiP_restore                     
20011719  Timer_init                       
2001175d  UART_init                        
200117a1  __TI_auto_init_nobinit_nopinit   
200117e5  ClockP_construct                 
20011825  PinModeSet                       
20011865  RingBuf_get                      
200118a5  Timer_open                       
200118e5  UARTCC32XX_read                  
20011925  UART_open                        
200119a5  ClockP_destruct                  
200119e1  Power_setConstraint              
20011a1d  TimerCC32XX_close                
20011a91  PRCMLPDSEnterKeepDebugIf         
20011ac9  TickFct_Temp                     
20011b71  gpioButtonFxn1                   
20011ba9  initVectors                      
20011c19  __aeabi_f2iz                     
20011c51  __aeabi_i2f                      
20011c89  TimerControlStall                
20011cbf  UARTCC32XX_readCancel            
20011cf5  ClockP_getTicksUntilInterrupt    
20011d29  ClockP_startup                   
20011d5d  PinModeGet                       
20011d91  PowerCC32XX_restoreParkState     
20011dc5  TimerCC32XX_freeTimerResource    
20011e2d  ClockP_start                     
20011e5d  PowerCC32XX_restoreParkedPin     
20011ebd  __aeabi_i2d                      
20011eed  PowerCC32XX_getParkState         
20011f19  HwiP_create                      
20011f43  TimerLoadSet                     
20011f6d  TimerPrescaleSet                 
20011f97  I2CFIFODataPutNonBlocking        
20011fc1  PRCMPeripheralClkDisable         
20011fe9  Power_registerNotify             
20012039  I2CFIFODataGetNonBlocking        
2001205f  I2C_cancel                       
20012085  List_put                         
200120ab  List_remove                      
200120d1  HwiP_dispatch                    
200120f5  PowerCC32XX_reset                
20012119  _c_int00_noargs                  
2001213d  I2CMasterSlaveAddrSet            
2001215f  HwiP_destruct                    
20012181  Power_unregisterNotify           
200121a1  RingBuf_peek                     
200121e1  I2CMasterIntStatusEx             
200121ff  SemaphoreP_constructBinary       
2001221d  TimerDisable                     
2001223b  TimerEnable                      
20012259  PinToPadGet                      
20012275  SwiP_disable                     
200122ad  memccpy                          
200122c9  ClockP_create                    
200122e3  SemaphoreP_createBinary          
200122fd  resetISR                         
20012310  resetVectorAddr                  
20012317  I2CMasterBusBusy                 
2001232f  I2CMasterIntDisableEx            
20012347  I2CMasterIntEnableEx             
2001235f  I2CRxFIFOFlush                   
20012377  I2CTxFIFOFlush                   
20012391  Power_getTransitionLatency       
200123a9  Power_idleFunc                   
200123c1  TimerCC32XX_getCount             
200123d9  TimerIntDisable                  
200123f1  TimerIntEnable                   
20012409  UARTBusy                         
20012421  UARTIntEnable                    
20012439  UART_Params_init                 
20012469  gpioButtonFxn0                   
20012481  __aeabi_lmul                     
20012499  timerCallback                    
200124b1  I2CMasterBurstLengthSet          
200124c7  PRCMHIBRegRead                   
200124dd  PRCMHIBRegWrite                  
200124f3  SemaphoreP_create                
20012509  strchr                           
2001251f  CPUcpsid                         
20012535  HwiP_inISR                       
20012549  I2CSupport_masterFinish          
2001255d  I2C_transfer                     
20012571  IntVTableBaseSet                 
20012585  Power_disablePolicy              
20012599  Power_getDependencyCount         
200125c1  strlen                           
200125d5  HwiP_Params_init                 
200125e7  I2CMasterIntClearEx              
200125f9  RingBuf_construct                
2001260b  TimerIntClear                    
2001261d  main                             
2001262f  wcslen                           
20012641  Board_init                       
20012651  ClockP_add                       
20012661  ClockP_delete                    
20012671  ClockP_getCpuFreq                
20012681  ClockP_getSystemTicks            
20012691  ClockP_setTicks                  
200126a1  HwiP_delete                      
200126b1  HwiP_restore                     
200126c1  I2CFIFOStatus                    
200126d1  I2C_Params_init                  
200126e1  Power_enablePolicy               
200126f1  SemaphoreP_Params_init           
20012701  Timer_Params_init                
20012721  HwiP_clearInterrupt              
2001272f  HwiP_disable                     
2001273d  HwiP_disableInterrupt            
2001274b  HwiP_enable                      
2001274b  NoRTOS_start                     
20012759  HwiP_enableInterrupt             
20012775  RingBuf_isFull                   
20012783  __TI_decompress_none             
2001279d  Power_getConstraintMask          
200127a9  copysign                         
200127a9  copysignl                        
200127b5  __TI_zero_init                   
200127d9  ClockP_Params_init               
200127e3  ClockP_isActive                  
200127ed  IntMasterDisable                 
200127f7  Timer_start                      
20012801  UART_write                       
20012815  __aeabi_errno_addr               
2001281d  malloc                           
20012835  I2CSupport_powerRelConstraint    
2001283b  I2CSupport_powerSetConstraint    
20012841  TimerCC32XX_control              
20012847  UtilsDelay                       
2001284d  ClockP_setTimeout                
20012851  HwiP_post                        
20012855  SemaphoreP_delete                
20012859  _system_pre_init                 
2001285d  C$$EXIT                          
2001285d  abort                            
20012b6c  PowerCC32XX_module               
20012cd8  parkInfo                         
20012dd0  setPoint                         
20012dd4  heat                             
20012dd8  seconds                          
20012ddc  setTempDown                      
20012de0  setTempUp                        
20012de4  timerFlag                        
20012de8  gpioCallbackFunctions            
20012df4  gpioPinConfigs                   
20012e0c  _lock                            
20012e10  _unlock                          
20012e1c  SemaphoreP_defaultParams         
20012e24  HwiP_key                         
20012e28  HwiP_swiPIntNum                  
20012e2c  ClockP_tickPeriod                
20012e34  errno                            
20012e38  _ctypes_                         
200130e4  PowerCC32XX_config               
20013128  UARTCC32XX_fxnTable              
20013150  UART_defaultParams               
200131bc  TimerCC32XX_fxnTable             
20013244  GPIOCC32XX_config                
2001326c  i2cCC32XXHWAttrs                 
200132a8  I2C_defaultParams                
200132d8  timerCC32XXHWAttrs               
20013304  Timer_config                     
20013310  UART_config                      
20013328  CONFIG_GPIO_BUTTON_0_CONST       
20013329  CONFIG_GPIO_BUTTON_1_CONST       
2001332a  CONFIG_GPIO_LED_0_CONST          
2001332b  CONFIG_I2C_0_CONST               
2001332c  I2C_count                        
2001332d  CONFIG_TIMER_0_CONST             
2001332e  Timer_count                      
2001332f  CONFIG_UART_0_CONST              
20013330  UART_count                       
20013334  I2C_config                       
2001333c  outPinTypes                      
20013352  inPinTypes                       
20013358  outPinStrengths                  
20013368  PowerCC32XX_contextSave          
20013494  i2cCC32XXObjects                 
20013590  uartCC32XXObjects0               
20013614  output                           
20013654  tasks                            
20013694  timerCC32XXObjects               
200136c8  uartParams                       
2001372c  i2cTransaction                   
20013760  ClockP_ctrl                      
2001378c  i2c                              
20013790  rxBuffer                         
20013794  temperature                      
20013798  timer0                           
2001379c  txBuffer                         
200137a0  uart                             
200137a8  __TI_static_base__               
20013874  __TI_Handler_Table_Base          
20013880  __TI_Handler_Table_Limit         
20013888  __TI_CINIT_Base                  
20013898  __TI_CINIT_Limit                 
ffffffff  __TI_pprof_out_hndl              
ffffffff  __TI_prof_data_size              
ffffffff  __TI_prof_data_start             
ffffffff  __binit__                        
ffffffff  __c_args__                       
ffffffff  binit                            
UNDEFED   ITM_flush                        
UNDEFED   ITM_restore                      
UNDEFED   __mpu_init                       
UNDEFED   _system_post_cinit               

[317 symbols]
